01-11 10:33:12.426 15955 16247 E chromium: [ERROR:tt_multinetwork_manager.cc(113)] TryResolveHostWithCellularNetwork Use system default local host resolver.
01-11 10:33:12.434 15955 16270 I chromium: [INFO:tt_multinetwork_manager.cc(127)] Not resend, state: -1
01-11 10:33:12.435 15955 16270 I chromium: [INFO:host_resolver_manager.cc(2892)] OnHttpDnsTaskComplete:== http dns get request failed. net error is -106, duration = 9
01-11 10:33:12.435 15955 16247 I chromium: [INFO:tt_multinetwork_manager_sub.cc(96)] Resolve failed: multinetwork not enable.
01-11 10:33:12.435 15955 16247 E chromium: [ERROR:tt_multinetwork_manager.cc(113)] TryResolveHostWithCellularNetwork Use system default local host resolver.
01-11 10:33:12.445 15955 16270 I chromium: [INFO:tt_multinetwork_manager.cc(127)] Not resend, state: -1
01-11 10:33:12.446 15955 16270 I chromium: [INFO:route_selection_group.cc(251)] OnGroupSelectionCompleted:===== best_target = ://
01-11 10:33:12.447 15955 16270 I chromium: [INFO:route_selection_group.cc(134)] StartRouteSelectiontt_webview:===== before StartRouteTest, this = 0x7456553ef0
01-11 10:33:12.449 15955 16270 I chromium: [INFO:host_resolver_manager.cc(4375)] IsDomainInWhiteList:== Is TT Domain, domain is api5-normal-hl.toutiaoapi.com, regex pattern is toutiaoapi.com
01-11 10:33:12.450 15955 16270 I chromium: [INFO:host_resolver_manager.cc(4388)] IsDomainHttpDnsBypassed: host is bypassed the httpdns, domain = dig.bdurl.net, regex pattern = dig.bdurl.net
01-11 10:33:12.450 15955 16247 I chromium: [INFO:tt_multinetwork_manager_sub.cc(96)] Resolve failed: multinetwork not enable.
01-11 10:33:12.451 15955 16247 E chromium: [ERROR:tt_multinetwork_manager.cc(113)] TryResolveHostWithCellularNetwork Use system default local host resolver.
01-11 10:33:12.457 15955 16270 I chromium: [INFO:tt_multinetwork_manager.cc(127)] Not resend, state: -1
01-11 10:33:12.458 15955 16270 I chromium: [INFO:host_resolver_manager.cc(2892)] OnHttpDnsTaskComplete:== http dns get request failed. net error is -106, duration = 8
01-11 10:33:12.458 15955 16247 I chromium: [INFO:tt_multinetwork_manager_sub.cc(96)] Resolve failed: multinetwork not enable.
01-11 10:33:12.458 15955 16247 E chromium: [ERROR:tt_multinetwork_manager.cc(113)] TryResolveHostWithCellularNetwork Use system default local host resolver.
01-11 10:33:12.466 15955 16270 I chromium: [INFO:tt_multinetwork_manager.cc(127)] Not resend, state: -1
01-11 10:33:12.469 15955 16270 I chromium: [INFO:host_resolver_manager.cc(4375)] IsDomainInWhiteList:== Is TT Domain, domain is api3-normal-hl.toutiaoapi.com, regex pattern is toutiaoapi.com
01-11 10:33:12.470 15955 16270 I chromium: [INFO:host_resolver_manager.cc(4388)] IsDomainHttpDnsBypassed: host is bypassed the httpdns, domain = dig.bdurl.net, regex pattern = dig.bdurl.net
01-11 10:33:12.470 15955 16247 I chromium: [INFO:tt_multinetwork_manager_sub.cc(96)] Resolve failed: multinetwork not enable.
01-11 10:33:12.470 15955 16247 E chromium: [ERROR:tt_multinetwork_manager.cc(113)] TryResolveHostWithCellularNetwork Use system default local host resolver.
01-11 10:33:12.476 15955 16270 I chromium: [INFO:tt_multinetwork_manager.cc(127)] Not resend, state: -1
01-11 10:33:12.477 15955 16270 I chromium: [INFO:host_resolver_manager.cc(2892)] OnHttpDnsTaskComplete:== http dns get request failed. net error is -106, duration = 7
01-11 10:33:12.477 15955 16247 I chromium: [INFO:tt_multinetwork_manager_sub.cc(96)] Resolve failed: multinetwork not enable.
01-11 10:33:12.477 15955 16247 E chromium: [ERROR:tt_multinetwork_manager.cc(113)] TryResolveHostWithCellularNetwork Use system default local host resolver.
01-11 10:33:12.482 15955 16270 I chromium: [INFO:tt_multinetwork_manager.cc(127)] Not resend, state: -1
01-11 10:33:12.483 15955 16270 I chromium: [INFO:route_selection_group.cc(251)] OnGroupSelectionCompleted:===== best_target = ://
01-11 10:33:12.484 15955 16270 I chromium: [INFO:route_selection_group.cc(134)] StartRouteSelectiontt_webview:===== before StartRouteTest, this = 0x7456553dd0
01-11 10:33:12.486 15955 16270 I chromium: [INFO:host_resolver_manager.cc(4375)] IsDomainInWhiteList:== Is TT Domain, domain is webcast5-wbnormal-hl.toutiaoapi.com, regex pattern is toutiaoapi.com
01-11 10:33:12.487 15955 16270 I chromium: [INFO:host_resolver_manager.cc(4388)] IsDomainHttpDnsBypassed: host is bypassed the httpdns, domain = dig.bdurl.net, regex pattern = dig.bdurl.net
01-11 10:33:12.487 15955 16247 I chromium: [INFO:tt_multinetwork_manager_sub.cc(96)] Resolve failed: multinetwork not enable.
01-11 10:33:12.487 15955 16247 E chromium: [ERROR:tt_multinetwork_manager.cc(113)] TryResolveHostWithCellularNetwork Use system default local host resolver.
01-11 10:33:12.495 15955 16270 I chromium: [INFO:tt_multinetwork_manager.cc(127)] Not resend, state: -1
01-11 10:33:12.496 15955 16270 I chromium: [INFO:host_resolver_manager.cc(2892)] OnHttpDnsTaskComplete:== http dns get request failed. net error is -106, duration = 9
01-11 10:33:12.496 15955 16247 I chromium: [INFO:tt_multinetwork_manager_sub.cc(96)] Resolve failed: multinetwork not enable.
01-11 10:33:12.497 15955 16247 E chromium: [ERROR:tt_multinetwork_manager.cc(113)] TryResolveHostWithCellularNetwork Use system default local host resolver.
01-11 10:33:12.505 15955 16270 I chromium: [INFO:tt_multinetwork_manager.cc(127)] Not resend, state: -1
01-11 10:33:12.508 15955 16270 I chromium: [INFO:host_resolver_manager.cc(4375)] IsDomainInWhiteList:== Is TT Domain, domain is webcast3-wbnormal-hl.toutiaoapi.com, regex pattern is toutiaoapi.com
01-11 10:33:12.509 15955 16270 I chromium: [INFO:host_resolver_manager.cc(4388)] IsDomainHttpDnsBypassed: host is bypassed the httpdns, domain = dig.bdurl.net, regex pattern = dig.bdurl.net
01-11 10:33:12.509 15955 16247 I chromium: [INFO:tt_multinetwork_manager_sub.cc(96)] Resolve failed: multinetwork not enable.
01-11 10:33:12.509 15955 16247 E chromium: [ERROR:tt_multinetwork_manager.cc(113)] TryResolveHostWithCellularNetwork Use system default local host resolver.
01-11 10:33:12.517 15955 16270 I chromium: [INFO:tt_multinetwork_manager.cc(127)] Not resend, state: -1
01-11 10:33:12.519 15955 16270 I chromium: [INFO:host_resolver_manager.cc(2892)] OnHttpDnsTaskComplete:== http dns get request failed. net error is -106, duration = 11
01-11 10:33:12.521 15955 16247 I chromium: [INFO:tt_multinetwork_manager_sub.cc(96)] Resolve failed: multinetwork not enable.
01-11 10:33:12.521 15955 16247 E chromium: [ERROR:tt_multinetwork_manager.cc(113)] TryResolveHostWithCellularNetwork Use system default local host resolver.
01-11 10:33:12.527 15955 16270 I chromium: [INFO:tt_multinetwork_manager.cc(127)] Not resend, state: -1
01-11 10:33:12.528 15955 16270 I chromium: [INFO:route_selection_group.cc(251)] OnGroupSelectionCompleted:===== best_target = ://
01-11 10:33:12.529 15955 16270 I chromium: [INFO:route_selection_group.cc(134)] StartRouteSelectiontt_webview:===== before StartRouteTest, this = 0x7456555330
01-11 10:33:12.531 15955 16270 I chromium: [INFO:host_resolver_manager.cc(4375)] IsDomainInWhiteList:== Is TT Domain, domain is m.baike.com, regex pattern is .*\.baike\.com
01-11 10:33:12.531 15955 16270 I chromium: [INFO:host_resolver_manager.cc(4388)] IsDomainHttpDnsBypassed: host is bypassed the httpdns, domain = dig.bdurl.net, regex pattern = dig.bdurl.net
01-11 10:33:12.532 15955 16247 I chromium: [INFO:tt_multinetwork_manager_sub.cc(96)] Resolve failed: multinetwork not enable.
01-11 10:33:12.532 15955 16247 E chromium: [ERROR:tt_multinetwork_manager.cc(113)] TryResolveHostWithCellularNetwork Use system default local host resolver.
01-11 10:33:12.538 15955 16270 I chromium: [INFO:tt_multinetwork_manager.cc(127)] Not resend, state: -1
01-11 10:33:12.539 15955 16270 I chromium: [INFO:host_resolver_manager.cc(2892)] OnHttpDnsTaskComplete:== http dns get request failed. net error is -106, duration = 8
01-11 10:33:12.539 15955 16247 I chromium: [INFO:tt_multinetwork_manager_sub.cc(96)] Resolve failed: multinetwork not enable.
01-11 10:33:12.539 15955 16247 E chromium: [ERROR:tt_multinetwork_manager.cc(113)] TryResolveHostWithCellularNetwork Use system default local host resolver.
01-11 10:33:12.544 15955 16270 I chromium: [INFO:tt_multinetwork_manager.cc(127)] Not resend, state: -1
01-11 10:33:12.546 15955 16270 I chromium: [INFO:host_resolver_manager.cc(4375)] IsDomainInWhiteList:== Is TT Domain, domain is wiki5.baike.com, regex pattern is .*\.baike\.com
01-11 10:33:12.547 15955 16270 I chromium: [INFO:host_resolver_manager.cc(4388)] IsDomainHttpDnsBypassed: host is bypassed the httpdns, domain = dig.bdurl.net, regex pattern = dig.bdurl.net
01-11 10:33:12.547 15955 16247 I chromium: [INFO:tt_multinetwork_manager_sub.cc(96)] Resolve failed: multinetwork not enable.
01-11 10:33:12.547 15955 16247 E chromium: [ERROR:tt_multinetwork_manager.cc(113)] TryResolveHostWithCellularNetwork Use system default local host resolver.
01-11 10:33:12.554 15955 16270 I chromium: [INFO:tt_multinetwork_manager.cc(127)] Not resend, state: -1
01-11 10:33:12.554 15955 16270 I chromium: [INFO:host_resolver_manager.cc(2892)] OnHttpDnsTaskComplete:== http dns get request failed. net error is -106, duration = 7
01-11 10:33:12.554 15955 16247 I chromium: [INFO:tt_multinetwork_manager_sub.cc(96)] Resolve failed: multinetwork not enable.
01-11 10:33:12.554 15955 16247 E chromium: [ERROR:tt_multinetwork_manager.cc(113)] TryResolveHostWithCellularNetwork Use system default local host resolver.
01-11 10:33:12.560 15955 16270 I chromium: [INFO:tt_multinetwork_manager.cc(127)] Not resend, state: -1
01-11 10:33:12.560 15955 16270 I chromium: [INFO:route_selection_group.cc(251)] OnGroupSelectionCompleted:===== best_target = ://
01-11 10:37:51.431 15955 16270 I chromium: [INFO:conservative_dispatch_strategy.cc(113)] GetTargetURLtt_webview:==== replace host: search5-search.toutiaoapi.com
01-11 10:37:51.435 15955 16270 I chromium: [INFO:host_resolver_manager.cc(4375)] IsDomainInWhiteList:== Is TT Domain, domain is search5-search-lq.toutiaoapi.com, regex pattern is toutiaoapi.com
01-11 10:37:51.438 15955 16270 I chromium: [INFO:conservative_dispatch_strategy.cc(113)] GetTargetURLtt_webview:==== replace host: api5-normal.toutiaoapi.com
01-11 10:37:51.441 15955 16270 I chromium: [INFO:host_resolver_manager.cc(4375)] IsDomainInWhiteList:== Is TT Domain, domain is api5-normal-hl.toutiaoapi.com, regex pattern is toutiaoapi.com
01-11 10:37:51.444 15955 16270 I chromium: [INFO:conservative_dispatch_strategy.cc(113)] GetTargetURLtt_webview:==== replace host: api5-normal.toutiaoapi.com
01-11 10:37:51.449 15955 16270 I chromium: [INFO:host_resolver_manager.cc(4388)] IsDomainHttpDnsBypassed: host is bypassed the httpdns, domain = dig.bdurl.net, regex pattern = dig.bdurl.net
01-11 10:37:51.450 15955 16247 I chromium: [INFO:tt_multinetwork_manager_sub.cc(96)] Resolve failed: multinetwork not enable.
01-11 10:37:51.450 15955 16247 E chromium: [ERROR:tt_multinetwork_manager.cc(113)] TryResolveHostWithCellularNetwork Use system default local host resolver.
01-11 10:37:51.452 15955 16270 I chromium: [INFO:host_resolver_manager.cc(4388)] IsDomainHttpDnsBypassed: host is bypassed the httpdns, domain = dig.bdurl.net, regex pattern = dig.bdurl.net
01-11 10:37:51.468 15955 16270 I chromium: [INFO:tt_multinetwork_manager.cc(127)] Not resend, state: -1
01-11 10:37:51.470 15955 16270 I chromium: [INFO:tt_multinetwork_manager.cc(127)] Not resend, state: -1
01-11 10:37:51.471 15955 16270 I chromium: [INFO:host_resolver_manager.cc(2892)] OnHttpDnsTaskComplete:== http dns get request failed. net error is -106, duration = 35
01-11 10:37:51.471 15955 16270 I chromium: [INFO:host_resolver_manager.cc(2892)] OnHttpDnsTaskComplete:== http dns get request failed. net error is -106, duration = 30
01-11 10:37:51.472 15955 16247 I chromium: [INFO:tt_multinetwork_manager_sub.cc(96)] Resolve failed: multinetwork not enable.
01-11 10:37:51.472 15955 16247 E chromium: [ERROR:tt_multinetwork_manager.cc(113)] TryResolveHostWithCellularNetwork Use system default local host resolver.
01-11 10:37:51.473 15955 16267 I chromium: [INFO:tt_multinetwork_manager_sub.cc(96)] Resolve failed: multinetwork not enable.
01-11 10:37:51.473 15955 16267 E chromium: [ERROR:tt_multinetwork_manager.cc(113)] TryResolveHostWithCellularNetwork Use system default local host resolver.
01-11 10:54:58.361 15955 16270 I chromium: [INFO:conservative_dispatch_strategy.cc(113)] GetTargetURLtt_webview:==== replace host: search5-search.toutiaoapi.com
01-11 10:54:58.365 15955 16270 I chromium: [INFO:host_resolver_manager.cc(4375)] IsDomainInWhiteList:== Is TT Domain, domain is search5-search-lq.toutiaoapi.com, regex pattern is toutiaoapi.com
01-11 10:54:58.371 15955 16270 I chromium: [INFO:conservative_dispatch_strategy.cc(113)] GetTargetURLtt_webview:==== replace host: api5-normal.toutiaoapi.com
01-11 10:54:58.375 15955 16270 I chromium: [INFO:host_resolver_manager.cc(4375)] IsDomainInWhiteList:== Is TT Domain, domain is api5-normal-hl.toutiaoapi.com, regex pattern is toutiaoapi.com
01-11 10:54:58.376 15955 16270 I chromium: [INFO:conservative_dispatch_strategy.cc(76)] GetTargetURLtt_webview:==== host api5-normal.toutiaoapi.com is forbidden: 1
01-11 10:54:58.376 15955 16270 I chromium: [INFO:conservative_dispatch_strategy.cc(113)] GetTargetURLtt_webview:==== replace host: api3-normal.toutiaoapi.com
01-11 10:54:58.379 15955 16270 I chromium: [INFO:host_resolver_manager.cc(4375)] IsDomainInWhiteList:== Is TT Domain, domain is api3-normal-hl.toutiaoapi.com, regex pattern is toutiaoapi.com
01-11 10:54:58.382 15955 16270 I chromium: [INFO:host_resolver_manager.cc(4388)] IsDomainHttpDnsBypassed: host is bypassed the httpdns, domain = dig.bdurl.net, regex pattern = dig.bdurl.net
01-11 10:54:58.383 15955 16267 I chromium: [INFO:tt_multinetwork_manager_sub.cc(96)] Resolve failed: multinetwork not enable.
01-11 10:54:58.383 15955 16267 E chromium: [ERROR:tt_multinetwork_manager.cc(113)] TryResolveHostWithCellularNetwork Use system default local host resolver.
01-11 10:54:58.385 15955 16270 I chromium: [INFO:host_resolver_manager.cc(4388)] IsDomainHttpDnsBypassed: host is bypassed the httpdns, domain = dig.bdurl.net, regex pattern = dig.bdurl.net
01-11 10:54:58.388 15955 16270 I chromium: [INFO:host_resolver_manager.cc(4388)] IsDomainHttpDnsBypassed: host is bypassed the httpdns, domain = dig.bdurl.net, regex pattern = dig.bdurl.net
01-11 10:54:58.397 15955 16270 I chromium: [INFO:tt_multinetwork_manager.cc(127)] Not resend, state: -1
01-11 10:54:58.399 15955 16270 I chromium: [INFO:tt_multinetwork_manager.cc(127)] Not resend, state: -1
01-11 10:54:58.399 15955 16270 I chromium: [INFO:host_resolver_manager.cc(2892)] OnHttpDnsTaskComplete:== http dns get request failed. net error is -106, duration = 33
01-11 10:54:58.400 15955 16270 I chromium: [INFO:host_resolver_manager.cc(2892)] OnHttpDnsTaskComplete:== http dns get request failed. net error is -106, duration = 24
01-11 10:54:58.400 15955 16267 I chromium: [INFO:tt_multinetwork_manager_sub.cc(96)] Resolve failed: multinetwork not enable.
01-11 10:54:58.400 15955 16267 E chromium: [ERROR:tt_multinetwork_manager.cc(113)] TryResolveHostWithCellularNetwork Use system default local host resolver.
01-11 10:54:58.400 15955 16270 I chromium: [INFO:host_resolver_manager.cc(2892)] OnHttpDnsTaskComplete:== http dns get request failed. net error is -106, duration = 20
01-11 10:54:58.400 15955 16247 I chromium: [INFO:tt_multinetwork_manager_sub.cc(96)] Resolve failed: multinetwork not enable.
01-11 10:54:58.400 15955 16247 E chromium: [ERROR:tt_multinetwork_manager.cc(113)] TryResolveHostWithCellularNetwork Use system default local host resolver.
01-11 10:54:58.400 15955 16248 I chromium: [INFO:tt_multinetwork_manager_sub.cc(96)] Resolve failed: multinetwork not enable.
01-11 10:54:58.400 15955 16248 E chromium: [ERROR:tt_multinetwork_manager.cc(113)] TryResolveHostWithCellularNetwork Use system default local host resolver.
01-11 11:01:52.853  4334  4429 I TestLog :  targetProcess:com.ss.android.article.news:sandboxed_process2 action:null targetClass:com.bytedance.org.chromium.content.app.SandboxedProcessService1 com.lestore.lpsdk.manager.e@3226799
01-11 11:01:52.854  4334  4429 I CK-TestLog: mSwitch = false checkClass = com.bytedance.org.chromium.content.app.SandboxedProcessService1
01-11 11:01:52.899  1662  1694 I ActivityManager: Start proc 16951:com.ss.android.article.news:sandboxed_process2/u0a121 for service {com.ss.android.article.news/com.bytedance.org.chromium.content.app.SandboxedProcessService1}
01-11 11:01:53.026 15955 15955 I WebViewChromium: TT_WEBVIEW_CHROMIUM com.bytedance.webview.chromium.WebViewChromium@8e89d96 addUa=TTWebView/0881130044404 bEnableAddUa=true
01-11 11:01:53.028 15955 15955 I TT_WEBVIEW: Initializing the com.bytedance.webview.chromium.glue.IWebViewExtension$PerformanceTimingListener nameToMethod map takes 1 milliseconds
01-11 11:01:53.029 15955 15955 E TT_WEBVIEW: 暂不支持重载: com.bytedance.webview.chromium.glue.TextSelectedEventListener::wait
01-11 11:01:53.029 15955 15955 E TT_WEBVIEW: 暂不支持重载: com.bytedance.webview.chromium.glue.TextSelectedEventListener::wait
01-11 11:01:53.029 15955 15955 I TT_WEBVIEW: Initializing the com.bytedance.webview.chromium.glue.TextSelectedEventListener nameToMethod map takes 1 milliseconds
01-11 11:01:53.030 15955 15955 I TT_WEBVIEW: Initializing the com.bytedance.webview.chromium.glue.IWebViewExtension$RenderProcessGoneListenerWrapper nameToMethod map takes 1 milliseconds
01-11 11:01:53.030 15955 15955 I TT_WEBVIEW: Initializing the com.bytedance.webview.chromium.glue.IWebViewExtension$TTSafeBrowsingListener nameToMethod map takes 0 milliseconds
01-11 11:01:53.031 15955 15955 I TT_WEBVIEW: Initializing the com.bytedance.webview.chromium.glue.IWebViewExtension$ResourceLoadListener nameToMethod map takes 1 milliseconds
01-11 11:01:53.032 15955 15955 E TT_WEBVIEW: 暂不支持重载: com.bytedance.webview.chromium.glue.TextSelectedEventListener::wait
01-11 11:01:53.032 15955 15955 E TT_WEBVIEW: 暂不支持重载: com.bytedance.webview.chromium.glue.TextSelectedEventListener::wait
01-11 11:01:53.032 15955 15955 I TT_WEBVIEW: Initializing the com.bytedance.webview.chromium.glue.TextSelectedEventListener nameToMethod map takes 1 milliseconds
01-11 11:01:53.038 15955 15955 I TT_WEBVIEW: Initializing the com.bytedance.webview.chromium.glue.IWebViewExtension$PlatformViewLayersScrollListener nameToMethod map takes 0 milliseconds
01-11 11:01:53.511 16951 16951 I TT_WEBVIEW: Initializing the com.bytedance.webview.chromium.glue.sdk113.ISdkToGlueSdk113$RequestDiskCacheCallback nameToMethod map takes 1 milliseconds
01-11 11:01:53.561 16951 16951 E TT_WEBVIEW: 暂不支持重载: com.bytedance.webview.chromium.GlueToSdkWrapper::wait
01-11 11:01:53.561 16951 16951 E TT_WEBVIEW: 暂不支持重载: com.bytedance.webview.chromium.GlueToSdkWrapper::wait
01-11 11:01:53.561 16951 16951 I TT_WEBVIEW: Initializing the com.bytedance.webview.chromium.GlueToSdkWrapper nameToMethod map takes 2 milliseconds
01-11 11:01:53.970 16951 17146 W chromium: [WARNING:adblock_component_wrapper_cr.cc(273)] adblock cr init complete! (std::string) count time 0.000196 s
01-11 11:01:53.970 16951 17146 W chromium: [WARNING:aw_scc_renderer_client.cc(90)] EnableSccMatcherEngine parse explicit rules result: 1 , cost: 0.000414 s (ms)
01-11 11:01:53.970 16951 17146 W chromium: [WARNING:aw_scc_renderer_client.cc(99)] EnableSccMatcherEngine parse explicit webview host rules result: 0 , cost: 8e-06 s (ms)
01-11 11:01:53.977 16951 17146 W chromium: [WARNING:adblock_component_wrapper_cr.cc(273)] adblock cr init complete! (std::string) count time 0.003121 s
01-11 11:01:53.978 16951 17146 W chromium: [WARNING:aw_scc_renderer_client.cc(108)] EnableSccMatcherEngine parse implicit rules result: 1 , cost: 0.007628 s (ms)
01-11 11:01:53.978 16951 17146 W chromium: [WARNING:aw_scc_renderer_client.cc(117)] EnableSccMatcherEngine parse implicit webview host rules result: 0 , cost: 8e-06 s (ms)
01-11 11:02:04.679 17463 17520 I chromium: [0111/110204.679016:INFO:com_tencent_mars_cdn_CronetLogic_Java2C.cc(42)] cronet vfs init rv 0
01-11 11:02:04.750 17463 17518 I chromium: [0111/110204.750309:INFO:cronet_core.cc(38)] -> CronetCore
01-11 11:02:04.750 17463 17518 I chromium: [0111/110204.750397:INFO:cronet_task_manager.cc(49)] -> CronetTaskManager
01-11 11:02:04.750 17463 17518 I chromium: [0111/110204.750411:INFO:cronet_task_manager.cc(49)] <- CronetTaskManager +0
01-11 11:02:04.750 17463 17518 I chromium: [0111/110204.750420:INFO:http_with_cronet.cc(96)] cronet chromium SetUserCertVerify
01-11 11:02:04.750 17463 17518 I chromium: [0111/110204.750428:INFO:cronet_core.cc(38)] <- CronetCore +0
01-11 11:02:06.123 17604 17728 I TT_WEBVIEW: Initializing the com.bytedance.webview.chromium.glue.sdk113.ISdkToGlueSdk113$RequestDiskCacheCallback nameToMethod map takes 0 milliseconds
01-11 11:02:06.205 17604 17784 E TT_WEBVIEW: 暂不支持重载: com.bytedance.webview.chromium.GlueToSdkWrapper::wait
01-11 11:02:06.206 17604 17784 E TT_WEBVIEW: 暂不支持重载: com.bytedance.webview.chromium.GlueToSdkWrapper::wait
01-11 11:02:06.206 17604 17784 I TT_WEBVIEW: Initializing the com.bytedance.webview.chromium.GlueToSdkWrapper nameToMethod map takes 3 milliseconds
01-11 11:02:06.332 17604 17788 E tt_webview: preload classes failed, reason is com.bytedance.org.chromium.android_webview.VariationsSeedLoader
01-11 11:02:07.425  4334  4429 I TestLog :  targetProcess:com.ss.android.article.news:sandboxed_process1 action:null targetClass:com.bytedance.org.chromium.content.app.SandboxedProcessService0 com.lestore.lpsdk.manager.e@3226799
01-11 11:02:07.425  4334  4429 I CK-TestLog: mSwitch = false checkClass = com.bytedance.org.chromium.content.app.SandboxedProcessService0
01-11 11:02:07.439  1662  1694 I ActivityManager: Start proc 17938:com.ss.android.article.news:sandboxed_process1/u0a121 for service {com.ss.android.article.news/com.bytedance.org.chromium.content.app.SandboxedProcessService0}
01-11 11:02:07.545 17604 17973 W chromium: [WARNING:jni_string.cc(30)] ConvertJavaStringToUTF8 called with null string.
01-11 11:02:07.893 17938 17938 I TT_WEBVIEW: Initializing the com.bytedance.webview.chromium.glue.sdk113.ISdkToGlueSdk113$RequestDiskCacheCallback nameToMethod map takes 0 milliseconds
01-11 11:02:07.931 17938 17938 E TT_WEBVIEW: 暂不支持重载: com.bytedance.webview.chromium.GlueToSdkWrapper::wait
01-11 11:02:07.931 17938 17938 E TT_WEBVIEW: 暂不支持重载: com.bytedance.webview.chromium.GlueToSdkWrapper::wait
01-11 11:02:07.931 17938 17938 I TT_WEBVIEW: Initializing the com.bytedance.webview.chromium.GlueToSdkWrapper nameToMethod map takes 2 milliseconds
01-11 11:02:08.106 17938 18032 W chromium: [WARNING:adblock_component_wrapper_cr.cc(273)] adblock cr init complete! (std::string) count time 0.000221 s
01-11 11:02:08.106 17938 18032 W chromium: [WARNING:aw_scc_renderer_client.cc(90)] EnableSccMatcherEngine parse explicit rules result: 1 , cost: 0.00042 s (ms)
01-11 11:02:08.106 17938 18032 W chromium: [WARNING:aw_scc_renderer_client.cc(99)] EnableSccMatcherEngine parse explicit webview host rules result: 0 , cost: 8e-06 s (ms)
01-11 11:02:08.109 17604 17964 E chromium: [ERROR:scc_database_manager.cc(410)] Rules for blacklist domain is empty
01-11 11:02:08.109 17604 17964 E chromium: [ERROR:scc_database_manager.cc(447)] Rules for forbid access is empty
01-11 11:02:08.109 17938 18032 W chromium: [WARNING:adblock_component_wrapper_cr.cc(273)] adblock cr init complete! (std::string) count time 0.002494 s
01-11 11:02:08.109 17938 18032 W chromium: [WARNING:aw_scc_renderer_client.cc(108)] EnableSccMatcherEngine parse implicit rules result: 1 , cost: 0.00263 s (ms)
01-11 11:02:08.109 17938 18032 W chromium: [WARNING:aw_scc_renderer_client.cc(117)] EnableSccMatcherEngine parse implicit webview host rules result: 0 , cost: 8e-06 s (ms)
01-11 11:02:24.951 17604 17973 I chromium: [INFO:tt_multinetwork_manager.cc(83)] Bind failed: state -1
01-11 11:02:24.952 17604 17973 W chromium: [WARNING:udp_socket_posix.cc(219)] OpenFailed to bind socket 388 to cellular network. rv: 0
01-11 11:02:24.957 17604 17971 I chromium: [INFO:tt_multinetwork_manager_sub.cc(96)] Resolve failed: multinetwork not enable.
01-11 11:02:24.957 17604 17971 E chromium: [ERROR:tt_multinetwork_manager.cc(113)] TryResolveHostWithCellularNetwork Use system default local host resolver.
01-11 11:02:25.035 17604 17973 I chromium: [INFO:tt_multinetwork_manager.cc(83)] Bind failed: state -1
01-11 11:02:25.035 17604 17973 W chromium: [WARNING:tcp_client_socket.cc(627)] OpenSocketFailed to bind socket 388 to cellular network. rv: 0
01-11 11:02:25.190 17604 17964 E chromium: [ERROR:scc_database_manager.cc(410)] Rules for blacklist domain is empty
01-11 11:02:25.275 17604 17973 I chromium: [INFO:route_selection_group.cc(134)] StartRouteSelectiontt_webview:===== before StartRouteTest, this = 0x745655b990
01-11 11:02:25.277 17604 17973 I chromium: [INFO:host_resolver_manager.cc(4375)] IsDomainInWhiteList:== Is TT Domain, domain is search5-search-lq.toutiaoapi.com, regex pattern is toutiaoapi.com
01-11 11:02:25.278 17604 17973 I chromium: [INFO:host_resolver_manager.cc(4388)] IsDomainHttpDnsBypassed: host is bypassed the httpdns, domain = dig.bdurl.net, regex pattern = dig.bdurl.net
01-11 11:02:25.278 17604 17971 I chromium: [INFO:tt_multinetwork_manager_sub.cc(96)] Resolve failed: multinetwork not enable.
01-11 11:02:25.278 17604 17971 E chromium: [ERROR:tt_multinetwork_manager.cc(113)] TryResolveHostWithCellularNetwork Use system default local host resolver.
01-11 11:02:25.342 17604 17973 I chromium: [INFO:tt_multinetwork_manager.cc(83)] Bind failed: state -1
01-11 11:02:25.342 17604 17973 W chromium: [WARNING:tcp_client_socket.cc(627)] OpenSocketFailed to bind socket 398 to cellular network. rv: 0
01-11 11:02:25.578 17604 17973 I chromium: [INFO:tt_multinetwork_manager.cc(83)] Bind failed: state -1
01-11 11:02:25.578 17604 17973 W chromium: [WARNING:tcp_client_socket.cc(627)] OpenSocketFailed to bind socket 413 to cellular network. rv: 0
01-11 11:02:25.771 17604 17973 I chromium: [INFO:route_selection_group.cc(251)] OnGroupSelectionCompleted:===== best_target = https://search5-search.toutiaoapi.com
01-11 11:02:25.773 17604 17973 I chromium: [INFO:route_selection_group.cc(134)] StartRouteSelectiontt_webview:===== before StartRouteTest, this = 0x7456496290
01-11 11:02:25.775 17604 17973 I chromium: [INFO:host_resolver_manager.cc(4375)] IsDomainInWhiteList:== Is TT Domain, domain is api5-normal-hl.toutiaoapi.com, regex pattern is toutiaoapi.com
01-11 11:02:25.930 17604 17973 I chromium: [INFO:route_selection_group.cc(251)] OnGroupSelectionCompleted:===== best_target = https://api5-normal.toutiaoapi.com
01-11 11:02:25.932 17604 17973 I chromium: [INFO:route_selection_group.cc(134)] StartRouteSelectiontt_webview:===== before StartRouteTest, this = 0x7456495090
01-11 11:02:25.934 17604 17973 I chromium: [INFO:host_resolver_manager.cc(4375)] IsDomainInWhiteList:== Is TT Domain, domain is webcast5-wbnormal-hl.toutiaoapi.com, regex pattern is toutiaoapi.com
01-11 11:02:26.009 17604 17973 I chromium: [INFO:tt_multinetwork_manager.cc(83)] Bind failed: state -1
01-11 11:02:26.009 17604 17973 W chromium: [WARNING:udp_socket_posix.cc(219)] OpenFailed to bind socket 414 to cellular network. rv: 0
01-11 11:02:26.104 17604 17973 I chromium: [INFO:route_selection_group.cc(251)] OnGroupSelectionCompleted:===== best_target = https://webcast5-wbnormal.toutiaoapi.com
01-11 11:02:26.105 17604 17973 I chromium: [INFO:route_selection_group.cc(134)] StartRouteSelectiontt_webview:===== before StartRouteTest, this = 0x745656b230
01-11 11:02:26.107 17604 17973 I chromium: [INFO:host_resolver_manager.cc(4375)] IsDomainInWhiteList:== Is TT Domain, domain is m.baike.com, regex pattern is .*\.baike\.com
01-11 11:02:26.199 17604 17973 I chromium: [INFO:tt_multinetwork_manager.cc(83)] Bind failed: state -1
01-11 11:02:26.199 17604 17973 W chromium: [WARNING:tcp_client_socket.cc(627)] OpenSocketFailed to bind socket 414 to cellular network. rv: 0
01-11 11:02:26.395 17604 17973 I chromium: [INFO:route_selection_group.cc(251)] OnGroupSelectionCompleted:===== best_target = https://m.baike.com
01-11 11:02:31.571 17604 17973 I chromium: [INFO:conservative_dispatch_strategy.cc(113)] GetTargetURLtt_webview:==== replace host: search5-search.toutiaoapi.com
01-11 11:02:31.573 17604 17973 I chromium: [INFO:conservative_dispatch_strategy.cc(113)] GetTargetURLtt_webview:==== replace host: api5-normal.toutiaoapi.com
01-11 11:02:31.574 17604 17973 I chromium: [INFO:conservative_dispatch_strategy.cc(113)] GetTargetURLtt_webview:==== replace host: api5-normal.toutiaoapi.com
01-11 11:02:55.572 17604 17973 I chromium: [INFO:conservative_dispatch_strategy.cc(113)] GetTargetURLtt_webview:==== replace host: search5-search.toutiaoapi.com
01-11 11:02:55.574 17604 17973 I chromium: [INFO:conservative_dispatch_strategy.cc(113)] GetTargetURLtt_webview:==== replace host: api5-normal.toutiaoapi.com
01-11 11:02:55.575 17604 17973 I chromium: [INFO:conservative_dispatch_strategy.cc(76)] GetTargetURLtt_webview:==== host api5-normal.toutiaoapi.com is forbidden: 1
01-11 11:02:55.576 17604 17973 I chromium: [INFO:conservative_dispatch_strategy.cc(113)] GetTargetURLtt_webview:==== replace host: api3-normal.toutiaoapi.com
01-11 11:02:55.576 17604 17973 I chromium: [INFO:tt_multinetwork_manager.cc(83)] Bind failed: state -1
01-11 11:02:55.576 17604 17973 W chromium: [WARNING:udp_socket_posix.cc(219)] OpenFailed to bind socket 150 to cellular network. rv: 0
01-11 11:02:55.579 17604 17973 I chromium: [INFO:host_resolver_manager.cc(4375)] IsDomainInWhiteList:== Is TT Domain, domain is api3-normal-hl.toutiaoapi.com, regex pattern is toutiaoapi.com
01-11 11:02:55.667 17604 17973 I chromium: [INFO:tt_multinetwork_manager.cc(83)] Bind failed: state -1
01-11 11:02:55.667 17604 17973 W chromium: [WARNING:tcp_client_socket.cc(627)] OpenSocketFailed to bind socket 150 to cellular network. rv: 0
01-11 11:03:05.683  4334  4429 I TestLog :  targetProcess:com.ss.android.article.news:sandboxed_process2 action:null targetClass:com.bytedance.org.chromium.content.app.SandboxedProcessService1 com.lestore.lpsdk.manager.e@3226799
01-11 11:03:05.683  4334  4429 I CK-TestLog: mSwitch = false checkClass = com.bytedance.org.chromium.content.app.SandboxedProcessService1
01-11 11:03:05.705  1662  1694 I ActivityManager: Start proc 18371:com.ss.android.article.news:sandboxed_process2/u0a121 for service {com.ss.android.article.news/com.bytedance.org.chromium.content.app.SandboxedProcessService1}
01-11 11:03:05.839 17604 17604 I WebViewChromium: TT_WEBVIEW_CHROMIUM com.bytedance.webview.chromium.WebViewChromium@3d2b59d addUa=TTWebView/0881130044404 bEnableAddUa=true
01-11 11:03:05.841 17604 17604 I TT_WEBVIEW: Initializing the com.bytedance.webview.chromium.glue.IWebViewExtension$PerformanceTimingListener nameToMethod map takes 1 milliseconds
01-11 11:03:05.841 17604 17604 E TT_WEBVIEW: 暂不支持重载: com.bytedance.webview.chromium.glue.TextSelectedEventListener::wait
01-11 11:03:05.841 17604 17604 E TT_WEBVIEW: 暂不支持重载: com.bytedance.webview.chromium.glue.TextSelectedEventListener::wait
01-11 11:03:05.841 17604 17604 I TT_WEBVIEW: Initializing the com.bytedance.webview.chromium.glue.TextSelectedEventListener nameToMethod map takes 0 milliseconds
01-11 11:03:05.841 17604 17604 I TT_WEBVIEW: Initializing the com.bytedance.webview.chromium.glue.IWebViewExtension$RenderProcessGoneListenerWrapper nameToMethod map takes 0 milliseconds
01-11 11:03:05.842 17604 17604 I TT_WEBVIEW: Initializing the com.bytedance.webview.chromium.glue.IWebViewExtension$TTSafeBrowsingListener nameToMethod map takes 0 milliseconds
01-11 11:03:05.842 17604 17604 I TT_WEBVIEW: Initializing the com.bytedance.webview.chromium.glue.IWebViewExtension$ResourceLoadListener nameToMethod map takes 0 milliseconds
01-11 11:03:05.842 17604 17604 E TT_WEBVIEW: 暂不支持重载: com.bytedance.webview.chromium.glue.TextSelectedEventListener::wait
01-11 11:03:05.842 17604 17604 E TT_WEBVIEW: 暂不支持重载: com.bytedance.webview.chromium.glue.TextSelectedEventListener::wait
01-11 11:03:05.842 17604 17604 I TT_WEBVIEW: Initializing the com.bytedance.webview.chromium.glue.TextSelectedEventListener nameToMethod map takes 0 milliseconds
01-11 11:03:05.846 17604 17604 I TT_WEBVIEW: Initializing the com.bytedance.webview.chromium.glue.IWebViewExtension$PlatformViewLayersScrollListener nameToMethod map takes 0 milliseconds
01-11 11:03:06.006 18371 18371 I TT_WEBVIEW: Initializing the com.bytedance.webview.chromium.glue.sdk113.ISdkToGlueSdk113$RequestDiskCacheCallback nameToMethod map takes 0 milliseconds
01-11 11:03:06.042 18371 18371 E TT_WEBVIEW: 暂不支持重载: com.bytedance.webview.chromium.GlueToSdkWrapper::wait
01-11 11:03:06.042 18371 18371 E TT_WEBVIEW: 暂不支持重载: com.bytedance.webview.chromium.GlueToSdkWrapper::wait
01-11 11:03:06.042 18371 18371 I TT_WEBVIEW: Initializing the com.bytedance.webview.chromium.GlueToSdkWrapper nameToMethod map takes 1 milliseconds
01-11 11:03:06.185 18371 18441 W chromium: [WARNING:adblock_component_wrapper_cr.cc(273)] adblock cr init complete! (std::string) count time 0.000275 s
01-11 11:03:06.185 18371 18441 W chromium: [WARNING:aw_scc_renderer_client.cc(90)] EnableSccMatcherEngine parse explicit rules result: 1 , cost: 0.000565 s (ms)
01-11 11:03:06.185 18371 18441 W chromium: [WARNING:aw_scc_renderer_client.cc(99)] EnableSccMatcherEngine parse explicit webview host rules result: 0 , cost: 7e-06 s (ms)
01-11 11:03:06.188 18371 18441 W chromium: [WARNING:adblock_component_wrapper_cr.cc(273)] adblock cr init complete! (std::string) count time 0.002567 s
01-11 11:03:06.188 18371 18441 W chromium: [WARNING:aw_scc_renderer_client.cc(108)] EnableSccMatcherEngine parse implicit rules result: 1 , cost: 0.002735 s (ms)
01-11 11:03:06.188 18371 18441 W chromium: [WARNING:aw_scc_renderer_client.cc(117)] EnableSccMatcherEngine parse implicit webview host rules result: 0 , cost: 8e-06 s (ms)
01-11 11:03:19.573 17604 17973 I chromium: [INFO:conservative_dispatch_strategy.cc(113)] GetTargetURLtt_webview:==== replace host: search5-search.toutiaoapi.com
01-11 11:03:19.575 17604 17973 I chromium: [INFO:conservative_dispatch_strategy.cc(76)] GetTargetURLtt_webview:==== host api5-normal.toutiaoapi.com is forbidden: 1
01-11 11:03:19.575 17604 17973 I chromium: [INFO:conservative_dispatch_strategy.cc(113)] GetTargetURLtt_webview:==== replace host: api3-normal.toutiaoapi.com
01-11 11:03:19.577 17604 17973 I chromium: [INFO:tt_multinetwork_manager.cc(83)] Bind failed: state -1
01-11 11:03:19.577 17604 17973 W chromium: [WARNING:udp_socket_posix.cc(219)] OpenFailed to bind socket 150 to cellular network. rv: 0
01-11 11:03:19.580 17604 17973 I chromium: [INFO:host_resolver_manager.cc(4375)] IsDomainInWhiteList:== Is TT Domain, domain is api3-normal-hl.toutiaoapi.com, regex pattern is toutiaoapi.com
01-11 11:03:19.581 17604 17973 I chromium: [INFO:tt_multinetwork_manager.cc(83)] Bind failed: state -1
01-11 11:03:19.581 17604 17973 W chromium: [WARNING:tcp_client_socket.cc(627)] OpenSocketFailed to bind socket 150 to cellular network. rv: 0
01-11 11:03:19.584 17604 17973 I chromium: [INFO:conservative_dispatch_strategy.cc(76)] GetTargetURLtt_webview:==== host api5-normal.toutiaoapi.com is forbidden: 1
01-11 11:03:19.584 17604 17973 I chromium: [INFO:conservative_dispatch_strategy.cc(113)] GetTargetURLtt_webview:==== replace host: api3-normal.toutiaoapi.com
01-11 11:03:35.457 18518 18581 I chromium: [0111/110335.457590:INFO:com_tencent_mars_cdn_CronetLogic_Java2C.cc(42)] cronet vfs init rv 0
01-11 11:03:35.497 18537 18615 I chromium: [0111/110335.497780:INFO:com_tencent_mars_cdn_CronetLogic_Java2C.cc(42)] cronet vfs init rv 0
01-11 11:03:35.551 18518 18580 I chromium: [0111/110335.550993:INFO:cronet_core.cc(38)] -> CronetCore
01-11 11:03:35.551 18518 18580 I chromium: [0111/110335.551116:INFO:cronet_task_manager.cc(49)] -> CronetTaskManager
01-11 11:03:35.551 18518 18580 I chromium: [0111/110335.551139:INFO:cronet_task_manager.cc(49)] <- CronetTaskManager +0
01-11 11:03:35.551 18518 18580 I chromium: [0111/110335.551152:INFO:http_with_cronet.cc(96)] cronet chromium SetUserCertVerify
01-11 11:03:35.551 18518 18580 I chromium: [0111/110335.551162:INFO:cronet_core.cc(38)] <- CronetCore +1
01-11 11:03:35.567 18537 18615 I chromium: [0111/110335.567577:INFO:cronet_core.cc(38)] -> CronetCore
01-11 11:03:35.567 18537 18615 I chromium: [0111/110335.567684:INFO:cronet_task_manager.cc(49)] -> CronetTaskManager
01-11 11:03:35.567 18537 18615 I chromium: [0111/110335.567702:INFO:cronet_task_manager.cc(49)] <- CronetTaskManager +0
01-11 11:03:35.567 18537 18615 I chromium: [0111/110335.567712:INFO:http_with_cronet.cc(96)] cronet chromium SetUserCertVerify
01-11 11:03:35.567 18537 18615 I chromium: [0111/110335.567722:INFO:cronet_core.cc(38)] <- CronetCore +0
01-11 11:03:35.879 18518 18752 I XWeb.Core: [0111/110335.879497:INFO:jni_utils.cc(37)] GetClassLoader, return classloader from org.chromium.base.JNIUtils
01-11 11:03:38.913 18803 19005 I TT_WEBVIEW: Initializing the com.bytedance.webview.chromium.glue.sdk113.ISdkToGlueSdk113$RequestDiskCacheCallback nameToMethod map takes 0 milliseconds
01-11 11:03:38.984 18803 19005 E TT_WEBVIEW: 暂不支持重载: com.bytedance.webview.chromium.GlueToSdkWrapper::wait
01-11 11:03:38.984 18803 19005 E TT_WEBVIEW: 暂不支持重载: com.bytedance.webview.chromium.GlueToSdkWrapper::wait
01-11 11:03:38.989 18803 19005 I TT_WEBVIEW: Initializing the com.bytedance.webview.chromium.GlueToSdkWrapper nameToMethod map takes 26 milliseconds
01-11 11:03:39.015 18803 18990 E tt_webview: preload classes failed, reason is com.bytedance.org.chromium.android_webview.VariationsSeedLoader
01-11 11:03:40.126  4334  4429 I TestLog :  targetProcess:com.ss.android.article.news:sandboxed_process1 action:null targetClass:com.bytedance.org.chromium.content.app.SandboxedProcessService0 com.lestore.lpsdk.manager.e@3226799
01-11 11:03:40.126  4334  4429 I CK-TestLog: mSwitch = false checkClass = com.bytedance.org.chromium.content.app.SandboxedProcessService0
01-11 11:03:40.145  1662  1694 I ActivityManager: Start proc 19190:com.ss.android.article.news:sandboxed_process1/u0a121 for service {com.ss.android.article.news/com.bytedance.org.chromium.content.app.SandboxedProcessService0}
01-11 11:03:40.215 18803 19221 W chromium: [WARNING:jni_string.cc(30)] ConvertJavaStringToUTF8 called with null string.
01-11 11:03:40.595 19190 19190 I TT_WEBVIEW: Initializing the com.bytedance.webview.chromium.glue.sdk113.ISdkToGlueSdk113$RequestDiskCacheCallback nameToMethod map takes 0 milliseconds
01-11 11:03:40.636 19190 19190 E TT_WEBVIEW: 暂不支持重载: com.bytedance.webview.chromium.GlueToSdkWrapper::wait
01-11 11:03:40.636 19190 19190 E TT_WEBVIEW: 暂不支持重载: com.bytedance.webview.chromium.GlueToSdkWrapper::wait
01-11 11:03:40.636 19190 19190 I TT_WEBVIEW: Initializing the com.bytedance.webview.chromium.GlueToSdkWrapper nameToMethod map takes 2 milliseconds
01-11 11:03:40.890 19190 19291 W chromium: [WARNING:adblock_component_wrapper_cr.cc(273)] adblock cr init complete! (std::string) count time 0.000209 s
01-11 11:03:40.890 19190 19291 W chromium: [WARNING:aw_scc_renderer_client.cc(90)] EnableSccMatcherEngine parse explicit rules result: 1 , cost: 0.000379 s (ms)
01-11 11:03:40.890 19190 19291 W chromium: [WARNING:aw_scc_renderer_client.cc(99)] EnableSccMatcherEngine parse explicit webview host rules result: 0 , cost: 7e-06 s (ms)
01-11 11:03:40.893 18803 19213 E chromium: [ERROR:scc_database_manager.cc(410)] Rules for blacklist domain is empty
01-11 11:03:40.893 18803 19213 E chromium: [ERROR:scc_database_manager.cc(447)] Rules for forbid access is empty
01-11 11:03:40.904 19190 19291 W chromium: [WARNING:adblock_component_wrapper_cr.cc(273)] adblock cr init complete! (std::string) count time 0.013674 s
01-11 11:03:40.904 19190 19291 W chromium: [WARNING:aw_scc_renderer_client.cc(108)] EnableSccMatcherEngine parse implicit rules result: 1 , cost: 0.013868 s (ms)
01-11 11:03:40.904 19190 19291 W chromium: [WARNING:aw_scc_renderer_client.cc(117)] EnableSccMatcherEngine parse implicit webview host rules result: 0 , cost: 8e-06 s (ms)
01-11 11:03:57.179 18803 19221 I chromium: [INFO:tt_multinetwork_manager.cc(83)] Bind failed: state -1
01-11 11:03:57.180 18803 19221 W chromium: [WARNING:udp_socket_posix.cc(219)] OpenFailed to bind socket 388 to cellular network. rv: 0
01-11 11:03:57.194 18803 19219 I chromium: [INFO:tt_multinetwork_manager_sub.cc(96)] Resolve failed: multinetwork not enable.
01-11 11:03:57.194 18803 19219 E chromium: [ERROR:tt_multinetwork_manager.cc(113)] TryResolveHostWithCellularNetwork Use system default local host resolver.
01-11 11:03:57.250 18803 19221 I chromium: [INFO:tt_multinetwork_manager.cc(83)] Bind failed: state -1
01-11 11:03:57.251 18803 19221 W chromium: [WARNING:tcp_client_socket.cc(627)] OpenSocketFailed to bind socket 384 to cellular network. rv: 0
01-11 11:03:57.451 18803 19213 E chromium: [ERROR:scc_database_manager.cc(410)] Rules for blacklist domain is empty
01-11 11:03:57.543 18803 19221 I chromium: [INFO:route_selection_group.cc(134)] StartRouteSelectiontt_webview:===== before StartRouteTest, this = 0x74564f2f90
01-11 11:03:57.545 18803 19221 I chromium: [INFO:host_resolver_manager.cc(4375)] IsDomainInWhiteList:== Is TT Domain, domain is search5-search-lq.toutiaoapi.com, regex pattern is toutiaoapi.com
01-11 11:03:57.546 18803 19221 I chromium: [INFO:host_resolver_manager.cc(4388)] IsDomainHttpDnsBypassed: host is bypassed the httpdns, domain = dig.bdurl.net, regex pattern = dig.bdurl.net
01-11 11:03:57.546 18803 19219 I chromium: [INFO:tt_multinetwork_manager_sub.cc(96)] Resolve failed: multinetwork not enable.
01-11 11:03:57.546 18803 19219 E chromium: [ERROR:tt_multinetwork_manager.cc(113)] TryResolveHostWithCellularNetwork Use system default local host resolver.
01-11 11:03:57.548 18803 19221 I chromium: [INFO:tt_multinetwork_manager.cc(83)] Bind failed: state -1
01-11 11:03:57.548 18803 19221 W chromium: [WARNING:tcp_client_socket.cc(627)] OpenSocketFailed to bind socket 389 to cellular network. rv: 0
01-11 11:03:57.849 18803 19221 I chromium: [INFO:tt_multinetwork_manager.cc(83)] Bind failed: state -1
01-11 11:03:57.849 18803 19221 W chromium: [WARNING:tcp_client_socket.cc(627)] OpenSocketFailed to bind socket 407 to cellular network. rv: 0
01-11 11:03:58.033 18803 19221 I chromium: [INFO:route_selection_group.cc(251)] OnGroupSelectionCompleted:===== best_target = https://search5-search.toutiaoapi.com
01-11 11:03:58.035 18803 19221 I chromium: [INFO:route_selection_group.cc(134)] StartRouteSelectiontt_webview:===== before StartRouteTest, this = 0x7456509430
01-11 11:03:58.037 18803 19221 I chromium: [INFO:host_resolver_manager.cc(4375)] IsDomainInWhiteList:== Is TT Domain, domain is api5-normal-hl.toutiaoapi.com, regex pattern is toutiaoapi.com
01-11 11:03:58.196 18803 19221 I chromium: [INFO:tt_multinetwork_manager.cc(83)] Bind failed: state -1
01-11 11:03:58.196 18803 19221 W chromium: [WARNING:udp_socket_posix.cc(219)] OpenFailed to bind socket 410 to cellular network. rv: 0
01-11 11:03:58.199 18803 19221 I chromium: [INFO:route_selection_group.cc(251)] OnGroupSelectionCompleted:===== best_target = https://api5-normal.toutiaoapi.com
01-11 11:03:58.202 18803 19221 I chromium: [INFO:route_selection_group.cc(134)] StartRouteSelectiontt_webview:===== before StartRouteTest, this = 0x74564fddf0
01-11 11:03:58.204 18803 19221 I chromium: [INFO:host_resolver_manager.cc(4375)] IsDomainInWhiteList:== Is TT Domain, domain is webcast5-wbnormal-hl.toutiaoapi.com, regex pattern is toutiaoapi.com
01-11 11:03:58.370 18803 19221 I chromium: [INFO:route_selection_group.cc(251)] OnGroupSelectionCompleted:===== best_target = https://webcast5-wbnormal.toutiaoapi.com
01-11 11:03:58.372 18803 19221 I chromium: [INFO:route_selection_group.cc(134)] StartRouteSelectiontt_webview:===== before StartRouteTest, this = 0x745656f130
01-11 11:03:58.374 18803 19221 I chromium: [INFO:host_resolver_manager.cc(4375)] IsDomainInWhiteList:== Is TT Domain, domain is m.baike.com, regex pattern is .*\.baike\.com
01-11 11:03:58.474 18803 19221 I chromium: [INFO:tt_multinetwork_manager.cc(83)] Bind failed: state -1
01-11 11:03:58.475 18803 19221 W chromium: [WARNING:tcp_client_socket.cc(627)] OpenSocketFailed to bind socket 410 to cellular network. rv: 0
01-11 11:03:58.713 18803 19221 I chromium: [INFO:route_selection_group.cc(251)] OnGroupSelectionCompleted:===== best_target = https://m.baike.com
01-11 11:04:04.252 18803 19221 I chromium: [INFO:conservative_dispatch_strategy.cc(113)] GetTargetURLtt_webview:==== replace host: search5-search.toutiaoapi.com
01-11 11:04:04.254 18803 19221 I chromium: [INFO:conservative_dispatch_strategy.cc(113)] GetTargetURLtt_webview:==== replace host: api5-normal.toutiaoapi.com
01-11 11:04:04.255 18803 19221 I chromium: [INFO:conservative_dispatch_strategy.cc(113)] GetTargetURLtt_webview:==== replace host: api5-normal.toutiaoapi.com
01-11 11:04:28.253 18803 19221 I chromium: [INFO:conservative_dispatch_strategy.cc(113)] GetTargetURLtt_webview:==== replace host: search5-search.toutiaoapi.com
01-11 11:04:28.254 18803 19221 I chromium: [INFO:conservative_dispatch_strategy.cc(113)] GetTargetURLtt_webview:==== replace host: api5-normal.toutiaoapi.com
01-11 11:04:28.256 18803 19221 I chromium: [INFO:conservative_dispatch_strategy.cc(76)] GetTargetURLtt_webview:==== host api5-normal.toutiaoapi.com is forbidden: 1
01-11 11:04:28.256 18803 19221 I chromium: [INFO:conservative_dispatch_strategy.cc(113)] GetTargetURLtt_webview:==== replace host: api3-normal.toutiaoapi.com
01-11 11:04:28.256 18803 19221 I chromium: [INFO:tt_multinetwork_manager.cc(83)] Bind failed: state -1
01-11 11:04:28.256 18803 19221 W chromium: [WARNING:udp_socket_posix.cc(219)] OpenFailed to bind socket 422 to cellular network. rv: 0
01-11 11:04:28.258 18803 19221 I chromium: [INFO:host_resolver_manager.cc(4375)] IsDomainInWhiteList:== Is TT Domain, domain is api3-normal-hl.toutiaoapi.com, regex pattern is toutiaoapi.com
01-11 11:04:28.358 18803 19221 I chromium: [INFO:tt_multinetwork_manager.cc(83)] Bind failed: state -1
01-11 11:04:28.358 18803 19221 W chromium: [WARNING:tcp_client_socket.cc(627)] OpenSocketFailed to bind socket 422 to cellular network. rv: 0
01-11 11:04:36.980  4334  4429 I TestLog :  targetProcess:com.ss.android.article.news:sandboxed_process2 action:null targetClass:com.bytedance.org.chromium.content.app.SandboxedProcessService1 com.lestore.lpsdk.manager.e@3226799
01-11 11:04:36.980  4334  4429 I CK-TestLog: mSwitch = false checkClass = com.bytedance.org.chromium.content.app.SandboxedProcessService1
01-11 11:04:37.015  1662  1694 I ActivityManager: Start proc 19603:com.ss.android.article.news:sandboxed_process2/u0a121 for service {com.ss.android.article.news/com.bytedance.org.chromium.content.app.SandboxedProcessService1}
01-11 11:04:37.113 18803 18803 I WebViewChromium: TT_WEBVIEW_CHROMIUM com.bytedance.webview.chromium.WebViewChromium@757820e addUa=TTWebView/0881130044404 bEnableAddUa=true
01-11 11:04:37.114 18803 18803 I TT_WEBVIEW: Initializing the com.bytedance.webview.chromium.glue.IWebViewExtension$PerformanceTimingListener nameToMethod map takes 0 milliseconds
01-11 11:04:37.115 18803 18803 E TT_WEBVIEW: 暂不支持重载: com.bytedance.webview.chromium.glue.TextSelectedEventListener::wait
01-11 11:04:37.115 18803 18803 E TT_WEBVIEW: 暂不支持重载: com.bytedance.webview.chromium.glue.TextSelectedEventListener::wait
01-11 11:04:37.115 18803 18803 I TT_WEBVIEW: Initializing the com.bytedance.webview.chromium.glue.TextSelectedEventListener nameToMethod map takes 0 milliseconds
01-11 11:04:37.115 18803 18803 I TT_WEBVIEW: Initializing the com.bytedance.webview.chromium.glue.IWebViewExtension$RenderProcessGoneListenerWrapper nameToMethod map takes 0 milliseconds
01-11 11:04:37.115 18803 18803 I TT_WEBVIEW: Initializing the com.bytedance.webview.chromium.glue.IWebViewExtension$TTSafeBrowsingListener nameToMethod map takes 0 milliseconds
01-11 11:04:37.116 18803 18803 I TT_WEBVIEW: Initializing the com.bytedance.webview.chromium.glue.IWebViewExtension$ResourceLoadListener nameToMethod map takes 0 milliseconds
01-11 11:04:37.116 18803 18803 E TT_WEBVIEW: 暂不支持重载: com.bytedance.webview.chromium.glue.TextSelectedEventListener::wait
01-11 11:04:37.116 18803 18803 E TT_WEBVIEW: 暂不支持重载: com.bytedance.webview.chromium.glue.TextSelectedEventListener::wait
01-11 11:04:37.116 18803 18803 I TT_WEBVIEW: Initializing the com.bytedance.webview.chromium.glue.TextSelectedEventListener nameToMethod map takes 0 milliseconds
01-11 11:04:37.119 18803 18803 I TT_WEBVIEW: Initializing the com.bytedance.webview.chromium.glue.IWebViewExtension$PlatformViewLayersScrollListener nameToMethod map takes 0 milliseconds
01-11 11:04:37.321 19603 19603 I TT_WEBVIEW: Initializing the com.bytedance.webview.chromium.glue.sdk113.ISdkToGlueSdk113$RequestDiskCacheCallback nameToMethod map takes 1 milliseconds
01-11 11:04:37.381 19603 19603 E TT_WEBVIEW: 暂不支持重载: com.bytedance.webview.chromium.GlueToSdkWrapper::wait
01-11 11:04:37.381 19603 19603 E TT_WEBVIEW: 暂不支持重载: com.bytedance.webview.chromium.GlueToSdkWrapper::wait
01-11 11:04:37.381 19603 19603 I TT_WEBVIEW: Initializing the com.bytedance.webview.chromium.GlueToSdkWrapper nameToMethod map takes 2 milliseconds
01-11 11:04:37.528 19603 19667 W chromium: [WARNING:adblock_component_wrapper_cr.cc(273)] adblock cr init complete! (std::string) count time 0.000209 s
01-11 11:04:37.529 19603 19667 W chromium: [WARNING:aw_scc_renderer_client.cc(90)] EnableSccMatcherEngine parse explicit rules result: 1 , cost: 0.00043 s (ms)
01-11 11:04:37.529 19603 19667 W chromium: [WARNING:aw_scc_renderer_client.cc(99)] EnableSccMatcherEngine parse explicit webview host rules result: 0 , cost: 8e-06 s (ms)
