01-09 20:34:59.130 17408 17491 I chromium: [INFO:ssl_client_socket_impl.cc(1503)] NetLogOpenSSLError:optimizationguide-pa.googleapis.com
01-09 20:42:48.057 17034 17281 D ClashForAndroid: [DNS] response msg empty: &dns.Msg{MsgHdr:dns.MsgHdr{Id:0xec7b, Response:true, Opcode:0, Authoritative:false, Truncated:false, RecursionDesired:true, RecursionAvailable:true, Zero:false, AuthenticatedData:false, CheckingDisabled:false, Rcode:0}, Compress:false, Question:[]dns.Question{dns.Question{Name:"chromium.googlesource.com.", Qtype:0x41, Qclass:0x1}}, Answer:[]dns.RR(nil), Ns:[]dns.RR(nil), Extra:[]dns.RR(nil)}
01-09 20:42:52.641 17408 17483 W cr_PartnerCustomize: Partner homepage must be HTTP(S) or NewTabPage. Got invalid URL "org.chromium.url.GURL@0"
01-09 20:42:56.401 17408 17408 I chromium: [INFO:autocomplete_controller.cc(652)] Cg AutocompleteController::Stop
01-09 20:42:56.444 17408 17408 I chromium: [INFO:autocomplete_controller.cc(495)] Cg AutocompleteController::Start input text: m
01-09 20:42:56.444 17408 17408 I chromium: [INFO:autocomplete_controller.cc(557)] Cg AutocompleteController::Start providerName=Search
01-09 20:42:56.444 17408 17408 I chromium: [INFO:autocomplete_controller.cc(557)] Cg AutocompleteController::Start providerName=Bookmark
01-09 20:42:56.445 17408 17408 I chromium: [INFO:autocomplete_controller.cc(557)] Cg AutocompleteController::Start providerName=Builtin
01-09 20:42:56.445 17408 17408 I chromium: [INFO:autocomplete_controller.cc(557)] Cg AutocompleteController::Start providerName=HistoryQuick
01-09 20:42:56.445 17408 17408 I chromium: [INFO:autocomplete_controller.cc(557)] Cg AutocompleteController::Start providerName=Search
01-09 20:42:56.447 17408 17408 I chromium: [INFO:autocomplete_controller.cc(557)] Cg AutocompleteController::Start providerName=HistoryURL
01-09 20:42:56.448 17408 17408 I chromium: [INFO:autocomplete_controller.cc(557)] Cg AutocompleteController::Start providerName=Shortcuts
01-09 20:42:56.448 17408 17408 I chromium: [INFO:autocomplete_controller.cc(557)] Cg AutocompleteController::Start providerName=ZeroSuggest
01-09 20:42:56.449 17408 17408 I chromium: [INFO:autocomplete_controller.cc(557)] Cg AutocompleteController::Start providerName=LocalHistoryZeroSuggest
01-09 20:42:56.449 17408 17408 I chromium: [INFO:autocomplete_controller.cc(557)] Cg AutocompleteController::Start providerName=MostVisitedSites
01-09 20:42:56.449 17408 17408 I chromium: [INFO:autocomplete_controller.cc(557)] Cg AutocompleteController::Start providerName=VerbatimMatch
01-09 20:42:56.449 17408 17408 I chromium: [INFO:autocomplete_controller.cc(557)] Cg AutocompleteController::Start providerName=OnDeviceHead
01-09 20:42:56.449 17408 17408 I chromium: [INFO:autocomplete_controller.cc(557)] Cg AutocompleteController::Start providerName=Clipboard
01-09 20:42:56.449 17408 17408 I chromium: [INFO:autocomplete_controller.cc(557)] Cg AutocompleteController::Start providerName=VoiceSuggest
01-09 20:42:56.449 17408 17408 I chromium: [INFO:autocomplete_controller.cc(883)] Cg ProviderMatch providerName=Search,match.content=google.com, match.desc=,image_url=,relevance=102
01-09 20:42:56.449 17408 17408 I chromium: [INFO:autocomplete_controller.cc(883)] Cg ProviderMatch providerName=Search,match.content=gmail.com, match.desc=,image_url=,relevance=101
01-09 20:42:56.449 17408 17408 I chromium: [INFO:autocomplete_controller.cc(883)] Cg ProviderMatch providerName=Search,match.content=mail.google.com, match.desc=,image_url=,relevance=100
01-09 20:42:56.449 17408 17408 I chromium: [INFO:autocomplete_controller.cc(883)] Cg ProviderMatch providerName=Search,match.content=m, match.desc=,image_url=,relevance=1300
01-09 20:42:56.460 17408 17408 I chromium: [INFO:autocomplete_controller.cc(883)] Cg ProviderMatch providerName=Search,match.content=google.com, match.desc=,image_url=,relevance=102
01-09 20:42:56.460 17408 17408 I chromium: [INFO:autocomplete_controller.cc(883)] Cg ProviderMatch providerName=Search,match.content=gmail.com, match.desc=,image_url=,relevance=101
01-09 20:42:56.460 17408 17408 I chromium: [INFO:autocomplete_controller.cc(883)] Cg ProviderMatch providerName=Search,match.content=mail.google.com, match.desc=,image_url=,relevance=100
01-09 20:42:56.461 17408 17408 I chromium: [INFO:autocomplete_controller.cc(883)] Cg ProviderMatch providerName=Search,match.content=m, match.desc=,image_url=,relevance=1300
01-09 20:42:56.730 17408 17408 I chromium: [INFO:autocomplete_controller.cc(652)] Cg AutocompleteController::Stop
01-09 20:42:56.762 17408 17408 I chromium: [INFO:autocomplete_controller.cc(495)] Cg AutocompleteController::Start input text: mo
01-09 20:42:56.762 17408 17408 I chromium: [INFO:autocomplete_controller.cc(557)] Cg AutocompleteController::Start providerName=Search
01-09 20:42:56.763 17408 17408 I chromium: [INFO:autocomplete_controller.cc(557)] Cg AutocompleteController::Start providerName=Bookmark
01-09 20:42:56.763 17408 17408 I chromium: [INFO:autocomplete_controller.cc(557)] Cg AutocompleteController::Start providerName=Builtin
01-09 20:42:56.763 17408 17408 I chromium: [INFO:autocomplete_controller.cc(557)] Cg AutocompleteController::Start providerName=HistoryQuick
01-09 20:42:56.763 17408 17408 I chromium: [INFO:autocomplete_controller.cc(557)] Cg AutocompleteController::Start providerName=Search
01-09 20:42:56.765 17408 17408 I chromium: [INFO:autocomplete_controller.cc(557)] Cg AutocompleteController::Start providerName=HistoryURL
01-09 20:42:56.767 17408 17408 I chromium: [INFO:autocomplete_controller.cc(557)] Cg AutocompleteController::Start providerName=Shortcuts
01-09 20:42:56.767 17408 17408 I chromium: [INFO:autocomplete_controller.cc(557)] Cg AutocompleteController::Start providerName=ZeroSuggest
01-09 20:42:56.767 17408 17408 I chromium: [INFO:autocomplete_controller.cc(557)] Cg AutocompleteController::Start providerName=LocalHistoryZeroSuggest
01-09 20:42:56.767 17408 17408 I chromium: [INFO:autocomplete_controller.cc(557)] Cg AutocompleteController::Start providerName=MostVisitedSites
01-09 20:42:56.767 17408 17408 I chromium: [INFO:autocomplete_controller.cc(557)] Cg AutocompleteController::Start providerName=VerbatimMatch
01-09 20:42:56.768 17408 17408 I chromium: [INFO:autocomplete_controller.cc(557)] Cg AutocompleteController::Start providerName=OnDeviceHead
01-09 20:42:56.768 17408 17408 I chromium: [INFO:autocomplete_controller.cc(557)] Cg AutocompleteController::Start providerName=Clipboard
01-09 20:42:56.768 17408 17408 I chromium: [INFO:autocomplete_controller.cc(557)] Cg AutocompleteController::Start providerName=VoiceSuggest
01-09 20:42:56.768 17408 17408 I chromium: [INFO:autocomplete_controller.cc(883)] Cg ProviderMatch providerName=Search,match.content=dailymotion.com, match.desc=,image_url=,relevance=102
01-09 20:42:56.768 17408 17408 I chromium: [INFO:autocomplete_controller.cc(883)] Cg ProviderMatch providerName=Search,match.content=mozilla.org, match.desc=,image_url=,relevance=101
01-09 20:42:56.768 17408 17408 I chromium: [INFO:autocomplete_controller.cc(883)] Cg ProviderMatch providerName=Search,match.content=clkmon.com, match.desc=,image_url=,relevance=100
01-09 20:42:56.769 17408 17408 I chromium: [INFO:autocomplete_controller.cc(883)] Cg ProviderMatch providerName=Search,match.content=mo, match.desc=,image_url=,relevance=1300
01-09 20:42:56.777 17408 17408 I chromium: [INFO:autocomplete_controller.cc(883)] Cg ProviderMatch providerName=Search,match.content=dailymotion.com, match.desc=,image_url=,relevance=102
01-09 20:42:56.777 17408 17408 I chromium: [INFO:autocomplete_controller.cc(883)] Cg ProviderMatch providerName=Search,match.content=mozilla.org, match.desc=,image_url=,relevance=101
01-09 20:42:56.777 17408 17408 I chromium: [INFO:autocomplete_controller.cc(883)] Cg ProviderMatch providerName=Search,match.content=clkmon.com, match.desc=,image_url=,relevance=100
01-09 20:42:56.777 17408 17408 I chromium: [INFO:autocomplete_controller.cc(883)] Cg ProviderMatch providerName=Search,match.content=mo, match.desc=,image_url=,relevance=1300
01-09 20:42:57.586 17408 17408 I chromium: [INFO:autocomplete_controller.cc(883)] Cg ProviderMatch providerName=Search,match.content=dailymotion.com, match.desc=,image_url=,relevance=102
01-09 20:42:57.586 17408 17408 I chromium: [INFO:autocomplete_controller.cc(883)] Cg ProviderMatch providerName=Search,match.content=mozilla.org, match.desc=,image_url=,relevance=101
01-09 20:42:57.586 17408 17408 I chromium: [INFO:autocomplete_controller.cc(883)] Cg ProviderMatch providerName=Search,match.content=clkmon.com, match.desc=,image_url=,relevance=100
01-09 20:42:57.586 17408 17408 I chromium: [INFO:autocomplete_controller.cc(883)] Cg ProviderMatch providerName=Search,match.content=mo, match.desc=,image_url=,relevance=851
01-09 20:42:57.586 17408 17408 I chromium: [INFO:autocomplete_controller.cc(883)] Cg ProviderMatch providerName=Search,match.content=money18, match.desc=,image_url=,relevance=601
01-09 20:42:57.586 17408 17408 I chromium: [INFO:autocomplete_controller.cc(883)] Cg ProviderMatch providerName=Search,match.content=moodle, match.desc=,image_url=,relevance=600
01-09 20:42:57.587 17408 17408 I chromium: [INFO:autocomplete_controller.cc(883)] Cg ProviderMatch providerName=Search,match.content=mos burger, match.desc=,image_url=,relevance=555
01-09 20:42:57.587 17408 17408 I chromium: [INFO:autocomplete_controller.cc(883)] Cg ProviderMatch providerName=Search,match.content=molnupiravir, match.desc=,image_url=,relevance=554
01-09 20:42:57.587 17408 17408 I chromium: [INFO:autocomplete_controller.cc(883)] Cg ProviderMatch providerName=Search,match.content=model y, match.desc=,image_url=,relevance=553
01-09 20:42:57.587 17408 17408 I chromium: [INFO:autocomplete_controller.cc(883)] Cg ProviderMatch providerName=Search,match.content=Mox, match.desc=银行,image_url=https://encrypted-tbn0.gstatic.com/images?q=tbn:ANd9GcTZwtn4Itsh_ujgtnpQKjD-IKy4F0NQsrKHKnwkrUo&s=10,relevance=552
01-09 20:42:57.587 17408 17408 I chromium: [INFO:autocomplete_controller.cc(883)] Cg ProviderMatch providerName=Search,match.content=MoneyHero, match.desc=Finance broker · 铜锣湾,image_url=https://lh5.googleusercontent.com/p/AF1QipO5gDAJMeHlJWoO-4RbW2-J1iD4Pl-8SN-MAq9U=w92-h92-n-k-no,relevance=551
01-09 20:42:57.587 17408 17408 I chromium: [INFO:autocomplete_controller.cc(883)] Cg ProviderMatch providerName=Search,match.content=movie, match.desc=,image_url=,relevance=550
01-09 20:42:58.525 17408 17464 W chromium: [WARNING:child_process_launcher_helper_posix.cc(83)] Ignoring invalid file assets/snapshot_blob_32.bin
01-09 20:42:58.536 25879 26016 I TestLog :  targetProcess:site.mises.browser_default:sandboxed_process0:org.chromium.content.app.SandboxedProcessService0:7 action:null targetClass:org.chromium.content.app.SandboxedProcessService0 com.lestore.lpsdk.manager.e@3226799
01-09 20:42:58.536 25879 26016 I CK-TestLog: mSwitch = false checkClass = org.chromium.content.app.SandboxedProcessService0
01-09 20:42:58.542 17408 17464 W chromium: [WARNING:child_process_launcher_helper_posix.cc(83)] Ignoring invalid file assets/snapshot_blob_32.bin
01-09 20:42:58.547 25879 26016 I TestLog :  targetProcess:site.mises.browser_default:sandboxed_process0:org.chromium.content.app.SandboxedProcessService0:8 action:null targetClass:org.chromium.content.app.SandboxedProcessService0 com.lestore.lpsdk.manager.e@3226799
01-09 20:42:58.547 25879 26016 I CK-TestLog: mSwitch = false checkClass = org.chromium.content.app.SandboxedProcessService0
01-09 20:42:58.692 20537 20537 I cr_SplitCompatApp: Launched version=105.0.5195.24 minSdkVersion=23 isBundle=false processName=site.mises.browser_default:sandboxed_process0:org.chromium.content.app.SandboxedProcessService0:7 isIsolated=true
01-09 20:42:58.714 20537 20583 I chromium: [INFO:library_loader_hooks.cc(51)] Chromium logging enabled: level = 0, default verbosity = 0
01-09 20:42:58.717 20537 20583 W chromium: [WARNING:trace_startup_config.cc(260)] The trace config file does not exist.
01-09 20:42:58.724 20537 20583 I chromium: [INFO:chrome_main_delegate.cc(586)] [kiwi]ChromeMainDelegate::PostEarlyInitialization step-1
01-09 20:42:58.733 20543 20543 I cr_SplitCompatApp: Launched version=105.0.5195.24 minSdkVersion=23 isBundle=false processName=site.mises.browser_default:sandboxed_process0:org.chromium.content.app.SandboxedProcessService0:8 isIsolated=true
01-09 20:42:58.746 20537 20583 I chromium: [INFO:child_process_service.cc(69)] ChildProcessService: Exiting child process.
01-09 20:42:58.756 20543 20590 I chromium: [INFO:library_loader_hooks.cc(51)] Chromium logging enabled: level = 0, default verbosity = 0
01-09 20:42:58.758 20543 20590 W chromium: [WARNING:trace_startup_config.cc(260)] The trace config file does not exist.
01-09 20:42:58.765 20543 20590 I chromium: [INFO:chrome_main_delegate.cc(586)] [kiwi]ChromeMainDelegate::PostEarlyInitialization step-1
01-09 20:42:58.767 17408 17408 W chromium: [WARNING:compositor_view.cc(342)] Child process died (type=6) pid=20537)
01-09 20:42:58.782 20543 20590 I chromium: [INFO:child_process_service.cc(69)] ChildProcessService: Exiting child process.
01-09 20:42:58.794 17408 17408 W chromium: [WARNING:compositor_view.cc(342)] Child process died (type=6) pid=20543)
01-09 20:42:59.652 17408 17408 I chromium: [INFO:autocomplete_controller.cc(652)] Cg AutocompleteController::Stop
01-09 20:42:59.790 17408 17408 I chromium: [INFO:autocomplete_controller.cc(652)] Cg AutocompleteController::Stop
01-09 20:43:00.644 17408 17408 I chromium: [INFO:autocomplete_controller.cc(652)] Cg AutocompleteController::Stop
01-09 20:43:00.816 17408 17408 I chromium: [INFO:autocomplete_controller.cc(652)] Cg AutocompleteController::Stop
01-09 20:43:11.474 18150 18227 E chromium: [ERROR:ssl_client_socket_impl.cc(982)] handshake failed; returned -1, SSL error code 1, net_error -101
01-09 20:46:04.350 17408 17491 I chromium: [INFO:ssl_client_socket_impl.cc(1503)] NetLogOpenSSLError:optimizationguide-pa.googleapis.com
01-09 20:46:38.520 17408 20612 W cr_PartnerCustomize: Partner homepage must be HTTP(S) or NewTabPage. Got invalid URL "org.chromium.url.GURL@0"
01-09 20:46:39.876 17408 17408 I chromium: [INFO:autocomplete_controller.cc(495)] Cg AutocompleteController::Start input text: chrome-search://local-ntp/local-ntp.html
01-09 20:46:39.877 17408 17408 I chromium: [INFO:autocomplete_controller.cc(557)] Cg AutocompleteController::Start providerName=Search
01-09 20:46:39.877 17408 17408 I chromium: [INFO:autocomplete_controller.cc(557)] Cg AutocompleteController::Start providerName=Bookmark
01-09 20:46:39.877 17408 17408 I chromium: [INFO:autocomplete_controller.cc(557)] Cg AutocompleteController::Start providerName=Builtin
01-09 20:46:39.877 17408 17408 I chromium: [INFO:autocomplete_controller.cc(557)] Cg AutocompleteController::Start providerName=HistoryQuick
01-09 20:46:39.877 17408 17408 I chromium: [INFO:autocomplete_controller.cc(557)] Cg AutocompleteController::Start providerName=Search
01-09 20:46:39.878 17408 17408 I chromium: [INFO:autocomplete_controller.cc(557)] Cg AutocompleteController::Start providerName=HistoryURL
01-09 20:46:39.878 17408 17408 I chromium: [INFO:autocomplete_controller.cc(557)] Cg AutocompleteController::Start providerName=Shortcuts
01-09 20:46:39.879 17408 17408 I chromium: [INFO:autocomplete_controller.cc(557)] Cg AutocompleteController::Start providerName=ZeroSuggest
01-09 20:46:39.879 17408 17408 I chromium: [INFO:autocomplete_controller.cc(557)] Cg AutocompleteController::Start providerName=LocalHistoryZeroSuggest
01-09 20:46:39.879 17408 17408 I chromium: [INFO:autocomplete_controller.cc(557)] Cg AutocompleteController::Start providerName=MostVisitedSites
01-09 20:46:39.879 17408 17408 I chromium: [INFO:autocomplete_controller.cc(557)] Cg AutocompleteController::Start providerName=VerbatimMatch
01-09 20:46:39.879 17408 17408 I chromium: [INFO:autocomplete_controller.cc(557)] Cg AutocompleteController::Start providerName=OnDeviceHead
01-09 20:46:39.879 17408 17408 I chromium: [INFO:autocomplete_controller.cc(557)] Cg AutocompleteController::Start providerName=Clipboard
01-09 20:46:39.879 17408 17408 I chromium: [INFO:autocomplete_controller.cc(557)] Cg AutocompleteController::Start providerName=VoiceSuggest
01-09 20:46:43.427 17408 17408 I chromium: [INFO:autocomplete_controller.cc(652)] Cg AutocompleteController::Stop
01-09 20:46:43.460 17408 17408 I chromium: [INFO:autocomplete_controller.cc(495)] Cg AutocompleteController::Start input text: g
01-09 20:46:43.460 17408 17408 I chromium: [INFO:autocomplete_controller.cc(557)] Cg AutocompleteController::Start providerName=Search
01-09 20:46:43.460 17408 17408 I chromium: [INFO:autocomplete_controller.cc(557)] Cg AutocompleteController::Start providerName=Bookmark
01-09 20:46:43.460 17408 17408 I chromium: [INFO:autocomplete_controller.cc(557)] Cg AutocompleteController::Start providerName=Builtin
01-09 20:46:43.461 17408 17408 I chromium: [INFO:autocomplete_controller.cc(557)] Cg AutocompleteController::Start providerName=HistoryQuick
01-09 20:46:43.461 17408 17408 I chromium: [INFO:autocomplete_controller.cc(557)] Cg AutocompleteController::Start providerName=Search
01-09 20:46:43.463 17408 17408 I chromium: [INFO:autocomplete_controller.cc(557)] Cg AutocompleteController::Start providerName=HistoryURL
01-09 20:46:43.464 17408 17408 I chromium: [INFO:autocomplete_controller.cc(557)] Cg AutocompleteController::Start providerName=Shortcuts
01-09 20:46:43.464 17408 17408 I chromium: [INFO:autocomplete_controller.cc(557)] Cg AutocompleteController::Start providerName=ZeroSuggest
01-09 20:46:43.464 17408 17408 I chromium: [INFO:autocomplete_controller.cc(557)] Cg AutocompleteController::Start providerName=LocalHistoryZeroSuggest
01-09 20:46:43.464 17408 17408 I chromium: [INFO:autocomplete_controller.cc(557)] Cg AutocompleteController::Start providerName=MostVisitedSites
01-09 20:46:43.464 17408 17408 I chromium: [INFO:autocomplete_controller.cc(557)] Cg AutocompleteController::Start providerName=VerbatimMatch
01-09 20:46:43.465 17408 17408 I chromium: [INFO:autocomplete_controller.cc(557)] Cg AutocompleteController::Start providerName=OnDeviceHead
01-09 20:46:43.465 17408 17408 I chromium: [INFO:autocomplete_controller.cc(557)] Cg AutocompleteController::Start providerName=Clipboard
01-09 20:46:43.465 17408 17408 I chromium: [INFO:autocomplete_controller.cc(557)] Cg AutocompleteController::Start providerName=VoiceSuggest
01-09 20:46:43.465 17408 17408 I chromium: [INFO:autocomplete_controller.cc(883)] Cg ProviderMatch providerName=Search,match.content=google.com, match.desc=,image_url=,relevance=102
01-09 20:46:43.465 17408 17408 I chromium: [INFO:autocomplete_controller.cc(883)] Cg ProviderMatch providerName=Search,match.content=gmail.com, match.desc=,image_url=,relevance=101
01-09 20:46:43.465 17408 17408 I chromium: [INFO:autocomplete_controller.cc(883)] Cg ProviderMatch providerName=Search,match.content=mail.google.com, match.desc=,image_url=,relevance=100
01-09 20:46:43.465 17408 17408 I chromium: [INFO:autocomplete_controller.cc(883)] Cg ProviderMatch providerName=Search,match.content=g, match.desc=,image_url=,relevance=1300
01-09 20:46:43.478 17408 17408 I chromium: [INFO:autocomplete_controller.cc(883)] Cg ProviderMatch providerName=Search,match.content=google.com, match.desc=,image_url=,relevance=102
01-09 20:46:43.478 17408 17408 I chromium: [INFO:autocomplete_controller.cc(883)] Cg ProviderMatch providerName=Search,match.content=gmail.com, match.desc=,image_url=,relevance=101
01-09 20:46:43.478 17408 17408 I chromium: [INFO:autocomplete_controller.cc(883)] Cg ProviderMatch providerName=Search,match.content=mail.google.com, match.desc=,image_url=,relevance=100
01-09 20:46:43.478 17408 17408 I chromium: [INFO:autocomplete_controller.cc(883)] Cg ProviderMatch providerName=Search,match.content=g, match.desc=,image_url=,relevance=1300
01-09 20:46:44.476 17408 17408 I chromium: [INFO:autocomplete_controller.cc(883)] Cg ProviderMatch providerName=Search,match.content=google.com, match.desc=,image_url=,relevance=102
01-09 20:46:44.476 17408 17408 I chromium: [INFO:autocomplete_controller.cc(883)] Cg ProviderMatch providerName=Search,match.content=gmail.com, match.desc=,image_url=,relevance=101
01-09 20:46:44.476 17408 17408 I chromium: [INFO:autocomplete_controller.cc(883)] Cg ProviderMatch providerName=Search,match.content=mail.google.com, match.desc=,image_url=,relevance=100
01-09 20:46:44.477 17408 17408 I chromium: [INFO:autocomplete_controller.cc(883)] Cg ProviderMatch providerName=Search,match.content=g, match.desc=,image_url=,relevance=952
01-09 20:46:44.477 17408 17408 I chromium: [INFO:autocomplete_controller.cc(883)] Cg ProviderMatch providerName=Search,match.content=google, match.desc=,image_url=,relevance=601
01-09 20:46:44.477 17408 17408 I chromium: [INFO:autocomplete_controller.cc(883)] Cg ProviderMatch providerName=Search,match.content=google, match.desc=谷歌 — 公司,image_url=https://encrypted-tbn0.gstatic.com/images?q=tbn:ANd9GcSPRw-cAmJ2mLJATKMtiLUmqDGjavm7xA7riq6PoHWGtEWeT4Rg3iOpX9k&s=10,relevance=600
01-09 20:46:44.477 17408 17408 I chromium: [INFO:autocomplete_controller.cc(883)] Cg ProviderMatch providerName=Search,match.content=google play, match.desc=,image_url=,relevance=555
01-09 20:46:44.477 17408 17408 I chromium: [INFO:autocomplete_controller.cc(883)] Cg ProviderMatch providerName=Search,match.content=google play下载, match.desc=,image_url=,relevance=554
01-09 20:46:44.477 17408 17408 I chromium: [INFO:autocomplete_controller.cc(883)] Cg ProviderMatch providerName=Search,match.content=google translate, match.desc=,image_url=,relevance=553
01-09 20:46:44.478 17408 17408 I chromium: [INFO:autocomplete_controller.cc(883)] Cg ProviderMatch providerName=Search,match.content=gmail, match.desc=,image_url=,relevance=552
01-09 20:46:44.478 17408 17408 I chromium: [INFO:autocomplete_controller.cc(883)] Cg ProviderMatch providerName=Search,match.content=gmail邮箱, match.desc=,image_url=,relevance=551
01-09 20:46:44.478 17408 17408 I chromium: [INFO:autocomplete_controller.cc(883)] Cg ProviderMatch providerName=Search,match.content=gu, match.desc=,image_url=,relevance=550
01-09 20:46:45.551 17408 17464 W chromium: [WARNING:child_process_launcher_helper_posix.cc(83)] Ignoring invalid file assets/snapshot_blob_32.bin
01-09 20:46:45.567 25879 26016 I TestLog :  targetProcess:site.mises.browser_default:sandboxed_process0:org.chromium.content.app.SandboxedProcessService0:9 action:null targetClass:org.chromium.content.app.SandboxedProcessService0 com.lestore.lpsdk.manager.e@3226799
01-09 20:46:45.567 25879 26016 I CK-TestLog: mSwitch = false checkClass = org.chromium.content.app.SandboxedProcessService0
01-09 20:46:45.735 20866 20866 I cr_SplitCompatApp: Launched version=105.0.5195.24 minSdkVersion=23 isBundle=false processName=site.mises.browser_default:sandboxed_process0:org.chromium.content.app.SandboxedProcessService0:9 isIsolated=true
01-09 20:46:45.788 20866 20885 I chromium: [INFO:library_loader_hooks.cc(51)] Chromium logging enabled: level = 0, default verbosity = 0
01-09 20:46:45.796 20866 20885 W chromium: [WARNING:trace_startup_config.cc(260)] The trace config file does not exist.
01-09 20:46:45.806 20866 20885 I chromium: [INFO:chrome_main_delegate.cc(586)] [kiwi]ChromeMainDelegate::PostEarlyInitialization step-1
01-09 20:46:45.847 17408 17408 I chromium: [INFO:autocomplete_controller.cc(652)] Cg AutocompleteController::Stop
01-09 20:46:45.847 20866 20885 I chromium: [INFO:child_process_service.cc(69)] ChildProcessService: Exiting child process.
01-09 20:46:45.871 17408 17408 W chromium: [WARNING:compositor_view.cc(342)] Child process died (type=6) pid=20866)
01-09 20:46:46.012 17408 17408 I chromium: [INFO:autocomplete_controller.cc(652)] Cg AutocompleteController::Stop
01-09 20:49:08.472 21593 21617 W cr_PartnerCustomize: Partner homepage must be HTTP(S) or NewTabPage. Got invalid URL "org.chromium.url.GURL@0"
01-09 20:49:08.727 21593 21641 I chromium: [INFO:library_loader_hooks.cc(51)] Chromium logging enabled: level = 0, default verbosity = 0
01-09 20:49:08.781 25879 25897 I TestLog :  targetProcess:site.mises.browser_default:sandboxed_process0:org.chromium.content.app.SandboxedProcessService0:0 action:null targetClass:org.chromium.content.app.SandboxedProcessService0 com.lestore.lpsdk.manager.e@3226799
01-09 20:49:08.781 25879 25897 I CK-TestLog: mSwitch = false checkClass = org.chromium.content.app.SandboxedProcessService0
01-09 20:49:08.789 21593 21593 W chromium: [WARNING:trace_startup_config.cc(260)] The trace config file does not exist.
01-09 20:49:08.794 21593 21593 I chromium: [INFO:chrome_main_delegate.cc(586)] [kiwi]ChromeMainDelegate::PostEarlyInitialization step-1
01-09 20:49:08.813 21593 21593 W chromium: [WARNING:file_util_posix.cc(609)] OS_ANDROID: Home directory lookup not yet implemented.
01-09 20:49:08.828 21593 21593 I chromium: [INFO:content_main_runner_impl.cc(1194)] Chrome is running in full browser mode.
01-09 20:49:08.878 21593 21593 E chromium: [ERROR:chrome_browser_main_extra_parts_views.cc(119)] ChromeBrowserMainExtraPartsViews::PreProfileInit
01-09 20:49:08.879 21593 21593 E chromium: [ERROR:chrome_browser_main_extra_parts_views.cc(139)] ChromeBrowserMainExtraPartsViews::PreProfileInitsetp - 2
01-09 20:49:08.881 25879 25897 I TestLog :  targetProcess:site.mises.browser_default:privileged_process0 action:null targetClass:org.chromium.content.app.PrivilegedProcessService0 com.lestore.lpsdk.manager.e@3226799
01-09 20:49:08.881 25879 25897 I CK-TestLog: mSwitch = false checkClass = org.chromium.content.app.PrivilegedProcessService0
01-09 20:49:09.041 21593 21593 E chromium: [ERROR:shell_integration_android.cc(22)] shell_integration_android::GetDefaultWebClientSetPermission
01-09 20:49:09.131 21593 21593 I cr_SmsProviderGms: construction successfull org.chromium.content.browser.sms.SmsVerificationReceiver@9c5ff6f, org.chromium.content.browser.sms.SmsUserConsentReceiver@bfbc47c
01-09 20:49:09.185 21593 21593 I chromium: [INFO:mises_component_loader.cc(113)] OnExtensionLoaded ahfgeienlihckogmohjhadlkjgocpleb
01-09 20:49:09.188 21593 21593 I chromium: [INFO:app_menu_bridge.cc(429)] [Mises] AppMenuBridge::GetRunningExtensionsInternal
01-09 20:49:09.189 21593 21593 I chromium: [INFO:mises_component_loader.cc(113)] OnExtensionLoaded kmendfapggjehodndflmmgagdbamhnfd
01-09 20:49:09.190 21593 21593 I chromium: [INFO:app_menu_bridge.cc(429)] [Mises] AppMenuBridge::GetRunningExtensionsInternal
01-09 20:49:09.260 21593 21593 I chromium: [INFO:mises_component_loader.cc(113)] OnExtensionLoaded nkbihfbeogaeaoehlefnkodbefgpgknn
01-09 20:49:09.261 21593 21593 I chromium: [INFO:app_menu_bridge.cc(429)] [Mises] AppMenuBridge::GetRunningExtensionsInternal
01-09 20:49:09.280 21593 21593 I chromium: [INFO:mises_component_loader.cc(113)] OnExtensionLoaded jkpbgdgopmifmokhejofbmgdabapoefl
01-09 20:49:09.280 21593 21593 I chromium: [INFO:app_menu_bridge.cc(429)] [Mises] AppMenuBridge::GetRunningExtensionsInternal
01-09 20:49:09.292 21593 21688 E chromium: [ERROR:shell_integration_android.cc(32)] shell_integration_android::GetDefaultBrowser
01-09 20:49:09.292 21593 21593 I chromium: [INFO:browser_context_keyed_service_factories.cc(75)] [Kiwi] chrome_extensions::EnsureBrowserContextKeyedServiceFactoriesBuilt
01-09 20:49:09.319 21593 21593 I chromium: [INFO:optimization_guide_logger.cc(40)] ../../components/optimization_guide/core/hints_manager.cc(381) Received OptimizationHints component version: 373
01-09 20:49:09.319 21593 21593 I chromium: [INFO:optimization_guide_logger.cc(40)] ../../components/optimization_guide/core/hints_manager.cc(423) Processing OptimizationHints component version: 373
01-09 20:49:09.321 21593 21699 I chromium: [INFO:mises_component_loader.cc(139)] AsyncRunWithMetamaskStorage
01-09 20:49:09.325 21593 21699 I chromium: [INFO:mises_component_loader.cc(141)] Got Metamask Storage
01-09 20:49:09.325 21593 21699 I chromium: [INFO:mises_component_loader.cc(148)] Got Metamask Storage provider{
01-09 20:49:09.325 21593 21699 I chromium:    "chainId": "0x1",
01-09 20:49:09.325 21593 21699 I chromium:    "ticker": "ETH",
01-09 20:49:09.325 21593 21699 I chromium:    "type": "mainnet"
01-09 20:49:09.325 21593 21699 I chromium: }
01-09 20:49:09.325 21593 21699 I chromium: 
01-09 20:49:09.329 21593 21593 I chromium: [INFO:instant_service.cc(84)] InstantService::InstantService
01-09 20:49:09.330 21593 21593 I chromium: [INFO:instant_service.cc(94)] InstantService::InstantService step - 1
01-09 20:49:09.335 21593 21688 W chromium: [WARNING:simple_synchronous_entry.cc(1437)] Could not open platform files for entry.
01-09 20:49:09.338 21593 21668 W chromium: [WARNING:child_process_launcher_helper_posix.cc(83)] Ignoring invalid file assets/snapshot_blob_32.bin
01-09 20:49:09.349 21593 21688 I chromium: [INFO:mises_component_loader.cc(164)] AsyncRunWithMiseswalletStorage
01-09 20:49:09.360 21593 21593 I chromium: [INFO:optimization_guide_logger.cc(40)] ../../components/optimization_guide/core/hints_manager.cc(556) Component successfully processed
01-09 20:49:09.364 21593 21593 I chromium: [INFO:top_sites_impl.cc(437)] [Kiwi] TopSitesImpl::AddPrepopulatedPages: 0
01-09 20:49:09.364 21593 21593 I chromium: [INFO:top_sites_impl.cc(447)] [Kiwi] TopSitesImpl::AddPrepopulatedPages, added: 0
01-09 20:49:09.364 21593 21593 I chromium: [INFO:most_visited_sites.cc(465)] [Kiwi] MostVisitedSites::OnMostVisitedURLsAvailable - Step 2: 0
01-09 20:49:09.364 21593 21593 I chromium: [INFO:most_visited_sites.cc(466)] [Kiwi] MostVisitedSites::OnMostVisitedURLsAvailable - Step 2a: 0
01-09 20:49:09.364 21593 21593 I chromium: [INFO:most_visited_sites.cc(467)] [Kiwi] MostVisitedSites::OnMostVisitedURLsAvailable - Step 2b: 8
01-09 20:49:09.364 21593 21593 I chromium: [INFO:most_visited_sites.cc(742)] [Kiwi] MostVisitedSites::SaveTilesAndNotify - Step 1
01-09 20:49:09.364 21593 21593 I chromium: [INFO:most_visited_sites.cc(756)] [Kiwi] MostVisitedSites::SaveTilesAndNotify - Step 2
01-09 20:49:09.364 21593 21593 I chromium: [INFO:most_visited_sites.cc(761)] [Kiwi] MostVisitedSites::SaveTilesAndNotify - Step 3
01-09 20:49:09.373 21593 21668 W chromium: [WARNING:child_process_launcher_helper_posix.cc(83)] Ignoring invalid file assets/snapshot_blob_32.bin
01-09 20:49:09.378 25879 25897 I TestLog :  targetProcess:site.mises.browser_default:sandboxed_process0:org.chromium.content.app.SandboxedProcessService0:1 action:null targetClass:org.chromium.content.app.SandboxedProcessService0 com.lestore.lpsdk.manager.e@3226799
01-09 20:49:09.378 25879 25897 I CK-TestLog: mSwitch = false checkClass = org.chromium.content.app.SandboxedProcessService0
01-09 20:49:09.398 21593 21593 I chromium: [INFO:instant_service.cc(283)] [Kiwi] InstantService::SearchComplete - found extension: chrome-extension://jkpbgdgopmifmokhejofbmgdabapoefl/
01-09 20:49:09.399 21593 21593 I chromium: [INFO:instant_service.cc(283)] [Kiwi] InstantService::SearchComplete - found extension: chrome-extension://nkbihfbeogaeaoehlefnkodbefgpgknn/
01-09 20:49:09.399 21593 21593 I chromium: [INFO:instant_service.cc(296)] [Kiwi] InstantService::SearchComplete - sort extension: chrome-extension://nkbihfbeogaeaoehlefnkodbefgpgknn/
01-09 20:49:09.399 21593 21593 I chromium: [INFO:instant_service.cc(296)] [Kiwi] InstantService::SearchComplete - sort extension: chrome-extension://jkpbgdgopmifmokhejofbmgdabapoefl/
01-09 20:49:09.399 21593 21593 I chromium: [INFO:instant_service.cc(334)] [Kiwi] InstantService::NotifyAboutMostVisitedInfo
01-09 20:49:09.404 21593 21690 I chromium: [INFO:safe_browsing_url_checker_impl.cc(495)] Cg SafeBrowsingUrlCheckerImpl::ProcessUrls() CheckBrowseUrl IS_ANDROID
01-09 20:49:09.404 21593 21690 I chromium: [INFO:safe_browsing_url_checker_impl.cc(497)] Cg SafeBrowsingUrlCheckerImpl::ProcessUrls() CheckBrowseUrl IS_ANDROID !is_subresource
01-09 20:49:09.406 21593 21593 I chromium: [INFO:optimization_guide_logger.cc(40)] ../../components/optimization_guide/core/hints_manager.cc(510) Hint cache initialized
01-09 20:49:09.416 21593 21690 I chromium: [INFO:safe_browsing_url_checker_impl.cc(495)] Cg SafeBrowsingUrlCheckerImpl::ProcessUrls() CheckBrowseUrl IS_ANDROID
01-09 20:49:09.416 21593 21690 I chromium: [INFO:safe_browsing_url_checker_impl.cc(497)] Cg SafeBrowsingUrlCheckerImpl::ProcessUrls() CheckBrowseUrl IS_ANDROID !is_subresource
01-09 20:49:09.487 21762 21762 I cr_SplitCompatApp: Launched version=105.0.5195.24 minSdkVersion=23 isBundle=false processName=site.mises.browser_default:sandboxed_process0:org.chromium.content.app.SandboxedProcessService0:0 isIsolated=true
01-09 20:49:09.488 21785 21785 I cr_SplitCompatApp: Launched version=105.0.5195.24 minSdkVersion=23 isBundle=false processName=site.mises.browser_default:sandboxed_process0:org.chromium.content.app.SandboxedProcessService0:1 isIsolated=true
01-09 20:49:09.514 21762 21834 I chromium: [INFO:library_loader_hooks.cc(51)] Chromium logging enabled: level = 0, default verbosity = 0
01-09 20:49:09.516 21593 21593 I chromium: [INFO:developer_private_api.cc(701)] DeveloperPrivateAPI::RegisterNotifications
01-09 20:49:09.517 21762 21834 W chromium: [WARNING:trace_startup_config.cc(260)] The trace config file does not exist.
01-09 20:49:09.517 21593 21593 I chromium: [INFO:windows_event_router.cc(354)] WindowsEventRouter::OnTabModelAdded 
01-09 20:49:09.525 21762 21834 I chromium: [INFO:chrome_main_delegate.cc(586)] [kiwi]ChromeMainDelegate::PostEarlyInitialization step-1
01-09 20:49:09.528 21785 21835 I chromium: [INFO:library_loader_hooks.cc(51)] Chromium logging enabled: level = 0, default verbosity = 0
01-09 20:49:09.533 21762 21834 E chromium: [ERROR:runtime_enabled_features.cc(2440)] RuntimeEnabledFeature not recognized: TrustedDOMTypes
01-09 20:49:09.534 21785 21835 W chromium: [WARNING:trace_startup_config.cc(260)] The trace config file does not exist.
01-09 20:49:09.543 21785 21835 I chromium: [INFO:chrome_main_delegate.cc(586)] [kiwi]ChromeMainDelegate::PostEarlyInitialization step-1
01-09 20:49:09.559 21642 21722 I chromium: [0109/204909.559913:INFO:com_tencent_mars_cdn_CronetLogic_Java2C.cc(42)] cronet vfs init rv 0
01-09 20:49:09.560 21593 21593 E chromium: [ERROR:SkFontMgr_android.cpp(192)] Requested font file /system/fonts/NotoSansJavanese-Regular.ttf does not exist or cannot be opened.
01-09 20:49:09.560 21593 21593 E chromium: 
01-09 20:49:09.561 21785 21835 E chromium: [ERROR:runtime_enabled_features.cc(2440)] RuntimeEnabledFeature not recognized: TrustedDOMTypes
01-09 20:49:09.569 21593 21593 I chromium: [INFO:widget.cc(322)] Widget::Init step - 1
01-09 20:49:09.569 21593 21593 I chromium: [INFO:widget_delegate.cc(54)] WidgetDelegate::~WidgetDelegate
01-09 20:49:09.622 21593 21593 I chromium: [INFO:windows_event_router.cc(369)] WindowsEventRouter::DidAddTab
01-09 20:49:09.656 21785 21853 E chromium: [ERROR:SkFontMgr_android.cpp(192)] Requested font file /system/fonts/NotoSansJavanese-Regular.ttf does not exist or cannot be opened.
01-09 20:49:09.656 21785 21853 E chromium: 
01-09 20:49:09.658 21762 21834 I chromium: [INFO:dark_mode_settings_builder.cc(38)] [Kiwi] ParseDarkModeSettings
01-09 20:49:09.662 21762 21841 E chromium: [ERROR:SkFontMgr_android.cpp(192)] Requested font file /system/fonts/NotoSansJavanese-Regular.ttf does not exist or cannot be opened.
01-09 20:49:09.662 21762 21841 E chromium: 
01-09 20:49:09.673 21785 21835 I chromium: [INFO:dark_mode_settings_builder.cc(38)] [Kiwi] ParseDarkModeSettings
01-09 20:49:09.714 21593 21593 I chromium: [INFO:search_tab_helper.cc(158)] SearchTabHelper::SearchTabHelper
01-09 20:49:09.714 21593 21593 I chromium: [INFO:search_tab_helper.cc(161)] SearchTabHelper::SearchTabHelper step - 1
01-09 20:49:09.791 21593 21668 W chromium: [WARNING:child_process_launcher_helper_posix.cc(83)] Ignoring invalid file assets/snapshot_blob_32.bin
01-09 20:49:09.796 25879 25897 I TestLog :  targetProcess:site.mises.browser_default:sandboxed_process0:org.chromium.content.app.SandboxedProcessService0:2 action:null targetClass:org.chromium.content.app.SandboxedProcessService0 com.lestore.lpsdk.manager.e@3226799
01-09 20:49:09.796 25879 25897 I CK-TestLog: mSwitch = false checkClass = org.chromium.content.app.SandboxedProcessService0
01-09 20:49:09.810 21593 21593 I chromium: [INFO:search_tab_helper.cc(202)] SearchTabHelper::DidStartNavigation step - 1 chrome-search://local-ntp/local-ntp.html
01-09 20:49:09.811 21593 21593 I chromium: [INFO:search_tab_helper.cc(205)] SearchTabHelper::DidStartNavigation step - 2
01-09 20:49:09.811 21593 21593 I chromium: [INFO:search_tab_helper.cc(208)] SearchTabHelper::DidStartNavigation step - 3
01-09 20:49:09.822 21593 21690 I chromium: [INFO:safe_browsing_url_checker_impl.cc(495)] Cg SafeBrowsingUrlCheckerImpl::ProcessUrls() CheckBrowseUrl IS_ANDROID
01-09 20:49:09.822 21593 21690 I chromium: [INFO:safe_browsing_url_checker_impl.cc(497)] Cg SafeBrowsingUrlCheckerImpl::ProcessUrls() CheckBrowseUrl IS_ANDROID !is_subresource
01-09 20:49:09.848 21593 21690 I chromium: [INFO:safe_browsing_url_checker_impl.cc(495)] Cg SafeBrowsingUrlCheckerImpl::ProcessUrls() CheckBrowseUrl IS_ANDROID
01-09 20:49:09.903 21883 21883 I cr_SplitCompatApp: Launched version=105.0.5195.24 minSdkVersion=23 isBundle=false processName=site.mises.browser_default:sandboxed_process0:org.chromium.content.app.SandboxedProcessService0:2 isIsolated=true
01-09 20:49:09.924 21883 21920 I chromium: [INFO:library_loader_hooks.cc(51)] Chromium logging enabled: level = 0, default verbosity = 0
01-09 20:49:09.927 21883 21920 W chromium: [WARNING:trace_startup_config.cc(260)] The trace config file does not exist.
01-09 20:49:09.935 21883 21920 I chromium: [INFO:chrome_main_delegate.cc(586)] [kiwi]ChromeMainDelegate::PostEarlyInitialization step-1
01-09 20:49:09.945 21883 21920 E chromium: [ERROR:runtime_enabled_features.cc(2440)] RuntimeEnabledFeature not recognized: TrustedDOMTypes
01-09 20:49:10.005 21883 21920 I chromium: [INFO:dark_mode_settings_builder.cc(38)] [Kiwi] ParseDarkModeSettings
01-09 20:49:10.024 21883 21925 E chromium: [ERROR:SkFontMgr_android.cpp(192)] Requested font file /system/fonts/NotoSansJavanese-Regular.ttf does not exist or cannot be opened.
01-09 20:49:10.024 21883 21925 E chromium: 
01-09 20:49:10.284 21883 21920 I chromium: [INFO:searchbox.cc(368)] [Kiwi] SearchBox::DidCommitProvisionalLoad
01-09 20:49:10.340 21883 21920 I chromium: [INFO:searchbox.cc(377)] [Kiwi] SearchBox::MisesInfoChanged - Step 1
01-09 20:49:10.341 21883 21920 I chromium: [INFO:searchbox.cc(319)] [Kiwi] SearchBox::MostVisitedInfoChanged - Step 1
01-09 20:49:10.341 21883 21920 I chromium: [INFO:searchbox.cc(329)] [Kiwi] SearchBox::MostVisitedInfoChanged - Step 2
01-09 20:49:10.341 21883 21920 I chromium: [INFO:searchbox.cc(332)] [Kiwi] SearchBox::MostVisitedInfoChanged - Dispatching
01-09 20:49:10.529 21642 21722 I chromium: [0109/204910.529592:INFO:cronet_core.cc(38)] -> CronetCore
01-09 20:49:10.530 21642 21722 I chromium: [0109/204910.530570:INFO:cronet_task_manager.cc(49)] -> CronetTaskManager
01-09 20:49:10.530 21642 21722 I chromium: [0109/204910.530679:INFO:cronet_task_manager.cc(49)] <- CronetTaskManager +0
01-09 20:49:10.530 21642 21722 I chromium: [0109/204910.530709:INFO:http_with_cronet.cc(96)] cronet chromium SetUserCertVerify
01-09 20:49:10.530 21642 21722 I chromium: [0109/204910.530737:INFO:cronet_core.cc(38)] <- CronetCore +1
01-09 20:49:15.339 21883 21920 I chromium: [INFO:searchbox_extension.cc(295)] [Kiwi] SearchBox* GetSearchBoxForCurrentContext
01-09 20:49:15.339 21883 21920 I chromium: [INFO:searchbox_extension.cc(297)] [Kiwi] SearchBox* GetSearchBoxForCurrentContext - main_frame: 0x74c6478550
01-09 20:49:15.339 21883 21920 I chromium: [INFO:searchbox_extension.cc(300)] [Kiwi] SearchBox* GetSearchBoxForCurrentContext - searchbox: 0x7466480b10
01-09 20:49:15.859 21883 21920 I chromium: [INFO:searchbox_extension.cc(295)] [Kiwi] SearchBox* GetSearchBoxForCurrentContext
01-09 20:49:15.859 21883 21920 I chromium: [INFO:searchbox_extension.cc(297)] [Kiwi] SearchBox* GetSearchBoxForCurrentContext - main_frame: 0x74c6478550
01-09 20:49:15.859 21883 21920 I chromium: [INFO:searchbox_extension.cc(300)] [Kiwi] SearchBox* GetSearchBoxForCurrentContext - searchbox: 0x7466480b10
01-09 20:49:17.871 25879 25897 I TestLog :  targetProcess:site.mises.browser_default:sandboxed_process0:org.chromium.content.app.SandboxedProcessService0:3 action:null targetClass:org.chromium.content.app.SandboxedProcessService0 com.lestore.lpsdk.manager.e@3226799
01-09 20:49:17.871 25879 25897 I CK-TestLog: mSwitch = false checkClass = org.chromium.content.app.SandboxedProcessService0
01-09 20:49:17.956 22208 22208 I cr_SplitCompatApp: Launched version=105.0.5195.24 minSdkVersion=23 isBundle=false processName=site.mises.browser_default:sandboxed_process0:org.chromium.content.app.SandboxedProcessService0:3 isIsolated=true
01-09 20:49:17.989 22208 22228 I chromium: [INFO:library_loader_hooks.cc(51)] Chromium logging enabled: level = 0, default verbosity = 0
01-09 20:49:17.993 22208 22228 W chromium: [WARNING:trace_startup_config.cc(260)] The trace config file does not exist.
01-09 20:49:18.003 22208 22228 I chromium: [INFO:chrome_main_delegate.cc(586)] [kiwi]ChromeMainDelegate::PostEarlyInitialization step-1
01-09 20:49:18.010 22208 22228 E chromium: [ERROR:runtime_enabled_features.cc(2440)] RuntimeEnabledFeature not recognized: TrustedDOMTypes
01-09 20:49:18.094 22208 22231 E chromium: [ERROR:SkFontMgr_android.cpp(192)] Requested font file /system/fonts/NotoSansJavanese-Regular.ttf does not exist or cannot be opened.
01-09 20:49:18.094 22208 22231 E chromium: 
01-09 20:49:26.359 22208 22228 I chromium: [INFO:dark_mode_settings_builder.cc(38)] [Kiwi] ParseDarkModeSettings
01-11 07:46:21.357  1662  1694 I ActivityManager: Start proc 7510:com.ss.android.article.news:sandboxed_process3/u0a121 for service {com.ss.android.article.news/com.bytedance.org.chromium.content.app.SandboxedProcessService2}
01-11 07:46:22.542  1662  1694 I ActivityManager: Start proc 7615:com.ss.android.article.news:sandboxed_process4/u0a121 for service {com.ss.android.article.news/com.bytedance.org.chromium.content.app.SandboxedProcessService3}
01-11 09:09:52.710  1662  1678 I ActivityManager: Killing 28613:com.google.android.webview:sandboxed_process0:org.chromium.content.app.SandboxedProcessService0:0/u0a40i93 (adj 0): isolated not needed
01-11 09:10:05.930  1662  1694 I ActivityManager: Start proc 13375:com.google.android.webview:sandboxed_process0:org.chromium.content.app.SandboxedProcessService0:0/u0i94 for  {com.tencent.mm/org.chromium.content.app.SandboxedProcessService0:0}
01-11 10:24:37.314 15955 16061 I TT_WEBVIEW: Initializing the com.bytedance.webview.chromium.glue.sdk113.ISdkToGlueSdk113$RequestDiskCacheCallback nameToMethod map takes 0 milliseconds
01-11 10:24:37.343 15955 16101 E TT_WEBVIEW: 暂不支持重载: com.bytedance.webview.chromium.GlueToSdkWrapper::wait
01-11 10:24:37.343 15955 16101 E TT_WEBVIEW: 暂不支持重载: com.bytedance.webview.chromium.GlueToSdkWrapper::wait
01-11 10:24:37.343 15955 16101 I TT_WEBVIEW: Initializing the com.bytedance.webview.chromium.GlueToSdkWrapper nameToMethod map takes 2 milliseconds
01-11 10:24:37.354 15955 16066 E tt_webview: preload classes failed, reason is com.bytedance.org.chromium.android_webview.VariationsSeedLoader
01-11 10:24:38.469  4334  4429 I TestLog :  targetProcess:com.ss.android.article.news:sandboxed_process1 action:null targetClass:com.bytedance.org.chromium.content.app.SandboxedProcessService0 com.lestore.lpsdk.manager.e@3226799
01-11 10:24:38.469  4334  4429 I CK-TestLog: mSwitch = false checkClass = com.bytedance.org.chromium.content.app.SandboxedProcessService0
01-11 10:24:38.498  1662  1694 I ActivityManager: Start proc 16240:com.ss.android.article.news:sandboxed_process1/u0a121 for service {com.ss.android.article.news/com.bytedance.org.chromium.content.app.SandboxedProcessService0}
01-11 10:24:38.587 15955 16268 W chromium: [WARNING:dns_config_service_posix.cc(342)] Failed to read DnsConfig.
01-11 10:24:38.609 15955 16270 W chromium: [WARNING:jni_string.cc(30)] ConvertJavaStringToUTF8 called with null string.
01-11 10:24:38.833 16240 16240 I TT_WEBVIEW: Initializing the com.bytedance.webview.chromium.glue.sdk113.ISdkToGlueSdk113$RequestDiskCacheCallback nameToMethod map takes 0 milliseconds
01-11 10:24:38.869 16240 16240 E TT_WEBVIEW: 暂不支持重载: com.bytedance.webview.chromium.GlueToSdkWrapper::wait
01-11 10:24:38.869 16240 16240 E TT_WEBVIEW: 暂不支持重载: com.bytedance.webview.chromium.GlueToSdkWrapper::wait
01-11 10:24:38.869 16240 16240 I TT_WEBVIEW: Initializing the com.bytedance.webview.chromium.GlueToSdkWrapper nameToMethod map takes 2 milliseconds
01-11 10:24:38.998 15955 16254 E chromium: [ERROR:scc_database_manager.cc(410)] Rules for blacklist domain is empty
01-11 10:24:38.998 15955 16254 E chromium: [ERROR:scc_database_manager.cc(447)] Rules for forbid access is empty
01-11 10:24:38.999 16240 16321 W chromium: [WARNING:adblock_component_wrapper_cr.cc(273)] adblock cr init complete! (std::string) count time 0.000207 s
01-11 10:24:38.999 16240 16321 W chromium: [WARNING:aw_scc_renderer_client.cc(90)] EnableSccMatcherEngine parse explicit rules result: 1 , cost: 0.000342 s (ms)
01-11 10:24:38.999 16240 16321 W chromium: [WARNING:aw_scc_renderer_client.cc(99)] EnableSccMatcherEngine parse explicit webview host rules result: 0 , cost: 7e-06 s (ms)
01-11 10:24:39.002 16240 16321 W chromium: [WARNING:adblock_component_wrapper_cr.cc(273)] adblock cr init complete! (std::string) count time 0.002459 s
01-11 10:24:39.002 16240 16321 W chromium: [WARNING:aw_scc_renderer_client.cc(108)] EnableSccMatcherEngine parse implicit rules result: 1 , cost: 0.002587 s (ms)
01-11 10:24:39.002 16240 16321 W chromium: [WARNING:aw_scc_renderer_client.cc(117)] EnableSccMatcherEngine parse implicit webview host rules result: 0 , cost: 8e-06 s (ms)
01-11 10:33:12.374 15955 16267 I chromium: [INFO:tt_multinetwork_manager_sub.cc(96)] Resolve failed: multinetwork not enable.
01-11 10:33:12.374 15955 16267 E chromium: [ERROR:tt_multinetwork_manager.cc(113)] TryResolveHostWithCellularNetwork Use system default local host resolver.
01-11 10:33:12.385 15955 16270 I chromium: [INFO:host_resolver_manager.cc(4388)] IsDomainHttpDnsBypassed: host is bypassed the httpdns, domain = dig.bdurl.net, regex pattern = dig.bdurl.net
01-11 10:33:12.385 15955 16267 I chromium: [INFO:tt_multinetwork_manager_sub.cc(96)] Resolve failed: multinetwork not enable.
01-11 10:33:12.385 15955 16267 E chromium: [ERROR:tt_multinetwork_manager.cc(113)] TryResolveHostWithCellularNetwork Use system default local host resolver.
01-11 10:33:12.399 15955 16270 I chromium: [INFO:tt_multinetwork_manager.cc(127)] Not resend, state: -1
01-11 10:33:12.400 15955 16270 I chromium: [INFO:host_resolver_manager.cc(2892)] OnHttpDnsTaskComplete:== http dns get request failed. net error is -106, duration = 16
01-11 10:33:12.400 15955 16270 I chromium: [INFO:tt_multinetwork_manager.cc(127)] Not resend, state: -1
01-11 10:33:12.403 15955 16267 I chromium: [INFO:tt_multinetwork_manager_sub.cc(96)] Resolve failed: multinetwork not enable.
01-11 10:33:12.403 15955 16267 E chromium: [ERROR:tt_multinetwork_manager.cc(113)] TryResolveHostWithCellularNetwork Use system default local host resolver.
01-11 10:33:12.404 15955 16270 I chromium: [INFO:route_selection_group.cc(134)] StartRouteSelectiontt_webview:===== before StartRouteTest, this = 0x7456555450
01-11 10:33:12.405 15955 16270 I chromium: [INFO:host_resolver_manager.cc(4375)] IsDomainInWhiteList:== Is TT Domain, domain is search5-search-lq.toutiaoapi.com, regex pattern is toutiaoapi.com
01-11 10:33:12.406 15955 16270 I chromium: [INFO:host_resolver_manager.cc(4388)] IsDomainHttpDnsBypassed: host is bypassed the httpdns, domain = dig.bdurl.net, regex pattern = dig.bdurl.net
01-11 10:33:12.407 15955 16247 I chromium: [INFO:tt_multinetwork_manager_sub.cc(96)] Resolve failed: multinetwork not enable.
01-11 10:33:12.407 15955 16247 E chromium: [ERROR:tt_multinetwork_manager.cc(113)] TryResolveHostWithCellularNetwork Use system default local host resolver.
01-11 10:33:12.411 15955 16270 I chromium: [INFO:host_resolver_manager.cc(4388)] IsDomainHttpDnsBypassed: host is bypassed the httpdns, domain = dig.bdurl.net, regex pattern = dig.bdurl.net
01-11 10:33:12.412 15955 16270 I chromium: [INFO:tt_multinetwork_manager.cc(127)] Not resend, state: -1
01-11 10:33:12.414 15955 16270 I chromium: [INFO:tt_multinetwork_manager.cc(127)] Not resend, state: -1
01-11 10:33:12.415 15955 16270 I chromium: [INFO:host_resolver_manager.cc(2892)] OnHttpDnsTaskComplete:== http dns get request failed. net error is -106, duration = 9
01-11 10:33:12.415 15955 16247 I chromium: [INFO:tt_multinetwork_manager_sub.cc(96)] Resolve failed: multinetwork not enable.
01-11 10:33:12.415 15955 16247 E chromium: [ERROR:tt_multinetwork_manager.cc(113)] TryResolveHostWithCellularNetwork Use system default local host resolver.
01-11 10:33:12.416 15955 16270 I chromium: [INFO:host_resolver_manager.cc(2892)] OnHttpDnsTaskComplete:== http dns get request failed. net error is -106, duration = 6
01-11 10:33:12.416 15955 16270 I chromium: [INFO:tt_multinetwork_manager.cc(127)] Not resend, state: -1
01-11 10:33:12.421 15955 16270 I chromium: [INFO:tt_multinetwork_manager.cc(127)] Not resend, state: -1
01-11 10:33:12.425 15955 16270 I chromium: [INFO:host_resolver_manager.cc(4375)] IsDomainInWhiteList:== Is TT Domain, domain is search3-search-lq.toutiaoapi.com, regex pattern is toutiaoapi.com
01-11 10:33:12.426 15955 16270 I chromium: [INFO:host_resolver_manager.cc(4388)] IsDomainHttpDnsBypassed: host is bypassed the httpdns, domain = dig.bdurl.net, regex pattern = dig.bdurl.net
01-11 10:33:12.426 15955 16247 I chromium: [INFO:tt_multinetwork_manager_sub.cc(96)] Resolve failed: multinetwork not enable.
