01-11 11:04:37.531 19603 19667 W chromium: [WARNING:adblock_component_wrapper_cr.cc(273)] adblock cr init complete! (std::string) count time 0.002576 s
01-11 11:04:37.531 19603 19667 W chromium: [WARNING:aw_scc_renderer_client.cc(108)] EnableSccMatcherEngine parse implicit rules result: 1 , cost: 0.002697 s (ms)
01-11 11:04:37.531 19603 19667 W chromium: [WARNING:aw_scc_renderer_client.cc(117)] EnableSccMatcherEngine parse implicit webview host rules result: 0 , cost: 8e-06 s (ms)
01-11 11:04:52.253 18803 19221 I chromium: [INFO:conservative_dispatch_strategy.cc(113)] GetTargetURLtt_webview:==== replace host: search5-search.toutiaoapi.com
01-11 11:04:52.254 18803 19221 I chromium: [INFO:conservative_dispatch_strategy.cc(76)] GetTargetURLtt_webview:==== host api5-normal.toutiaoapi.com is forbidden: 1
01-11 11:04:52.254 18803 19221 I chromium: [INFO:conservative_dispatch_strategy.cc(113)] GetTargetURLtt_webview:==== replace host: api3-normal.toutiaoapi.com
01-11 11:04:52.255 18803 19221 I chromium: [INFO:tt_multinetwork_manager.cc(83)] Bind failed: state -1
01-11 11:04:52.255 18803 19221 W chromium: [WARNING:udp_socket_posix.cc(219)] OpenFailed to bind socket 198 to cellular network. rv: 0
01-11 11:04:52.257 18803 19221 I chromium: [INFO:host_resolver_manager.cc(4375)] IsDomainInWhiteList:== Is TT Domain, domain is api3-normal-hl.toutiaoapi.com, regex pattern is toutiaoapi.com
01-11 11:04:52.258 18803 19221 I chromium: [INFO:tt_multinetwork_manager.cc(83)] Bind failed: state -1
01-11 11:04:52.258 18803 19221 W chromium: [WARNING:tcp_client_socket.cc(627)] OpenSocketFailed to bind socket 198 to cellular network. rv: 0
01-11 11:04:52.261 18803 19221 I chromium: [INFO:conservative_dispatch_strategy.cc(76)] GetTargetURLtt_webview:==== host api5-normal.toutiaoapi.com is forbidden: 1
01-11 11:04:52.261 18803 19221 I chromium: [INFO:conservative_dispatch_strategy.cc(113)] GetTargetURLtt_webview:==== replace host: api3-normal.toutiaoapi.com
01-11 11:05:16.253 18803 19221 I chromium: [INFO:conservative_dispatch_strategy.cc(76)] GetTargetURLtt_webview:==== host search5-search.toutiaoapi.com is forbidden: 1
01-11 11:05:16.254 18803 19221 I chromium: [INFO:conservative_dispatch_strategy.cc(113)] GetTargetURLtt_webview:==== replace host: search3-search.toutiaoapi.com
01-11 11:05:16.255 18803 19221 I chromium: [INFO:tt_multinetwork_manager.cc(83)] Bind failed: state -1
01-11 11:05:16.255 18803 19221 W chromium: [WARNING:udp_socket_posix.cc(219)] OpenFailed to bind socket 198 to cellular network. rv: 0
01-11 11:05:16.259 18803 19221 I chromium: [INFO:host_resolver_manager.cc(4375)] IsDomainInWhiteList:== Is TT Domain, domain is search3-search-lq.toutiaoapi.com, regex pattern is toutiaoapi.com
01-11 11:05:16.260 18803 19221 I chromium: [INFO:conservative_dispatch_strategy.cc(76)] GetTargetURLtt_webview:==== host api5-normal.toutiaoapi.com is forbidden: 1
01-11 11:05:16.260 18803 19221 I chromium: [INFO:conservative_dispatch_strategy.cc(76)] GetTargetURLtt_webview:==== host api3-normal.toutiaoapi.com is forbidden: 1
01-11 11:05:16.260 18803 19221 I chromium: [INFO:conservative_dispatch_strategy.cc(113)] GetTargetURLtt_webview:==== replace host: api5-normal.toutiaoapi.com
01-11 11:05:16.261 18803 19221 I chromium: [INFO:conservative_dispatch_strategy.cc(76)] GetTargetURLtt_webview:==== host api5-normal.toutiaoapi.com is forbidden: 1
01-11 11:05:16.262 18803 19221 I chromium: [INFO:conservative_dispatch_strategy.cc(76)] GetTargetURLtt_webview:==== host api3-normal.toutiaoapi.com is forbidden: 1
01-11 11:05:16.262 18803 19221 I chromium: [INFO:conservative_dispatch_strategy.cc(113)] GetTargetURLtt_webview:==== replace host: api5-normal.toutiaoapi.com
01-11 11:05:16.369 18803 19221 I chromium: [INFO:tt_multinetwork_manager.cc(83)] Bind failed: state -1
01-11 11:05:16.370 18803 19221 W chromium: [WARNING:tcp_client_socket.cc(627)] OpenSocketFailed to bind socket 198 to cellular network. rv: 0
01-11 11:05:40.254 18803 19221 I chromium: [INFO:conservative_dispatch_strategy.cc(76)] GetTargetURLtt_webview:==== host search5-search.toutiaoapi.com is forbidden: 1
01-11 11:05:40.254 18803 19221 I chromium: [INFO:conservative_dispatch_strategy.cc(113)] GetTargetURLtt_webview:==== replace host: search3-search.toutiaoapi.com
01-11 11:05:40.255 18803 19221 I chromium: [INFO:tt_multinetwork_manager.cc(83)] Bind failed: state -1
01-11 11:05:40.255 18803 19221 W chromium: [WARNING:udp_socket_posix.cc(219)] OpenFailed to bind socket 198 to cellular network. rv: 0
01-11 11:05:40.258 18803 19221 I chromium: [INFO:host_resolver_manager.cc(4375)] IsDomainInWhiteList:== Is TT Domain, domain is search3-search-lq.toutiaoapi.com, regex pattern is toutiaoapi.com
01-11 11:05:40.259 18803 19221 I chromium: [INFO:tt_multinetwork_manager.cc(83)] Bind failed: state -1
01-11 11:05:40.259 18803 19221 W chromium: [WARNING:tcp_client_socket.cc(627)] OpenSocketFailed to bind socket 159 to cellular network. rv: 0
01-11 11:05:40.262 18803 19221 I chromium: [INFO:conservative_dispatch_strategy.cc(76)] GetTargetURLtt_webview:==== host api5-normal.toutiaoapi.com is forbidden: 1
01-11 11:05:40.263 18803 19221 I chromium: [INFO:conservative_dispatch_strategy.cc(76)] GetTargetURLtt_webview:==== host api3-normal.toutiaoapi.com is forbidden: 1
01-11 11:05:40.263 18803 19221 I chromium: [INFO:conservative_dispatch_strategy.cc(113)] GetTargetURLtt_webview:==== replace host: api5-normal.toutiaoapi.com
01-11 11:05:40.264 18803 19221 I chromium: [INFO:conservative_dispatch_strategy.cc(76)] GetTargetURLtt_webview:==== host api5-normal.toutiaoapi.com is forbidden: 1
01-11 11:05:40.264 18803 19221 I chromium: [INFO:conservative_dispatch_strategy.cc(76)] GetTargetURLtt_webview:==== host api3-normal.toutiaoapi.com is forbidden: 1
01-11 11:05:40.264 18803 19221 I chromium: [INFO:conservative_dispatch_strategy.cc(113)] GetTargetURLtt_webview:==== replace host: api5-normal.toutiaoapi.com
01-11 11:06:04.254 18803 19221 I chromium: [INFO:conservative_dispatch_strategy.cc(76)] GetTargetURLtt_webview:==== host search5-search.toutiaoapi.com is forbidden: 1
01-11 11:06:04.254 18803 19221 I chromium: [INFO:conservative_dispatch_strategy.cc(113)] GetTargetURLtt_webview:==== replace host: search3-search.toutiaoapi.com
01-11 11:06:04.255 18803 19221 I chromium: [INFO:tt_multinetwork_manager.cc(83)] Bind failed: state -1
01-11 11:06:04.255 18803 19221 W chromium: [WARNING:udp_socket_posix.cc(219)] OpenFailed to bind socket 159 to cellular network. rv: 0
01-11 11:06:04.258 18803 19221 I chromium: [INFO:host_resolver_manager.cc(4375)] IsDomainInWhiteList:== Is TT Domain, domain is search3-search-lq.toutiaoapi.com, regex pattern is toutiaoapi.com
01-11 11:06:04.258 18803 19221 I chromium: [INFO:tt_multinetwork_manager.cc(83)] Bind failed: state -1
01-11 11:06:04.258 18803 19221 W chromium: [WARNING:tcp_client_socket.cc(627)] OpenSocketFailed to bind socket 159 to cellular network. rv: 0
01-11 11:06:04.261 18803 19221 I chromium: [INFO:conservative_dispatch_strategy.cc(76)] GetTargetURLtt_webview:==== host api5-normal.toutiaoapi.com is forbidden: 1
01-11 11:06:04.261 18803 19221 I chromium: [INFO:conservative_dispatch_strategy.cc(76)] GetTargetURLtt_webview:==== host api3-normal.toutiaoapi.com is forbidden: 1
01-11 11:06:04.261 18803 19221 I chromium: [INFO:conservative_dispatch_strategy.cc(113)] GetTargetURLtt_webview:==== replace host: api5-normal.toutiaoapi.com
01-11 11:06:04.262 18803 19221 I chromium: [INFO:conservative_dispatch_strategy.cc(76)] GetTargetURLtt_webview:==== host api5-normal.toutiaoapi.com is forbidden: 1
01-11 11:06:04.262 18803 19221 I chromium: [INFO:conservative_dispatch_strategy.cc(76)] GetTargetURLtt_webview:==== host api3-normal.toutiaoapi.com is forbidden: 1
01-11 11:06:04.262 18803 19221 I chromium: [INFO:conservative_dispatch_strategy.cc(113)] GetTargetURLtt_webview:==== replace host: api5-normal.toutiaoapi.com
01-11 11:06:28.254 18803 19221 I chromium: [INFO:conservative_dispatch_strategy.cc(76)] GetTargetURLtt_webview:==== host search5-search.toutiaoapi.com is forbidden: 1
01-11 11:06:28.254 18803 19221 I chromium: [INFO:conservative_dispatch_strategy.cc(76)] GetTargetURLtt_webview:==== host search3-search.toutiaoapi.com is forbidden: 1
01-11 11:06:28.254 18803 19221 I chromium: [INFO:conservative_dispatch_strategy.cc(113)] GetTargetURLtt_webview:==== replace host: search5-search.toutiaoapi.com
01-11 11:06:28.255 18803 19221 I chromium: [INFO:conservative_dispatch_strategy.cc(76)] GetTargetURLtt_webview:==== host api5-normal.toutiaoapi.com is forbidden: 1
01-11 11:06:28.255 18803 19221 I chromium: [INFO:conservative_dispatch_strategy.cc(76)] GetTargetURLtt_webview:==== host api3-normal.toutiaoapi.com is forbidden: 1
01-11 11:06:28.255 18803 19221 I chromium: [INFO:conservative_dispatch_strategy.cc(113)] GetTargetURLtt_webview:==== replace host: api5-normal.toutiaoapi.com
01-11 11:06:28.256 18803 19221 I chromium: [INFO:conservative_dispatch_strategy.cc(76)] GetTargetURLtt_webview:==== host api5-normal.toutiaoapi.com is forbidden: 1
01-11 11:06:28.256 18803 19221 I chromium: [INFO:conservative_dispatch_strategy.cc(76)] GetTargetURLtt_webview:==== host api3-normal.toutiaoapi.com is forbidden: 1
01-11 11:06:28.256 18803 19221 I chromium: [INFO:conservative_dispatch_strategy.cc(113)] GetTargetURLtt_webview:==== replace host: api5-normal.toutiaoapi.com
01-11 11:06:52.254 18803 19221 I chromium: [INFO:conservative_dispatch_strategy.cc(76)] GetTargetURLtt_webview:==== host search5-search.toutiaoapi.com is forbidden: 1
01-11 11:06:52.254 18803 19221 I chromium: [INFO:conservative_dispatch_strategy.cc(76)] GetTargetURLtt_webview:==== host search3-search.toutiaoapi.com is forbidden: 1
01-11 11:06:52.254 18803 19221 I chromium: [INFO:conservative_dispatch_strategy.cc(113)] GetTargetURLtt_webview:==== replace host: search5-search.toutiaoapi.com
01-11 11:06:52.255 18803 19221 I chromium: [INFO:conservative_dispatch_strategy.cc(76)] GetTargetURLtt_webview:==== host api5-normal.toutiaoapi.com is forbidden: 1
01-11 11:06:52.256 18803 19221 I chromium: [INFO:conservative_dispatch_strategy.cc(76)] GetTargetURLtt_webview:==== host api3-normal.toutiaoapi.com is forbidden: 1
01-11 11:06:52.256 18803 19221 I chromium: [INFO:conservative_dispatch_strategy.cc(113)] GetTargetURLtt_webview:==== replace host: api5-normal.toutiaoapi.com
01-11 11:06:52.256 18803 19221 I chromium: [INFO:conservative_dispatch_strategy.cc(76)] GetTargetURLtt_webview:==== host api5-normal.toutiaoapi.com is forbidden: 1
01-11 11:06:52.257 18803 19221 I chromium: [INFO:conservative_dispatch_strategy.cc(76)] GetTargetURLtt_webview:==== host api3-normal.toutiaoapi.com is forbidden: 1
01-11 11:06:52.257 18803 19221 I chromium: [INFO:conservative_dispatch_strategy.cc(113)] GetTargetURLtt_webview:==== replace host: api5-normal.toutiaoapi.com
01-11 11:07:16.255 18803 19221 I chromium: [INFO:conservative_dispatch_strategy.cc(76)] GetTargetURLtt_webview:==== host search5-search.toutiaoapi.com is forbidden: 1
01-11 11:07:16.255 18803 19221 I chromium: [INFO:conservative_dispatch_strategy.cc(76)] GetTargetURLtt_webview:==== host search3-search.toutiaoapi.com is forbidden: 1
01-11 11:07:16.255 18803 19221 I chromium: [INFO:conservative_dispatch_strategy.cc(113)] GetTargetURLtt_webview:==== replace host: search5-search.toutiaoapi.com
01-11 11:07:16.256 18803 19221 I chromium: [INFO:tt_multinetwork_manager.cc(83)] Bind failed: state -1
01-11 11:07:16.256 18803 19221 W chromium: [WARNING:udp_socket_posix.cc(219)] OpenFailed to bind socket 156 to cellular network. rv: 0
01-11 11:07:16.260 18803 19221 I chromium: [INFO:host_resolver_manager.cc(4375)] IsDomainInWhiteList:== Is TT Domain, domain is search5-search-lq.toutiaoapi.com, regex pattern is toutiaoapi.com
01-11 11:07:16.260 18803 19221 I chromium: [INFO:tt_multinetwork_manager.cc(83)] Bind failed: state -1
01-11 11:07:16.260 18803 19221 W chromium: [WARNING:tcp_client_socket.cc(627)] OpenSocketFailed to bind socket 156 to cellular network. rv: 0
01-11 11:07:16.263 18803 19221 I chromium: [INFO:conservative_dispatch_strategy.cc(76)] GetTargetURLtt_webview:==== host api5-normal.toutiaoapi.com is forbidden: 1
01-11 11:07:16.263 18803 19221 I chromium: [INFO:conservative_dispatch_strategy.cc(76)] GetTargetURLtt_webview:==== host api3-normal.toutiaoapi.com is forbidden: 1
01-11 11:07:16.263 18803 19221 I chromium: [INFO:conservative_dispatch_strategy.cc(113)] GetTargetURLtt_webview:==== replace host: api5-normal.toutiaoapi.com
01-11 11:07:16.265 18803 19221 I chromium: [INFO:host_resolver_manager.cc(4375)] IsDomainInWhiteList:== Is TT Domain, domain is api5-normal-hl.toutiaoapi.com, regex pattern is toutiaoapi.com
01-11 11:07:16.265 18803 19221 I chromium: [INFO:tt_multinetwork_manager.cc(83)] Bind failed: state -1
01-11 11:07:16.265 18803 19221 W chromium: [WARNING:tcp_client_socket.cc(627)] OpenSocketFailed to bind socket 159 to cellular network. rv: 0
01-11 11:07:16.267 18803 19221 I chromium: [INFO:conservative_dispatch_strategy.cc(76)] GetTargetURLtt_webview:==== host api5-normal.toutiaoapi.com is forbidden: 1
01-11 11:07:16.267 18803 19221 I chromium: [INFO:conservative_dispatch_strategy.cc(76)] GetTargetURLtt_webview:==== host api3-normal.toutiaoapi.com is forbidden: 1
01-11 11:07:16.267 18803 19221 I chromium: [INFO:conservative_dispatch_strategy.cc(113)] GetTargetURLtt_webview:==== replace host: api5-normal.toutiaoapi.com
01-11 11:07:40.255 18803 19221 I chromium: [INFO:conservative_dispatch_strategy.cc(76)] GetTargetURLtt_webview:==== host search5-search.toutiaoapi.com is forbidden: 1
01-11 11:07:40.255 18803 19221 I chromium: [INFO:conservative_dispatch_strategy.cc(76)] GetTargetURLtt_webview:==== host search3-search.toutiaoapi.com is forbidden: 1
01-11 11:07:40.255 18803 19221 I chromium: [INFO:conservative_dispatch_strategy.cc(113)] GetTargetURLtt_webview:==== replace host: search5-search.toutiaoapi.com
01-11 11:07:40.256 18803 19221 I chromium: [INFO:tt_multinetwork_manager.cc(83)] Bind failed: state -1
01-11 11:07:40.257 18803 19221 W chromium: [WARNING:udp_socket_posix.cc(219)] OpenFailed to bind socket 156 to cellular network. rv: 0
01-11 11:07:40.260 18803 19221 I chromium: [INFO:host_resolver_manager.cc(4375)] IsDomainInWhiteList:== Is TT Domain, domain is search5-search-lq.toutiaoapi.com, regex pattern is toutiaoapi.com
01-11 11:07:40.260 18803 19221 I chromium: [INFO:tt_multinetwork_manager.cc(83)] Bind failed: state -1
01-11 11:07:40.260 18803 19221 W chromium: [WARNING:tcp_client_socket.cc(627)] OpenSocketFailed to bind socket 156 to cellular network. rv: 0
01-11 11:07:40.264 18803 19221 I chromium: [INFO:conservative_dispatch_strategy.cc(76)] GetTargetURLtt_webview:==== host api5-normal.toutiaoapi.com is forbidden: 1
01-11 11:07:40.264 18803 19221 I chromium: [INFO:conservative_dispatch_strategy.cc(76)] GetTargetURLtt_webview:==== host api3-normal.toutiaoapi.com is forbidden: 1
01-11 11:07:40.264 18803 19221 I chromium: [INFO:conservative_dispatch_strategy.cc(113)] GetTargetURLtt_webview:==== replace host: api5-normal.toutiaoapi.com
01-11 11:07:40.265 18803 19221 I chromium: [INFO:host_resolver_manager.cc(4375)] IsDomainInWhiteList:== Is TT Domain, domain is api5-normal-hl.toutiaoapi.com, regex pattern is toutiaoapi.com
01-11 11:07:40.266 18803 19221 I chromium: [INFO:tt_multinetwork_manager.cc(83)] Bind failed: state -1
01-11 11:07:40.266 18803 19221 W chromium: [WARNING:tcp_client_socket.cc(627)] OpenSocketFailed to bind socket 159 to cellular network. rv: 0
01-11 11:07:40.268 18803 19221 I chromium: [INFO:conservative_dispatch_strategy.cc(76)] GetTargetURLtt_webview:==== host api5-normal.toutiaoapi.com is forbidden: 1
01-11 11:07:40.268 18803 19221 I chromium: [INFO:conservative_dispatch_strategy.cc(76)] GetTargetURLtt_webview:==== host api3-normal.toutiaoapi.com is forbidden: 1
01-11 11:07:40.268 18803 19221 I chromium: [INFO:conservative_dispatch_strategy.cc(113)] GetTargetURLtt_webview:==== replace host: api5-normal.toutiaoapi.com
01-11 11:08:04.255 18803 19221 I chromium: [INFO:conservative_dispatch_strategy.cc(76)] GetTargetURLtt_webview:==== host search5-search.toutiaoapi.com is forbidden: 1
01-11 11:08:04.255 18803 19221 I chromium: [INFO:conservative_dispatch_strategy.cc(76)] GetTargetURLtt_webview:==== host search3-search.toutiaoapi.com is forbidden: 1
01-11 11:08:04.256 18803 19221 I chromium: [INFO:conservative_dispatch_strategy.cc(113)] GetTargetURLtt_webview:==== replace host: search5-search.toutiaoapi.com
01-11 11:08:04.257 18803 19221 I chromium: [INFO:tt_multinetwork_manager.cc(83)] Bind failed: state -1
01-11 11:08:04.257 18803 19221 W chromium: [WARNING:udp_socket_posix.cc(219)] OpenFailed to bind socket 156 to cellular network. rv: 0
01-11 11:08:04.260 18803 19221 I chromium: [INFO:host_resolver_manager.cc(4375)] IsDomainInWhiteList:== Is TT Domain, domain is search5-search-lq.toutiaoapi.com, regex pattern is toutiaoapi.com
01-11 11:08:04.261 18803 19221 I chromium: [INFO:tt_multinetwork_manager.cc(83)] Bind failed: state -1
01-11 11:08:04.261 18803 19221 W chromium: [WARNING:tcp_client_socket.cc(627)] OpenSocketFailed to bind socket 156 to cellular network. rv: 0
01-11 11:08:04.264 18803 19221 I chromium: [INFO:conservative_dispatch_strategy.cc(76)] GetTargetURLtt_webview:==== host api5-normal.toutiaoapi.com is forbidden: 1
01-11 11:08:04.264 18803 19221 I chromium: [INFO:conservative_dispatch_strategy.cc(76)] GetTargetURLtt_webview:==== host api3-normal.toutiaoapi.com is forbidden: 1
01-11 11:08:04.264 18803 19221 I chromium: [INFO:conservative_dispatch_strategy.cc(113)] GetTargetURLtt_webview:==== replace host: api5-normal.toutiaoapi.com
01-11 11:08:04.265 18803 19221 I chromium: [INFO:host_resolver_manager.cc(4375)] IsDomainInWhiteList:== Is TT Domain, domain is api5-normal-hl.toutiaoapi.com, regex pattern is toutiaoapi.com
01-11 11:08:04.266 18803 19221 I chromium: [INFO:tt_multinetwork_manager.cc(83)] Bind failed: state -1
01-11 11:08:04.266 18803 19221 W chromium: [WARNING:tcp_client_socket.cc(627)] OpenSocketFailed to bind socket 159 to cellular network. rv: 0
01-11 11:08:04.268 18803 19221 I chromium: [INFO:conservative_dispatch_strategy.cc(76)] GetTargetURLtt_webview:==== host api5-normal.toutiaoapi.com is forbidden: 1
01-11 11:08:04.268 18803 19221 I chromium: [INFO:conservative_dispatch_strategy.cc(76)] GetTargetURLtt_webview:==== host api3-normal.toutiaoapi.com is forbidden: 1
01-11 11:08:04.268 18803 19221 I chromium: [INFO:conservative_dispatch_strategy.cc(113)] GetTargetURLtt_webview:==== replace host: api5-normal.toutiaoapi.com
01-11 11:08:28.594 20140 20300 I TT_WEBVIEW: Initializing the com.bytedance.webview.chromium.glue.sdk113.ISdkToGlueSdk113$RequestDiskCacheCallback nameToMethod map takes 0 milliseconds
01-11 11:08:28.648 20140 20282 E TT_WEBVIEW: 暂不支持重载: com.bytedance.webview.chromium.GlueToSdkWrapper::wait
01-11 11:08:28.648 20140 20282 E TT_WEBVIEW: 暂不支持重载: com.bytedance.webview.chromium.GlueToSdkWrapper::wait
01-11 11:08:28.648 20140 20282 I TT_WEBVIEW: Initializing the com.bytedance.webview.chromium.GlueToSdkWrapper nameToMethod map takes 2 milliseconds
01-11 11:08:28.670 20140 20297 E tt_webview: preload classes failed, reason is com.bytedance.org.chromium.android_webview.VariationsSeedLoader
01-11 11:08:29.711  4334  4429 I TestLog :  targetProcess:com.ss.android.article.news:sandboxed_process1 action:null targetClass:com.bytedance.org.chromium.content.app.SandboxedProcessService0 com.lestore.lpsdk.manager.e@3226799
01-11 11:08:29.711  4334  4429 I CK-TestLog: mSwitch = false checkClass = com.bytedance.org.chromium.content.app.SandboxedProcessService0
01-11 11:08:29.729  1662  1694 I ActivityManager: Start proc 20431:com.ss.android.article.news:sandboxed_process1/u0a121 for service {com.ss.android.article.news/com.bytedance.org.chromium.content.app.SandboxedProcessService0}
01-11 11:08:29.855 20140 20467 W chromium: [WARNING:jni_string.cc(30)] ConvertJavaStringToUTF8 called with null string.
01-11 11:08:30.129 20431 20431 I TT_WEBVIEW: Initializing the com.bytedance.webview.chromium.glue.sdk113.ISdkToGlueSdk113$RequestDiskCacheCallback nameToMethod map takes 0 milliseconds
01-11 11:08:30.173 20431 20431 E TT_WEBVIEW: 暂不支持重载: com.bytedance.webview.chromium.GlueToSdkWrapper::wait
01-11 11:08:30.173 20431 20431 E TT_WEBVIEW: 暂不支持重载: com.bytedance.webview.chromium.GlueToSdkWrapper::wait
01-11 11:08:30.173 20431 20431 I TT_WEBVIEW: Initializing the com.bytedance.webview.chromium.GlueToSdkWrapper nameToMethod map takes 2 milliseconds
01-11 11:08:30.500 20140 20454 E chromium: [ERROR:scc_database_manager.cc(410)] Rules for blacklist domain is empty
01-11 11:08:30.500 20140 20454 E chromium: [ERROR:scc_database_manager.cc(447)] Rules for forbid access is empty
01-11 11:08:30.503 20431 20536 W chromium: [WARNING:adblock_component_wrapper_cr.cc(273)] adblock cr init complete! (std::string) count time 0.000216 s
01-11 11:08:30.503 20431 20536 W chromium: [WARNING:aw_scc_renderer_client.cc(90)] EnableSccMatcherEngine parse explicit rules result: 1 , cost: 0.000377 s (ms)
01-11 11:08:30.503 20431 20536 W chromium: [WARNING:aw_scc_renderer_client.cc(99)] EnableSccMatcherEngine parse explicit webview host rules result: 0 , cost: 8e-06 s (ms)
01-11 11:08:30.507 20431 20536 W chromium: [WARNING:adblock_component_wrapper_cr.cc(273)] adblock cr init complete! (std::string) count time 0.003791 s
01-11 11:08:30.507 20431 20536 W chromium: [WARNING:aw_scc_renderer_client.cc(108)] EnableSccMatcherEngine parse implicit rules result: 1 , cost: 0.00402 s (ms)
01-11 11:08:30.507 20431 20536 W chromium: [WARNING:aw_scc_renderer_client.cc(117)] EnableSccMatcherEngine parse implicit webview host rules result: 0 , cost: 8e-06 s (ms)
01-11 11:08:46.858 20140 20467 I chromium: [INFO:tt_multinetwork_manager.cc(83)] Bind failed: state -1
01-11 11:08:46.858 20140 20467 W chromium: [WARNING:udp_socket_posix.cc(219)] OpenFailed to bind socket 389 to cellular network. rv: 0
01-11 11:08:46.871 20140 20462 I chromium: [INFO:tt_multinetwork_manager_sub.cc(96)] Resolve failed: multinetwork not enable.
01-11 11:08:46.871 20140 20462 E chromium: [ERROR:tt_multinetwork_manager.cc(113)] TryResolveHostWithCellularNetwork Use system default local host resolver.
01-11 11:08:46.930 20140 20467 I chromium: [INFO:tt_multinetwork_manager.cc(83)] Bind failed: state -1
01-11 11:08:46.930 20140 20467 W chromium: [WARNING:tcp_client_socket.cc(627)] OpenSocketFailed to bind socket 388 to cellular network. rv: 0
01-11 11:08:47.131 20140 20454 E chromium: [ERROR:scc_database_manager.cc(410)] Rules for blacklist domain is empty
01-11 11:08:47.221 20140 20467 I chromium: [INFO:route_selection_group.cc(134)] StartRouteSelectiontt_webview:===== before StartRouteTest, this = 0x745655af70
01-11 11:08:47.223 20140 20467 I chromium: [INFO:host_resolver_manager.cc(4375)] IsDomainInWhiteList:== Is TT Domain, domain is search5-search-lq.toutiaoapi.com, regex pattern is toutiaoapi.com
01-11 11:08:47.224 20140 20467 I chromium: [INFO:host_resolver_manager.cc(4388)] IsDomainHttpDnsBypassed: host is bypassed the httpdns, domain = dig.bdurl.net, regex pattern = dig.bdurl.net
01-11 11:08:47.225 20140 20462 I chromium: [INFO:tt_multinetwork_manager_sub.cc(96)] Resolve failed: multinetwork not enable.
01-11 11:08:47.225 20140 20462 E chromium: [ERROR:tt_multinetwork_manager.cc(113)] TryResolveHostWithCellularNetwork Use system default local host resolver.
01-11 11:08:47.226 20140 20467 I chromium: [INFO:tt_multinetwork_manager.cc(83)] Bind failed: state -1
01-11 11:08:47.227 20140 20467 W chromium: [WARNING:tcp_client_socket.cc(627)] OpenSocketFailed to bind socket 384 to cellular network. rv: 0
01-11 11:08:47.479 20140 20467 I chromium: [INFO:tt_multinetwork_manager.cc(83)] Bind failed: state -1
01-11 11:08:47.480 20140 20467 W chromium: [WARNING:tcp_client_socket.cc(627)] OpenSocketFailed to bind socket 406 to cellular network. rv: 0
01-11 11:08:47.482 20140 20467 I chromium: [INFO:host_resolver_manager.cc(4375)] IsDomainInWhiteList:== Is TT Domain, domain is search5-search-lq.toutiaoapi.com, regex pattern is toutiaoapi.com
01-11 11:08:47.482 20140 20467 I chromium: [INFO:tt_multinetwork_manager.cc(83)] Bind failed: state -1
01-11 11:08:47.483 20140 20467 W chromium: [WARNING:tcp_client_socket.cc(627)] OpenSocketFailed to bind socket 413 to cellular network. rv: 0
01-11 11:08:47.655 20140 20467 I chromium: [INFO:route_selection_group.cc(251)] OnGroupSelectionCompleted:===== best_target = https://search5-search.toutiaoapi.com
01-11 11:08:47.657 20140 20467 I chromium: [INFO:route_selection_group.cc(134)] StartRouteSelectiontt_webview:===== before StartRouteTest, this = 0x74565689b0
01-11 11:08:47.659 20140 20467 I chromium: [INFO:host_resolver_manager.cc(4375)] IsDomainInWhiteList:== Is TT Domain, domain is api5-normal-hl.toutiaoapi.com, regex pattern is toutiaoapi.com
01-11 11:08:47.822 20140 20467 I chromium: [INFO:route_selection_group.cc(251)] OnGroupSelectionCompleted:===== best_target = https://api5-normal.toutiaoapi.com
01-11 11:08:47.824 20140 20467 I chromium: [INFO:route_selection_group.cc(134)] StartRouteSelectiontt_webview:===== before StartRouteTest, this = 0x74565950b0
01-11 11:08:47.827 20140 20467 I chromium: [INFO:host_resolver_manager.cc(4375)] IsDomainInWhiteList:== Is TT Domain, domain is webcast5-wbnormal-hl.toutiaoapi.com, regex pattern is toutiaoapi.com
01-11 11:08:47.907 20140 20467 I chromium: [INFO:tt_multinetwork_manager.cc(83)] Bind failed: state -1
01-11 11:08:47.908 20140 20467 W chromium: [WARNING:udp_socket_posix.cc(219)] OpenFailed to bind socket 409 to cellular network. rv: 0
01-11 11:08:47.982 20140 20467 I chromium: [INFO:route_selection_group.cc(251)] OnGroupSelectionCompleted:===== best_target = https://webcast5-wbnormal.toutiaoapi.com
01-11 11:08:47.983 20140 20467 I chromium: [INFO:route_selection_group.cc(134)] StartRouteSelectiontt_webview:===== before StartRouteTest, this = 0x745650d450
01-11 11:08:47.986 20140 20467 I chromium: [INFO:host_resolver_manager.cc(4375)] IsDomainInWhiteList:== Is TT Domain, domain is m.baike.com, regex pattern is .*\.baike\.com
01-11 11:08:48.073 20140 20467 I chromium: [INFO:tt_multinetwork_manager.cc(83)] Bind failed: state -1
01-11 11:08:48.073 20140 20467 W chromium: [WARNING:tcp_client_socket.cc(627)] OpenSocketFailed to bind socket 409 to cellular network. rv: 0
01-11 11:08:48.329 20140 20467 I chromium: [INFO:route_selection_group.cc(251)] OnGroupSelectionCompleted:===== best_target = https://m.baike.com
01-11 11:08:53.895 20140 20467 I chromium: [INFO:conservative_dispatch_strategy.cc(113)] GetTargetURLtt_webview:==== replace host: search5-search.toutiaoapi.com
01-11 11:08:53.897 20140 20467 I chromium: [INFO:conservative_dispatch_strategy.cc(113)] GetTargetURLtt_webview:==== replace host: api5-normal.toutiaoapi.com
01-11 11:08:53.899 20140 20467 I chromium: [INFO:conservative_dispatch_strategy.cc(113)] GetTargetURLtt_webview:==== replace host: api5-normal.toutiaoapi.com
01-11 11:09:17.896 20140 20467 I chromium: [INFO:conservative_dispatch_strategy.cc(113)] GetTargetURLtt_webview:==== replace host: search5-search.toutiaoapi.com
01-11 11:09:17.898 20140 20467 I chromium: [INFO:conservative_dispatch_strategy.cc(113)] GetTargetURLtt_webview:==== replace host: api5-normal.toutiaoapi.com
01-11 11:09:17.899 20140 20467 I chromium: [INFO:conservative_dispatch_strategy.cc(76)] GetTargetURLtt_webview:==== host api5-normal.toutiaoapi.com is forbidden: 1
01-11 11:09:17.899 20140 20467 I chromium: [INFO:conservative_dispatch_strategy.cc(113)] GetTargetURLtt_webview:==== replace host: api3-normal.toutiaoapi.com
01-11 11:09:17.900 20140 20467 I chromium: [INFO:tt_multinetwork_manager.cc(83)] Bind failed: state -1
01-11 11:09:17.900 20140 20467 W chromium: [WARNING:udp_socket_posix.cc(219)] OpenFailed to bind socket 128 to cellular network. rv: 0
01-11 11:09:17.903 20140 20467 I chromium: [INFO:host_resolver_manager.cc(4375)] IsDomainInWhiteList:== Is TT Domain, domain is api3-normal-hl.toutiaoapi.com, regex pattern is toutiaoapi.com
01-11 11:09:18.000 20140 20467 I chromium: [INFO:tt_multinetwork_manager.cc(83)] Bind failed: state -1
01-11 11:09:18.000 20140 20467 W chromium: [WARNING:tcp_client_socket.cc(627)] OpenSocketFailed to bind socket 128 to cellular network. rv: 0
01-11 11:09:28.354  4334  4429 I TestLog :  targetProcess:com.ss.android.article.news:sandboxed_process2 action:null targetClass:com.bytedance.org.chromium.content.app.SandboxedProcessService1 com.lestore.lpsdk.manager.e@3226799
01-11 11:09:28.354  4334  4429 I CK-TestLog: mSwitch = false checkClass = com.bytedance.org.chromium.content.app.SandboxedProcessService1
01-11 11:09:28.376  1662  1694 I ActivityManager: Start proc 20899:com.ss.android.article.news:sandboxed_process2/u0a121 for service {com.ss.android.article.news/com.bytedance.org.chromium.content.app.SandboxedProcessService1}
01-11 11:09:28.517 20140 20140 I WebViewChromium: TT_WEBVIEW_CHROMIUM com.bytedance.webview.chromium.WebViewChromium@bf1400d addUa=TTWebView/0881130044404 bEnableAddUa=true
01-11 11:09:28.519 20140 20140 I TT_WEBVIEW: Initializing the com.bytedance.webview.chromium.glue.IWebViewExtension$PerformanceTimingListener nameToMethod map takes 1 milliseconds
01-11 11:09:28.520 20140 20140 E TT_WEBVIEW: 暂不支持重载: com.bytedance.webview.chromium.glue.TextSelectedEventListener::wait
01-11 11:09:28.520 20140 20140 E TT_WEBVIEW: 暂不支持重载: com.bytedance.webview.chromium.glue.TextSelectedEventListener::wait
01-11 11:09:28.520 20140 20140 I TT_WEBVIEW: Initializing the com.bytedance.webview.chromium.glue.TextSelectedEventListener nameToMethod map takes 1 milliseconds
01-11 11:09:28.521 20140 20140 I TT_WEBVIEW: Initializing the com.bytedance.webview.chromium.glue.IWebViewExtension$RenderProcessGoneListenerWrapper nameToMethod map takes 1 milliseconds
01-11 11:09:28.521 20140 20140 I TT_WEBVIEW: Initializing the com.bytedance.webview.chromium.glue.IWebViewExtension$TTSafeBrowsingListener nameToMethod map takes 0 milliseconds
01-11 11:09:28.521 20140 20140 I TT_WEBVIEW: Initializing the com.bytedance.webview.chromium.glue.IWebViewExtension$ResourceLoadListener nameToMethod map takes 0 milliseconds
01-11 11:09:28.522 20140 20140 E TT_WEBVIEW: 暂不支持重载: com.bytedance.webview.chromium.glue.TextSelectedEventListener::wait
01-11 11:09:28.522 20140 20140 E TT_WEBVIEW: 暂不支持重载: com.bytedance.webview.chromium.glue.TextSelectedEventListener::wait
01-11 11:09:28.522 20140 20140 I TT_WEBVIEW: Initializing the com.bytedance.webview.chromium.glue.TextSelectedEventListener nameToMethod map takes 1 milliseconds
01-11 11:09:28.525 20140 20140 I TT_WEBVIEW: Initializing the com.bytedance.webview.chromium.glue.IWebViewExtension$PlatformViewLayersScrollListener nameToMethod map takes 0 milliseconds
01-11 11:09:28.691 20899 20899 I TT_WEBVIEW: Initializing the com.bytedance.webview.chromium.glue.sdk113.ISdkToGlueSdk113$RequestDiskCacheCallback nameToMethod map takes 0 milliseconds
01-11 11:09:28.729 20899 20899 E TT_WEBVIEW: 暂不支持重载: com.bytedance.webview.chromium.GlueToSdkWrapper::wait
01-11 11:09:28.729 20899 20899 E TT_WEBVIEW: 暂不支持重载: com.bytedance.webview.chromium.GlueToSdkWrapper::wait
01-11 11:09:28.729 20899 20899 I TT_WEBVIEW: Initializing the com.bytedance.webview.chromium.GlueToSdkWrapper nameToMethod map takes 2 milliseconds
01-11 11:09:28.879 20899 20975 W chromium: [WARNING:adblock_component_wrapper_cr.cc(273)] adblock cr init complete! (std::string) count time 0.00032 s
01-11 11:09:28.879 20899 20975 W chromium: [WARNING:aw_scc_renderer_client.cc(90)] EnableSccMatcherEngine parse explicit rules result: 1 , cost: 0.000623 s (ms)
01-11 11:09:28.879 20899 20975 W chromium: [WARNING:aw_scc_renderer_client.cc(99)] EnableSccMatcherEngine parse explicit webview host rules result: 0 , cost: 8e-06 s (ms)
01-11 11:09:28.882 20899 20975 W chromium: [WARNING:adblock_component_wrapper_cr.cc(273)] adblock cr init complete! (std::string) count time 0.003531 s
01-11 11:09:28.883 20899 20975 W chromium: [WARNING:aw_scc_renderer_client.cc(108)] EnableSccMatcherEngine parse implicit rules result: 1 , cost: 0.00372 s (ms)
01-11 11:09:28.883 20899 20975 W chromium: [WARNING:aw_scc_renderer_client.cc(117)] EnableSccMatcherEngine parse implicit webview host rules result: 0 , cost: 8e-06 s (ms)
01-11 11:09:41.897 20140 20467 I chromium: [INFO:conservative_dispatch_strategy.cc(113)] GetTargetURLtt_webview:==== replace host: search5-search.toutiaoapi.com
01-11 11:09:41.899 20140 20467 I chromium: [INFO:conservative_dispatch_strategy.cc(76)] GetTargetURLtt_webview:==== host api5-normal.toutiaoapi.com is forbidden: 1
01-11 11:09:41.899 20140 20467 I chromium: [INFO:conservative_dispatch_strategy.cc(113)] GetTargetURLtt_webview:==== replace host: api3-normal.toutiaoapi.com
01-11 11:09:41.901 20140 20467 I chromium: [INFO:tt_multinetwork_manager.cc(83)] Bind failed: state -1
01-11 11:09:41.901 20140 20467 W chromium: [WARNING:udp_socket_posix.cc(219)] OpenFailed to bind socket 128 to cellular network. rv: 0
01-11 11:09:41.905 20140 20467 I chromium: [INFO:host_resolver_manager.cc(4375)] IsDomainInWhiteList:== Is TT Domain, domain is api3-normal-hl.toutiaoapi.com, regex pattern is toutiaoapi.com
01-11 11:09:41.905 20140 20467 I chromium: [INFO:tt_multinetwork_manager.cc(83)] Bind failed: state -1
01-11 11:09:41.906 20140 20467 W chromium: [WARNING:tcp_client_socket.cc(627)] OpenSocketFailed to bind socket 128 to cellular network. rv: 0
01-11 11:09:41.908 20140 20467 I chromium: [INFO:conservative_dispatch_strategy.cc(76)] GetTargetURLtt_webview:==== host api5-normal.toutiaoapi.com is forbidden: 1
01-11 11:09:41.908 20140 20467 I chromium: [INFO:conservative_dispatch_strategy.cc(113)] GetTargetURLtt_webview:==== replace host: api3-normal.toutiaoapi.com
01-11 11:10:05.897 20140 20467 I chromium: [INFO:conservative_dispatch_strategy.cc(76)] GetTargetURLtt_webview:==== host search5-search.toutiaoapi.com is forbidden: 1
01-11 11:10:05.897 20140 20467 I chromium: [INFO:conservative_dispatch_strategy.cc(113)] GetTargetURLtt_webview:==== replace host: search3-search.toutiaoapi.com
01-11 11:10:05.899 20140 20467 I chromium: [INFO:tt_multinetwork_manager.cc(83)] Bind failed: state -1
01-11 11:10:05.899 20140 20467 W chromium: [WARNING:udp_socket_posix.cc(219)] OpenFailed to bind socket 128 to cellular network. rv: 0
01-11 11:10:05.901 20140 20467 I chromium: [INFO:host_resolver_manager.cc(4375)] IsDomainInWhiteList:== Is TT Domain, domain is search3-search-lq.toutiaoapi.com, regex pattern is toutiaoapi.com
01-11 11:10:05.903 20140 20467 I chromium: [INFO:conservative_dispatch_strategy.cc(76)] GetTargetURLtt_webview:==== host api5-normal.toutiaoapi.com is forbidden: 1
01-11 11:10:05.903 20140 20467 I chromium: [INFO:conservative_dispatch_strategy.cc(76)] GetTargetURLtt_webview:==== host api3-normal.toutiaoapi.com is forbidden: 1
01-11 11:10:05.903 20140 20467 I chromium: [INFO:conservative_dispatch_strategy.cc(113)] GetTargetURLtt_webview:==== replace host: api5-normal.toutiaoapi.com
01-11 11:10:05.905 20140 20467 I chromium: [INFO:conservative_dispatch_strategy.cc(76)] GetTargetURLtt_webview:==== host api5-normal.toutiaoapi.com is forbidden: 1
01-11 11:10:05.905 20140 20467 I chromium: [INFO:conservative_dispatch_strategy.cc(76)] GetTargetURLtt_webview:==== host api3-normal.toutiaoapi.com is forbidden: 1
01-11 11:10:05.905 20140 20467 I chromium: [INFO:conservative_dispatch_strategy.cc(113)] GetTargetURLtt_webview:==== replace host: api5-normal.toutiaoapi.com
01-11 11:10:05.990 20140 20467 I chromium: [INFO:tt_multinetwork_manager.cc(83)] Bind failed: state -1
01-11 11:10:05.990 20140 20467 W chromium: [WARNING:tcp_client_socket.cc(627)] OpenSocketFailed to bind socket 128 to cellular network. rv: 0
01-11 11:10:29.897 20140 20467 I chromium: [INFO:conservative_dispatch_strategy.cc(76)] GetTargetURLtt_webview:==== host search5-search.toutiaoapi.com is forbidden: 1
01-11 11:10:29.897 20140 20467 I chromium: [INFO:conservative_dispatch_strategy.cc(113)] GetTargetURLtt_webview:==== replace host: search3-search.toutiaoapi.com
01-11 11:10:29.899 20140 20467 I chromium: [INFO:tt_multinetwork_manager.cc(83)] Bind failed: state -1
01-11 11:10:29.899 20140 20467 W chromium: [WARNING:udp_socket_posix.cc(219)] OpenFailed to bind socket 128 to cellular network. rv: 0
01-11 11:10:29.901 20140 20467 I chromium: [INFO:host_resolver_manager.cc(4375)] IsDomainInWhiteList:== Is TT Domain, domain is search3-search-lq.toutiaoapi.com, regex pattern is toutiaoapi.com
01-11 11:10:29.901 20140 20467 I chromium: [INFO:tt_multinetwork_manager.cc(83)] Bind failed: state -1
01-11 11:10:29.901 20140 20467 W chromium: [WARNING:tcp_client_socket.cc(627)] OpenSocketFailed to bind socket 128 to cellular network. rv: 0
01-11 11:10:29.903 20140 20467 I chromium: [INFO:conservative_dispatch_strategy.cc(76)] GetTargetURLtt_webview:==== host api5-normal.toutiaoapi.com is forbidden: 1
01-11 11:10:29.903 20140 20467 I chromium: [INFO:conservative_dispatch_strategy.cc(76)] GetTargetURLtt_webview:==== host api3-normal.toutiaoapi.com is forbidden: 1
01-11 11:10:29.903 20140 20467 I chromium: [INFO:conservative_dispatch_strategy.cc(113)] GetTargetURLtt_webview:==== replace host: api5-normal.toutiaoapi.com
01-11 11:10:29.904 20140 20467 I chromium: [INFO:conservative_dispatch_strategy.cc(76)] GetTargetURLtt_webview:==== host api5-normal.toutiaoapi.com is forbidden: 1
01-11 11:10:29.904 20140 20467 I chromium: [INFO:conservative_dispatch_strategy.cc(76)] GetTargetURLtt_webview:==== host api3-normal.toutiaoapi.com is forbidden: 1
01-11 11:10:29.904 20140 20467 I chromium: [INFO:conservative_dispatch_strategy.cc(113)] GetTargetURLtt_webview:==== replace host: api5-normal.toutiaoapi.com
01-11 11:10:38.175  4024  5595 I AutoRun : AutoRunComponentManager: setComponentEnabledSettingAsUser: pkg:site.mises.browser_default, comp: org.chromium.chrome.browser.customtabs.CustomTabsConnectionService, userId: 0, traceId:23, newState:0 (0:DEFAULT, 1:ENABLED, 2:DISABLED)
01-11 11:10:53.898 20140 20467 I chromium: [INFO:conservative_dispatch_strategy.cc(76)] GetTargetURLtt_webview:==== host search5-search.toutiaoapi.com is forbidden: 1
01-11 11:10:53.898 20140 20467 I chromium: [INFO:conservative_dispatch_strategy.cc(113)] GetTargetURLtt_webview:==== replace host: search3-search.toutiaoapi.com
01-11 11:10:53.900 20140 20467 I chromium: [INFO:tt_multinetwork_manager.cc(83)] Bind failed: state -1
01-11 11:10:53.900 20140 20467 W chromium: [WARNING:udp_socket_posix.cc(219)] OpenFailed to bind socket 128 to cellular network. rv: 0
01-11 11:10:53.904 20140 20467 I chromium: [INFO:host_resolver_manager.cc(4375)] IsDomainInWhiteList:== Is TT Domain, domain is search3-search-lq.toutiaoapi.com, regex pattern is toutiaoapi.com
01-11 11:10:53.904 20140 20467 I chromium: [INFO:tt_multinetwork_manager.cc(83)] Bind failed: state -1
01-11 11:10:53.904 20140 20467 W chromium: [WARNING:tcp_client_socket.cc(627)] OpenSocketFailed to bind socket 128 to cellular network. rv: 0
01-11 11:10:53.907 20140 20467 I chromium: [INFO:conservative_dispatch_strategy.cc(76)] GetTargetURLtt_webview:==== host api5-normal.toutiaoapi.com is forbidden: 1
01-11 11:10:53.907 20140 20467 I chromium: [INFO:conservative_dispatch_strategy.cc(76)] GetTargetURLtt_webview:==== host api3-normal.toutiaoapi.com is forbidden: 1
01-11 11:10:53.907 20140 20467 I chromium: [INFO:conservative_dispatch_strategy.cc(113)] GetTargetURLtt_webview:==== replace host: api5-normal.toutiaoapi.com
01-11 11:10:53.908 20140 20467 I chromium: [INFO:conservative_dispatch_strategy.cc(76)] GetTargetURLtt_webview:==== host api5-normal.toutiaoapi.com is forbidden: 1
01-11 11:10:53.908 20140 20467 I chromium: [INFO:conservative_dispatch_strategy.cc(76)] GetTargetURLtt_webview:==== host api3-normal.toutiaoapi.com is forbidden: 1
01-11 11:10:53.908 20140 20467 I chromium: [INFO:conservative_dispatch_strategy.cc(113)] GetTargetURLtt_webview:==== replace host: api5-normal.toutiaoapi.com
01-11 11:11:17.897 20140 20467 I chromium: [INFO:conservative_dispatch_strategy.cc(76)] GetTargetURLtt_webview:==== host search5-search.toutiaoapi.com is forbidden: 1
01-11 11:11:17.898 20140 20467 I chromium: [INFO:conservative_dispatch_strategy.cc(76)] GetTargetURLtt_webview:==== host search3-search.toutiaoapi.com is forbidden: 1
01-11 11:11:17.898 20140 20467 I chromium: [INFO:conservative_dispatch_strategy.cc(113)] GetTargetURLtt_webview:==== replace host: search5-search.toutiaoapi.com
01-11 11:11:17.899 20140 20467 I chromium: [INFO:conservative_dispatch_strategy.cc(76)] GetTargetURLtt_webview:==== host api5-normal.toutiaoapi.com is forbidden: 1
01-11 11:11:17.899 20140 20467 I chromium: [INFO:conservative_dispatch_strategy.cc(76)] GetTargetURLtt_webview:==== host api3-normal.toutiaoapi.com is forbidden: 1
01-11 11:11:17.899 20140 20467 I chromium: [INFO:conservative_dispatch_strategy.cc(113)] GetTargetURLtt_webview:==== replace host: api5-normal.toutiaoapi.com
01-11 11:11:17.901 20140 20467 I chromium: [INFO:conservative_dispatch_strategy.cc(76)] GetTargetURLtt_webview:==== host api5-normal.toutiaoapi.com is forbidden: 1
01-11 11:11:17.901 20140 20467 I chromium: [INFO:conservative_dispatch_strategy.cc(76)] GetTargetURLtt_webview:==== host api3-normal.toutiaoapi.com is forbidden: 1
01-11 11:11:17.901 20140 20467 I chromium: [INFO:conservative_dispatch_strategy.cc(113)] GetTargetURLtt_webview:==== replace host: api5-normal.toutiaoapi.com
01-11 11:11:18.490 21597 21622 W cr_PartnerCustomize: Partner homepage must be HTTP(S) or NewTabPage. Got invalid URL "org.chromium.url.GURL@0"
01-11 11:11:18.588 21597 21648 I chromium: [INFO:library_loader_hooks.cc(51)] Chromium logging enabled: level = 0, default verbosity = 0
01-11 11:11:18.646 21597 21597 W chromium: [WARNING:trace_startup_config.cc(260)] The trace config file does not exist.
01-11 11:11:18.647  4334  4429 I TestLog :  targetProcess:site.mises.browser_default:sandboxed_process0:org.chromium.content.app.SandboxedProcessService0:0 action:null targetClass:org.chromium.content.app.SandboxedProcessService0 com.lestore.lpsdk.manager.e@3226799
01-11 11:11:18.647  4334  4429 I CK-TestLog: mSwitch = false checkClass = org.chromium.content.app.SandboxedProcessService0
01-11 11:11:18.656 21597 21597 I chromium: [INFO:chrome_main_delegate.cc(586)] [kiwi]ChromeMainDelegate::PostEarlyInitialization step-1
01-11 11:11:18.697 21597 21597 W chromium: [WARNING:file_util_posix.cc(609)] OS_ANDROID: Home directory lookup not yet implemented.
01-11 11:11:18.713 21597 21597 I chromium: [INFO:content_main_runner_impl.cc(1194)] Chrome is running in full browser mode.
01-11 11:11:18.771  4334  4429 I TestLog :  targetProcess:site.mises.browser_default:privileged_process0 action:null targetClass:org.chromium.content.app.PrivilegedProcessService0 com.lestore.lpsdk.manager.e@3226799
01-11 11:11:18.771  4334  4429 I CK-TestLog: mSwitch = false checkClass = org.chromium.content.app.PrivilegedProcessService0
01-11 11:11:18.775 21597 21597 E chromium: [ERROR:chrome_browser_main_extra_parts_views.cc(119)] ChromeBrowserMainExtraPartsViews::PreProfileInit
01-11 11:11:18.775 21597 21597 E chromium: [ERROR:chrome_browser_main_extra_parts_views.cc(139)] ChromeBrowserMainExtraPartsViews::PreProfileInitsetp - 2
01-11 11:11:18.984 21597 21597 E chromium: [ERROR:shell_integration_android.cc(22)] shell_integration_android::GetDefaultWebClientSetPermission
01-11 11:11:19.074 21597 21597 I cr_SmsProviderGms: construction successfull org.chromium.content.browser.sms.SmsVerificationReceiver@a3cd575, org.chromium.content.browser.sms.SmsUserConsentReceiver@26eb90a
01-11 11:11:19.110 21597 21597 I chromium: [INFO:mises_component_loader.cc(113)] OnExtensionLoaded ahfgeienlihckogmohjhadlkjgocpleb
01-11 11:11:19.112 21597 21597 I chromium: [INFO:app_menu_bridge.cc(429)] [Mises] AppMenuBridge::GetRunningExtensionsInternal
01-11 11:11:19.113 21597 21597 I chromium: [INFO:mises_component_loader.cc(113)] OnExtensionLoaded kmendfapggjehodndflmmgagdbamhnfd
01-11 11:11:19.113 21597 21597 I chromium: [INFO:app_menu_bridge.cc(429)] [Mises] AppMenuBridge::GetRunningExtensionsInternal
01-11 11:11:19.151 21597 21597 I chromium: [INFO:mises_component_loader.cc(113)] OnExtensionLoaded nkbihfbeogaeaoehlefnkodbefgpgknn
01-11 11:11:19.151 21597 21597 I chromium: [INFO:app_menu_bridge.cc(429)] [Mises] AppMenuBridge::GetRunningExtensionsInternal
01-11 11:11:19.169 21597 21597 I chromium: [INFO:mises_component_loader.cc(113)] OnExtensionLoaded jkpbgdgopmifmokhejofbmgdabapoefl
01-11 11:11:19.170 21597 21597 I chromium: [INFO:app_menu_bridge.cc(429)] [Mises] AppMenuBridge::GetRunningExtensionsInternal
01-11 11:11:19.170  1662  1694 I ActivityManager: Start proc 21689:site.mises.browser_default:sandboxed_process0:org.chromium.content.app.SandboxedProcessService0:0/u0ai100 for  {site.mises.browser_default/org.chromium.content.app.SandboxedProcessService0:0}
01-11 11:11:19.182 21597 21678 E chromium: [ERROR:shell_integration_android.cc(32)] shell_integration_android::GetDefaultBrowser
01-11 11:11:19.182 21597 21597 I chromium: [INFO:browser_context_keyed_service_factories.cc(75)] [Kiwi] chrome_extensions::EnsureBrowserContextKeyedServiceFactoriesBuilt
01-11 11:11:19.187  1662  1694 I ActivityManager: Start proc 21694:site.mises.browser_default:privileged_process0/u0a454 for service {site.mises.browser_default/org.chromium.content.app.PrivilegedProcessService0}
01-11 11:11:19.205 21597 21597 I chromium: [INFO:optimization_guide_logger.cc(40)] ../../components/optimization_guide/core/hints_manager.cc(381) Received OptimizationHints component version: 374
01-11 11:11:19.205 21597 21597 I chromium: [INFO:optimization_guide_logger.cc(40)] ../../components/optimization_guide/core/hints_manager.cc(423) Processing OptimizationHints component version: 374
01-11 11:11:19.212 21597 21674 I chromium: [INFO:mises_component_loader.cc(139)] AsyncRunWithMetamaskStorage
01-11 11:11:19.214 21597 21597 I chromium: [INFO:instant_service.cc(84)] InstantService::InstantService
01-11 11:11:19.216 21597 21597 I chromium: [INFO:instant_service.cc(94)] InstantService::InstantService step - 1
01-11 11:11:19.225 21597 21653 W chromium: [WARNING:child_process_launcher_helper_posix.cc(83)] Ignoring invalid file assets/snapshot_blob_32.bin
01-11 11:11:19.238 21597 21674 I chromium: [INFO:mises_component_loader.cc(141)] Got Metamask Storage
01-11 11:11:19.238 21597 21674 I chromium: [INFO:mises_component_loader.cc(148)] Got Metamask Storage provider{
01-11 11:11:19.238 21597 21674 I chromium:    "chainId": "0x1",
01-11 11:11:19.238 21597 21674 I chromium:    "ticker": "ETH",
01-11 11:11:19.238 21597 21674 I chromium:    "type": "mainnet"
01-11 11:11:19.238 21597 21674 I chromium: }
01-11 11:11:19.238 21597 21674 I chromium: 
01-11 11:11:19.239 21597 21677 I chromium: [INFO:mises_component_loader.cc(164)] AsyncRunWithMiseswalletStorage
01-11 11:11:19.246 21597 21597 I chromium: [INFO:optimization_guide_logger.cc(40)] ../../components/optimization_guide/core/hints_manager.cc(556) Component successfully processed
01-11 11:11:19.248 21597 21597 I chromium: [INFO:top_sites_impl.cc(437)] [Kiwi] TopSitesImpl::AddPrepopulatedPages: 0
01-11 11:11:19.248 21597 21597 I chromium: [INFO:top_sites_impl.cc(447)] [Kiwi] TopSitesImpl::AddPrepopulatedPages, added: 0
01-11 11:11:19.248 21597 21597 I chromium: [INFO:most_visited_sites.cc(465)] [Kiwi] MostVisitedSites::OnMostVisitedURLsAvailable - Step 2: 2
01-11 11:11:19.248 21597 21597 I chromium: [INFO:most_visited_sites.cc(466)] [Kiwi] MostVisitedSites::OnMostVisitedURLsAvailable - Step 2a: 2
01-11 11:11:19.248 21597 21597 I chromium: [INFO:most_visited_sites.cc(467)] [Kiwi] MostVisitedSites::OnMostVisitedURLsAvailable - Step 2b: 8
01-11 11:11:19.249 21597 21597 I chromium: [INFO:most_visited_sites.cc(742)] [Kiwi] MostVisitedSites::SaveTilesAndNotify - Step 1
01-11 11:11:19.249 21597 21597 I chromium: [INFO:most_visited_sites.cc(756)] [Kiwi] MostVisitedSites::SaveTilesAndNotify - Step 2
01-11 11:11:19.249 21597 21597 I chromium: [INFO:most_visited_sites.cc(761)] [Kiwi] MostVisitedSites::SaveTilesAndNotify - Step 3
01-11 11:11:19.258 21597 21653 W chromium: [WARNING:child_process_launcher_helper_posix.cc(83)] Ignoring invalid file assets/snapshot_blob_32.bin
01-11 11:11:19.264  4334  4429 I TestLog :  targetProcess:site.mises.browser_default:sandboxed_process0:org.chromium.content.app.SandboxedProcessService0:1 action:null targetClass:org.chromium.content.app.SandboxedProcessService0 com.lestore.lpsdk.manager.e@3226799
01-11 11:11:19.264  4334  4429 I CK-TestLog: mSwitch = false checkClass = org.chromium.content.app.SandboxedProcessService0
01-11 11:11:19.265 21689 21689 I cr_SplitCompatApp: Launched version=105.0.5195.24 minSdkVersion=23 isBundle=false processName=site.mises.browser_default:sandboxed_process0:org.chromium.content.app.SandboxedProcessService0:0 isIsolated=true
01-11 11:11:19.277 21597 21597 I chromium: [INFO:instant_service.cc(248)] [Kiwi] InstantService::SearchComplete- recent extension: chrome-extension://jkpbgdgopmifmokhejofbmgdabapoefl/
01-11 11:11:19.278 21597 21597 I chromium: [INFO:instant_service.cc(283)] [Kiwi] InstantService::SearchComplete - found extension: chrome-extension://jkpbgdgopmifmokhejofbmgdabapoefl/
01-11 11:11:19.279 21597 21597 I chromium: [INFO:instant_service.cc(283)] [Kiwi] InstantService::SearchComplete - found extension: chrome-extension://nkbihfbeogaeaoehlefnkodbefgpgknn/
01-11 11:11:19.279 21597 21597 I chromium: [INFO:instant_service.cc(296)] [Kiwi] InstantService::SearchComplete - sort extension: chrome-extension://nkbihfbeogaeaoehlefnkodbefgpgknn/
01-11 11:11:19.279 21597 21597 I chromium: [INFO:instant_service.cc(296)] [Kiwi] InstantService::SearchComplete - sort extension: chrome-extension://jkpbgdgopmifmokhejofbmgdabapoefl/
01-11 11:11:19.279 21597 21597 I chromium: [INFO:instant_service.cc(334)] [Kiwi] InstantService::NotifyAboutMostVisitedInfo
