01-11 11:11:39.158 21597 21597 I chromium: [INFO:autocomplete_controller.cc(882)] Cg ProviderMatch providerName=HistoryQuick,match.content=app.uniswap.org, match.desc=,image_url=,relevance=793
01-11 11:11:39.158 21597 21597 I chromium: [INFO:autocomplete_controller.cc(882)] Cg ProviderMatch providerName=Search,match.content=uni, match.desc=,image_url=,relevance=1300
01-11 11:11:39.158 21597 21597 I chromium: [INFO:autocomplete_result.cc(264)] Cg AutocompleteResult::SortAndCull old match url=https://app.uniswap.org/
01-11 11:11:39.158 21597 21597 I chromium: [INFO:autocomplete_result.cc(264)] Cg AutocompleteResult::SortAndCull old match url=https://app.uniswap.org/
01-11 11:11:39.158 21597 21597 I chromium: [INFO:autocomplete_result.cc(264)] Cg AutocompleteResult::SortAndCull old match url=https://www.google.com/search?q=uni&sourceid=chrome-mobile&ie=UTF-8
01-11 11:11:39.158 21597 21597 I chromium: [INFO:autocomplete_result.cc(403)] Cg AutocompleteResult::SortAndCull new match url=https://app.uniswap.org/
01-11 11:11:39.158 21597 21597 I chromium: [INFO:autocomplete_result.cc(403)] Cg AutocompleteResult::SortAndCull new match url=https://www.google.com/search?q=uni&sourceid=chrome-mobile&ie=UTF-8
01-11 11:11:39.158 21597 21597 I chromium: [INFO:autocomplete_result.cc(264)] Cg AutocompleteResult::SortAndCull old match url=https://app.uniswap.org/
01-11 11:11:39.158 21597 21597 I chromium: [INFO:autocomplete_result.cc(264)] Cg AutocompleteResult::SortAndCull old match url=https://www.google.com/search?q=uni&sourceid=chrome-mobile&ie=UTF-8
01-11 11:11:39.158 21597 21597 I chromium: [INFO:autocomplete_result.cc(264)] Cg AutocompleteResult::SortAndCull old match url=https://compound.finance/
01-11 11:11:39.159 21597 21597 I chromium: [INFO:autocomplete_result.cc(264)] Cg AutocompleteResult::SortAndCull old match url=https://unn.finance/
01-11 11:11:39.159 21597 21597 I chromium: [INFO:autocomplete_result.cc(403)] Cg AutocompleteResult::SortAndCull new match url=https://app.uniswap.org/
01-11 11:11:39.159 21597 21597 I chromium: [INFO:autocomplete_result.cc(403)] Cg AutocompleteResult::SortAndCull new match url=https://unn.finance/
01-11 11:11:39.159 21597 21597 I chromium: [INFO:autocomplete_result.cc(403)] Cg AutocompleteResult::SortAndCull new match url=https://compound.finance/
01-11 11:11:39.159 21597 21597 I chromium: [INFO:autocomplete_result.cc(403)] Cg AutocompleteResult::SortAndCull new match url=https://www.google.com/search?q=uni&sourceid=chrome-mobile&ie=UTF-8
01-11 11:11:39.388 21720 22393 I chromium: [INFO:route_selection_group.cc(134)] StartRouteSelectiontt_webview:===== before StartRouteTest, this = 0x745647ff10
01-11 11:11:39.391 21720 22393 I chromium: [INFO:host_resolver_manager.cc(4375)] IsDomainInWhiteList:== Is TT Domain, domain is search5-search-lq.toutiaoapi.com, regex pattern is toutiaoapi.com
01-11 11:11:39.392 21720 22393 I chromium: [INFO:host_resolver_manager.cc(4388)] IsDomainHttpDnsBypassed: host is bypassed the httpdns, domain = dig.bdurl.net, regex pattern = dig.bdurl.net
01-11 11:11:39.393 21720 22386 I chromium: [INFO:tt_multinetwork_manager_sub.cc(96)] Resolve failed: multinetwork not enable.
01-11 11:11:39.393 21720 22386 E chromium: [ERROR:tt_multinetwork_manager.cc(113)] TryResolveHostWithCellularNetwork Use system default local host resolver.
01-11 11:11:39.396 21720 22393 I chromium: [INFO:tt_multinetwork_manager.cc(83)] Bind failed: state -1
01-11 11:11:39.396 21720 22393 W chromium: [WARNING:tcp_client_socket.cc(627)] OpenSocketFailed to bind socket 402 to cellular network. rv: 0
01-11 11:11:39.425 21720 22377 E chromium: [ERROR:scc_database_manager.cc(410)] Rules for blacklist domain is empty
01-11 11:11:39.658 21597 21597 I chromium: [INFO:autocomplete_controller.cc(882)] Cg ProviderMatch providerName=Search,match.content=app.uniswap.org, match.desc=,image_url=,relevance=13383
01-11 11:11:39.658 21597 21597 I chromium: [INFO:autocomplete_controller.cc(882)] Cg ProviderMatch providerName=HistoryQuick,match.content=app.uniswap.org, match.desc=,image_url=,relevance=793
01-11 11:11:39.658 21597 21597 I chromium: [INFO:autocomplete_controller.cc(882)] Cg ProviderMatch providerName=Search,match.content=uni, match.desc=,image_url=,relevance=1300
01-11 11:11:39.659 21597 21597 I chromium: [INFO:autocomplete_result.cc(264)] Cg AutocompleteResult::SortAndCull old match url=https://app.uniswap.org/
01-11 11:11:39.659 21597 21597 I chromium: [INFO:autocomplete_result.cc(264)] Cg AutocompleteResult::SortAndCull old match url=https://app.uniswap.org/
01-11 11:11:39.659 21597 21597 I chromium: [INFO:autocomplete_result.cc(264)] Cg AutocompleteResult::SortAndCull old match url=https://www.google.com/search?q=uni&sourceid=chrome-mobile&ie=UTF-8
01-11 11:11:39.659 21597 21597 I chromium: [INFO:autocomplete_result.cc(403)] Cg AutocompleteResult::SortAndCull new match url=https://app.uniswap.org/
01-11 11:11:39.659 21597 21597 I chromium: [INFO:autocomplete_result.cc(403)] Cg AutocompleteResult::SortAndCull new match url=https://www.google.com/search?q=uni&sourceid=chrome-mobile&ie=UTF-8
01-11 11:11:39.660 21597 21597 I chromium: [INFO:autocomplete_result.cc(264)] Cg AutocompleteResult::SortAndCull old match url=https://app.uniswap.org/
01-11 11:11:39.660 21597 21597 I chromium: [INFO:autocomplete_result.cc(264)] Cg AutocompleteResult::SortAndCull old match url=https://www.google.com/search?q=uni&sourceid=chrome-mobile&ie=UTF-8
01-11 11:11:39.660 21597 21597 I chromium: [INFO:autocomplete_result.cc(403)] Cg AutocompleteResult::SortAndCull new match url=https://app.uniswap.org/
01-11 11:11:39.660 21597 21597 I chromium: [INFO:autocomplete_result.cc(403)] Cg AutocompleteResult::SortAndCull new match url=https://www.google.com/search?q=uni&sourceid=chrome-mobile&ie=UTF-8
01-11 11:11:39.671 21720 22393 I chromium: [INFO:tt_multinetwork_manager.cc(83)] Bind failed: state -1
01-11 11:11:39.671 21720 22393 W chromium: [WARNING:tcp_client_socket.cc(627)] OpenSocketFailed to bind socket 409 to cellular network. rv: 0
01-11 11:11:39.858 21720 22393 I chromium: [INFO:route_selection_group.cc(251)] OnGroupSelectionCompleted:===== best_target = https://search5-search.toutiaoapi.com
01-11 11:11:39.860 21720 22393 I chromium: [INFO:route_selection_group.cc(134)] StartRouteSelectiontt_webview:===== before StartRouteTest, this = 0x7456498f90
01-11 11:11:39.863 21720 22393 I chromium: [INFO:host_resolver_manager.cc(4375)] IsDomainInWhiteList:== Is TT Domain, domain is api5-normal-hl.toutiaoapi.com, regex pattern is toutiaoapi.com
01-11 11:11:40.030 21720 22393 I chromium: [INFO:tt_multinetwork_manager.cc(83)] Bind failed: state -1
01-11 11:11:40.030 21720 22393 W chromium: [WARNING:udp_socket_posix.cc(219)] OpenFailed to bind socket 412 to cellular network. rv: 0
01-11 11:11:40.033 21720 22393 I chromium: [INFO:route_selection_group.cc(251)] OnGroupSelectionCompleted:===== best_target = https://api5-normal.toutiaoapi.com
01-11 11:11:40.035 21720 22393 I chromium: [INFO:route_selection_group.cc(134)] StartRouteSelectiontt_webview:===== before StartRouteTest, this = 0x745647df90
01-11 11:11:40.037 21720 22393 I chromium: [INFO:host_resolver_manager.cc(4375)] IsDomainInWhiteList:== Is TT Domain, domain is webcast5-wbnormal-hl.toutiaoapi.com, regex pattern is toutiaoapi.com
01-11 11:11:40.189 21720 22393 I chromium: [INFO:route_selection_group.cc(251)] OnGroupSelectionCompleted:===== best_target = https://webcast5-wbnormal.toutiaoapi.com
01-11 11:11:40.191 21720 22393 I chromium: [INFO:route_selection_group.cc(134)] StartRouteSelectiontt_webview:===== before StartRouteTest, this = 0x74564879b0
01-11 11:11:40.194 21720 22393 I chromium: [INFO:host_resolver_manager.cc(4375)] IsDomainInWhiteList:== Is TT Domain, domain is m.baike.com, regex pattern is .*\.baike\.com
01-11 11:11:40.283 21720 22393 I chromium: [INFO:tt_multinetwork_manager.cc(83)] Bind failed: state -1
01-11 11:11:40.284 21720 22393 W chromium: [WARNING:tcp_client_socket.cc(627)] OpenSocketFailed to bind socket 412 to cellular network. rv: 0
01-11 11:11:40.478 21720 22393 I chromium: [INFO:route_selection_group.cc(251)] OnGroupSelectionCompleted:===== best_target = https://m.baike.com
01-11 11:11:45.804 21720 22393 I chromium: [INFO:conservative_dispatch_strategy.cc(113)] GetTargetURLtt_webview:==== replace host: search5-search.toutiaoapi.com
01-11 11:11:45.805 21720 22393 I chromium: [INFO:conservative_dispatch_strategy.cc(113)] GetTargetURLtt_webview:==== replace host: api5-normal.toutiaoapi.com
01-11 11:11:45.807 21720 22393 I chromium: [INFO:conservative_dispatch_strategy.cc(113)] GetTargetURLtt_webview:==== replace host: api5-normal.toutiaoapi.com
01-11 11:12:03.200  1662  9792 I ActivityManager: Killing 22625:site.mises.browser_default:sandboxed_process0:org.chromium.content.app.SandboxedProcessService0:4/u0a454i-8896 (adj 0): isolated not needed
01-11 11:12:09.804 21720 22393 I chromium: [INFO:conservative_dispatch_strategy.cc(113)] GetTargetURLtt_webview:==== replace host: search5-search.toutiaoapi.com
01-11 11:12:09.805 21720 22393 I chromium: [INFO:conservative_dispatch_strategy.cc(113)] GetTargetURLtt_webview:==== replace host: api5-normal.toutiaoapi.com
01-11 11:12:09.806 21720 22393 I chromium: [INFO:conservative_dispatch_strategy.cc(76)] GetTargetURLtt_webview:==== host api5-normal.toutiaoapi.com is forbidden: 1
01-11 11:12:09.807 21720 22393 I chromium: [INFO:conservative_dispatch_strategy.cc(113)] GetTargetURLtt_webview:==== replace host: api3-normal.toutiaoapi.com
01-11 11:12:09.807 21720 22393 I chromium: [INFO:tt_multinetwork_manager.cc(83)] Bind failed: state -1
01-11 11:12:09.807 21720 22393 W chromium: [WARNING:udp_socket_posix.cc(219)] OpenFailed to bind socket 237 to cellular network. rv: 0
01-11 11:12:09.811 21720 22393 I chromium: [INFO:host_resolver_manager.cc(4375)] IsDomainInWhiteList:== Is TT Domain, domain is api3-normal-hl.toutiaoapi.com, regex pattern is toutiaoapi.com
01-11 11:12:09.911 21720 22393 I chromium: [INFO:tt_multinetwork_manager.cc(83)] Bind failed: state -1
01-11 11:12:09.911 21720 22393 W chromium: [WARNING:tcp_client_socket.cc(627)] OpenSocketFailed to bind socket 237 to cellular network. rv: 0
01-11 11:12:20.199  4334  4429 I TestLog :  targetProcess:com.ss.android.article.news:sandboxed_process2 action:null targetClass:com.bytedance.org.chromium.content.app.SandboxedProcessService1 com.lestore.lpsdk.manager.e@3226799
01-11 11:12:20.199  4334  4429 I CK-TestLog: mSwitch = false checkClass = com.bytedance.org.chromium.content.app.SandboxedProcessService1
01-11 11:12:20.220  1662  1694 I ActivityManager: Start proc 22983:com.ss.android.article.news:sandboxed_process2/u0a121 for service {com.ss.android.article.news/com.bytedance.org.chromium.content.app.SandboxedProcessService1}
01-11 11:12:20.233 21597 21653 W chromium: [WARNING:child_process_launcher_helper_posix.cc(83)] Ignoring invalid file assets/snapshot_blob_32.bin
01-11 11:12:20.237  4334  4429 I TestLog :  targetProcess:site.mises.browser_default:sandboxed_process0:org.chromium.content.app.SandboxedProcessService0:6 action:null targetClass:org.chromium.content.app.SandboxedProcessService0 com.lestore.lpsdk.manager.e@3226799
01-11 11:12:20.237  4334  4429 I CK-TestLog: mSwitch = false checkClass = org.chromium.content.app.SandboxedProcessService0
01-11 11:12:20.258  1662  1694 I ActivityManager: Start proc 23002:site.mises.browser_default:sandboxed_process0:org.chromium.content.app.SandboxedProcessService0:6/u0ai106 for  {site.mises.browser_default/org.chromium.content.app.SandboxedProcessService0:6}
01-11 11:12:20.339 23002 23002 I cr_SplitCompatApp: Launched version=105.0.5195.24 minSdkVersion=23 isBundle=false processName=site.mises.browser_default:sandboxed_process0:org.chromium.content.app.SandboxedProcessService0:6 isIsolated=true
01-11 11:12:20.341 21720 21720 I WebViewChromium: TT_WEBVIEW_CHROMIUM com.bytedance.webview.chromium.WebViewChromium@bd92e67 addUa=TTWebView/0881130044404 bEnableAddUa=true
01-11 11:12:20.342 21720 21720 I TT_WEBVIEW: Initializing the com.bytedance.webview.chromium.glue.IWebViewExtension$PerformanceTimingListener nameToMethod map takes 0 milliseconds
01-11 11:12:20.343 21720 21720 E TT_WEBVIEW: 暂不支持重载: com.bytedance.webview.chromium.glue.TextSelectedEventListener::wait
01-11 11:12:20.343 21720 21720 E TT_WEBVIEW: 暂不支持重载: com.bytedance.webview.chromium.glue.TextSelectedEventListener::wait
01-11 11:12:20.343 21720 21720 I TT_WEBVIEW: Initializing the com.bytedance.webview.chromium.glue.TextSelectedEventListener nameToMethod map takes 0 milliseconds
01-11 11:12:20.343 21720 21720 I TT_WEBVIEW: Initializing the com.bytedance.webview.chromium.glue.IWebViewExtension$RenderProcessGoneListenerWrapper nameToMethod map takes 0 milliseconds
01-11 11:12:20.343 21720 21720 I TT_WEBVIEW: Initializing the com.bytedance.webview.chromium.glue.IWebViewExtension$TTSafeBrowsingListener nameToMethod map takes 0 milliseconds
01-11 11:12:20.344 21720 21720 I TT_WEBVIEW: Initializing the com.bytedance.webview.chromium.glue.IWebViewExtension$ResourceLoadListener nameToMethod map takes 0 milliseconds
01-11 11:12:20.344 21720 21720 E TT_WEBVIEW: 暂不支持重载: com.bytedance.webview.chromium.glue.TextSelectedEventListener::wait
01-11 11:12:20.344 21720 21720 E TT_WEBVIEW: 暂不支持重载: com.bytedance.webview.chromium.glue.TextSelectedEventListener::wait
01-11 11:12:20.344 21720 21720 I TT_WEBVIEW: Initializing the com.bytedance.webview.chromium.glue.TextSelectedEventListener nameToMethod map takes 0 milliseconds
01-11 11:12:20.347 21720 21720 I TT_WEBVIEW: Initializing the com.bytedance.webview.chromium.glue.IWebViewExtension$PlatformViewLayersScrollListener nameToMethod map takes 0 milliseconds
01-11 11:12:20.364 23002 23027 I chromium: [INFO:library_loader_hooks.cc(51)] Chromium logging enabled: level = 0, default verbosity = 0
01-11 11:12:20.366 23002 23027 W chromium: [WARNING:trace_startup_config.cc(260)] The trace config file does not exist.
01-11 11:12:20.372 23002 23027 I chromium: [INFO:chrome_main_delegate.cc(586)] [kiwi]ChromeMainDelegate::PostEarlyInitialization step-1
01-11 11:12:20.385 23002 23027 I chromium: [INFO:child_process_service.cc(69)] ChildProcessService: Exiting child process.
01-11 11:12:20.388  1662  4885 I ActivityManager: Killing 23002:site.mises.browser_default:sandboxed_process0:org.chromium.content.app.SandboxedProcessService0:6/u0a454i-8894 (adj 0): isolated not needed
01-11 11:12:20.389 21597 21653 W chromium: [WARNING:child_process_launcher_helper_posix.cc(83)] Ignoring invalid file assets/snapshot_blob_32.bin
01-11 11:12:20.393  4334  4429 I TestLog :  targetProcess:site.mises.browser_default:sandboxed_process0:org.chromium.content.app.SandboxedProcessService0:7 action:null targetClass:org.chromium.content.app.SandboxedProcessService0 com.lestore.lpsdk.manager.e@3226799
01-11 11:12:20.393  4334  4429 I CK-TestLog: mSwitch = false checkClass = org.chromium.content.app.SandboxedProcessService0
01-11 11:12:20.413  1662  1694 I ActivityManager: Start proc 23035:site.mises.browser_default:sandboxed_process0:org.chromium.content.app.SandboxedProcessService0:7/u0ai107 for  {site.mises.browser_default/org.chromium.content.app.SandboxedProcessService0:7}
01-11 11:12:20.451 21597 21597 W chromium: [WARNING:compositor_view.cc(342)] Child process died (type=6) pid=23002)
01-11 11:12:20.463 23035 23035 I cr_SplitCompatApp: Launched version=105.0.5195.24 minSdkVersion=23 isBundle=false processName=site.mises.browser_default:sandboxed_process0:org.chromium.content.app.SandboxedProcessService0:7 isIsolated=true
01-11 11:12:20.481 23035 23056 I chromium: [INFO:library_loader_hooks.cc(51)] Chromium logging enabled: level = 0, default verbosity = 0
01-11 11:12:20.484 23035 23056 W chromium: [WARNING:trace_startup_config.cc(260)] The trace config file does not exist.
01-11 11:12:20.489 23035 23056 I chromium: [INFO:chrome_main_delegate.cc(586)] [kiwi]ChromeMainDelegate::PostEarlyInitialization step-1
01-11 11:12:20.498 21597 21653 W chromium: [WARNING:child_process_launcher_helper_posix.cc(83)] Ignoring invalid file assets/snapshot_blob_32.bin
01-11 11:12:20.498 23035 23056 I chromium: [INFO:child_process_service.cc(69)] ChildProcessService: Exiting child process.
01-11 11:12:20.509  4334  4429 I TestLog :  targetProcess:site.mises.browser_default:sandboxed_process0:org.chromium.content.app.SandboxedProcessService0:8 action:null targetClass:org.chromium.content.app.SandboxedProcessService0 com.lestore.lpsdk.manager.e@3226799
01-11 11:12:20.509  4334  4429 I CK-TestLog: mSwitch = false checkClass = org.chromium.content.app.SandboxedProcessService0
01-11 11:12:20.510  1662 12148 I ActivityManager: Process site.mises.browser_default:sandboxed_process0:org.chromium.content.app.SandboxedProcessService0:7 (pid 23035) has died: vis BTOP
01-11 11:12:20.511 21597 21597 W chromium: [WARNING:compositor_view.cc(342)] Child process died (type=6) pid=23035)
01-11 11:12:20.511  1662 12148 W ActivityManager: Scheduling restart of crashed service site.mises.browser_default/org.chromium.content.app.SandboxedProcessService0:7 in 1000ms for connection
01-11 11:12:20.532  1662  1694 I ActivityManager: Start proc 23081:site.mises.browser_default:sandboxed_process0:org.chromium.content.app.SandboxedProcessService0:8/u0ai108 for  {site.mises.browser_default/org.chromium.content.app.SandboxedProcessService0:8}
01-11 11:12:20.550 22983 22983 I TT_WEBVIEW: Initializing the com.bytedance.webview.chromium.glue.sdk113.ISdkToGlueSdk113$RequestDiskCacheCallback nameToMethod map takes 0 milliseconds
01-11 11:12:20.579 23081 23081 I cr_SplitCompatApp: Launched version=105.0.5195.24 minSdkVersion=23 isBundle=false processName=site.mises.browser_default:sandboxed_process0:org.chromium.content.app.SandboxedProcessService0:8 isIsolated=true
01-11 11:12:20.585 22983 22983 E TT_WEBVIEW: 暂不支持重载: com.bytedance.webview.chromium.GlueToSdkWrapper::wait
01-11 11:12:20.585 22983 22983 E TT_WEBVIEW: 暂不支持重载: com.bytedance.webview.chromium.GlueToSdkWrapper::wait
01-11 11:12:20.586 22983 22983 I TT_WEBVIEW: Initializing the com.bytedance.webview.chromium.GlueToSdkWrapper nameToMethod map takes 1 milliseconds
01-11 11:12:20.594 23081 23105 I chromium: [INFO:library_loader_hooks.cc(51)] Chromium logging enabled: level = 0, default verbosity = 0
01-11 11:12:20.596 23081 23105 W chromium: [WARNING:trace_startup_config.cc(260)] The trace config file does not exist.
01-11 11:12:20.602 23081 23105 I chromium: [INFO:chrome_main_delegate.cc(586)] [kiwi]ChromeMainDelegate::PostEarlyInitialization step-1
01-11 11:12:20.612 23081 23105 I chromium: [INFO:child_process_service.cc(69)] ChildProcessService: Exiting child process.
01-11 11:12:20.616  1662  9792 I ActivityManager: Killing 23081:site.mises.browser_default:sandboxed_process0:org.chromium.content.app.SandboxedProcessService0:8/u0a454i-8892 (adj 0): isolated not needed
01-11 11:12:20.648 21597 21597 W chromium: [WARNING:compositor_view.cc(342)] Child process died (type=6) pid=23081)
01-11 11:12:20.724 22983 23131 W chromium: [WARNING:adblock_component_wrapper_cr.cc(273)] adblock cr init complete! (std::string) count time 0.00026 s
01-11 11:12:20.724 22983 23131 W chromium: [WARNING:aw_scc_renderer_client.cc(90)] EnableSccMatcherEngine parse explicit rules result: 1 , cost: 0.00047 s (ms)
01-11 11:12:20.724 22983 23131 W chromium: [WARNING:aw_scc_renderer_client.cc(99)] EnableSccMatcherEngine parse explicit webview host rules result: 0 , cost: 8e-06 s (ms)
01-11 11:12:20.727 22983 23131 W chromium: [WARNING:adblock_component_wrapper_cr.cc(273)] adblock cr init complete! (std::string) count time 0.002944 s
01-11 11:12:20.727 22983 23131 W chromium: [WARNING:aw_scc_renderer_client.cc(108)] EnableSccMatcherEngine parse implicit rules result: 1 , cost: 0.003151 s (ms)
01-11 11:12:20.727 22983 23131 W chromium: [WARNING:aw_scc_renderer_client.cc(117)] EnableSccMatcherEngine parse implicit webview host rules result: 0 , cost: 9e-06 s (ms)
01-11 11:12:21.268 21597 21653 W chromium: [WARNING:child_process_launcher_helper_posix.cc(83)] Ignoring invalid file assets/snapshot_blob_32.bin
01-11 11:12:21.275  4334  4429 I TestLog :  targetProcess:site.mises.browser_default:sandboxed_process0:org.chromium.content.app.SandboxedProcessService0:9 action:null targetClass:org.chromium.content.app.SandboxedProcessService0 com.lestore.lpsdk.manager.e@3226799
01-11 11:12:21.275  4334  4429 I CK-TestLog: mSwitch = false checkClass = org.chromium.content.app.SandboxedProcessService0
01-11 11:12:21.305  1662  1694 I ActivityManager: Start proc 23146:site.mises.browser_default:sandboxed_process0:org.chromium.content.app.SandboxedProcessService0:9/u0ai109 for  {site.mises.browser_default/org.chromium.content.app.SandboxedProcessService0:9}
01-11 11:12:21.354 23146 23146 I cr_SplitCompatApp: Launched version=105.0.5195.24 minSdkVersion=23 isBundle=false processName=site.mises.browser_default:sandboxed_process0:org.chromium.content.app.SandboxedProcessService0:9 isIsolated=true
01-11 11:12:21.370 23146 23165 I chromium: [INFO:library_loader_hooks.cc(51)] Chromium logging enabled: level = 0, default verbosity = 0
01-11 11:12:21.372 23146 23165 W chromium: [WARNING:trace_startup_config.cc(260)] The trace config file does not exist.
01-11 11:12:21.376 23146 23165 I chromium: [INFO:chrome_main_delegate.cc(586)] [kiwi]ChromeMainDelegate::PostEarlyInitialization step-1
01-11 11:12:21.390 21597 21653 W chromium: [WARNING:child_process_launcher_helper_posix.cc(83)] Ignoring invalid file assets/snapshot_blob_32.bin
01-11 11:12:21.391 23146 23165 I chromium: [INFO:child_process_service.cc(69)] ChildProcessService: Exiting child process.
01-11 11:12:21.394  4334  4429 I TestLog :  targetProcess:site.mises.browser_default:sandboxed_process0:org.chromium.content.app.SandboxedProcessService0:10 action:null targetClass:org.chromium.content.app.SandboxedProcessService0 com.lestore.lpsdk.manager.e@3226799
01-11 11:12:21.394  4334  4429 I CK-TestLog: mSwitch = false checkClass = org.chromium.content.app.SandboxedProcessService0
01-11 11:12:21.399  1662  9792 I ActivityManager: Killing 23146:site.mises.browser_default:sandboxed_process0:org.chromium.content.app.SandboxedProcessService0:9/u0a454i-8891 (adj 0): isolated not needed
01-11 11:12:21.416  1662  1694 I ActivityManager: Start proc 23172:site.mises.browser_default:sandboxed_process0:org.chromium.content.app.SandboxedProcessService0:10/u0ai110 for  {site.mises.browser_default/org.chromium.content.app.SandboxedProcessService0:10}
01-11 11:12:21.444 21597 21597 W chromium: [WARNING:compositor_view.cc(342)] Child process died (type=6) pid=23146)
01-11 11:12:21.466 23172 23172 I cr_SplitCompatApp: Launched version=105.0.5195.24 minSdkVersion=23 isBundle=false processName=site.mises.browser_default:sandboxed_process0:org.chromium.content.app.SandboxedProcessService0:10 isIsolated=true
01-11 11:12:21.485 23172 23191 I chromium: [INFO:library_loader_hooks.cc(51)] Chromium logging enabled: level = 0, default verbosity = 0
01-11 11:12:21.488 23172 23191 W chromium: [WARNING:trace_startup_config.cc(260)] The trace config file does not exist.
01-11 11:12:21.494 23172 23191 I chromium: [INFO:chrome_main_delegate.cc(586)] [kiwi]ChromeMainDelegate::PostEarlyInitialization step-1
01-11 11:12:21.507 23172 23191 I chromium: [INFO:child_process_service.cc(69)] ChildProcessService: Exiting child process.
01-11 11:12:21.509  1662  4885 I ActivityManager: Killing 23172:site.mises.browser_default:sandboxed_process0:org.chromium.content.app.SandboxedProcessService0:10/u0a454i-8890 (adj 0): isolated not needed
01-11 11:12:21.511 21597 21653 W chromium: [WARNING:child_process_launcher_helper_posix.cc(83)] Ignoring invalid file assets/snapshot_blob_32.bin
01-11 11:12:21.514  4334  4429 I TestLog :  targetProcess:site.mises.browser_default:sandboxed_process0:org.chromium.content.app.SandboxedProcessService0:11 action:null targetClass:org.chromium.content.app.SandboxedProcessService0 com.lestore.lpsdk.manager.e@3226799
01-11 11:12:21.514  4334  4429 I CK-TestLog: mSwitch = false checkClass = org.chromium.content.app.SandboxedProcessService0
01-11 11:12:21.534  1662  1694 I ActivityManager: Start proc 23197:site.mises.browser_default:sandboxed_process0:org.chromium.content.app.SandboxedProcessService0:11/u0ai111 for  {site.mises.browser_default/org.chromium.content.app.SandboxedProcessService0:11}
01-11 11:12:21.554 21597 21597 W chromium: [WARNING:compositor_view.cc(342)] Child process died (type=6) pid=23172)
01-11 11:12:21.596 23197 23197 I cr_SplitCompatApp: Launched version=105.0.5195.24 minSdkVersion=23 isBundle=false processName=site.mises.browser_default:sandboxed_process0:org.chromium.content.app.SandboxedProcessService0:11 isIsolated=true
01-11 11:12:21.611 23197 23219 I chromium: [INFO:library_loader_hooks.cc(51)] Chromium logging enabled: level = 0, default verbosity = 0
01-11 11:12:21.614 23197 23219 W chromium: [WARNING:trace_startup_config.cc(260)] The trace config file does not exist.
01-11 11:12:21.622 23197 23219 I chromium: [INFO:chrome_main_delegate.cc(586)] [kiwi]ChromeMainDelegate::PostEarlyInitialization step-1
01-11 11:12:21.632 23197 23219 I chromium: [INFO:child_process_service.cc(69)] ChildProcessService: Exiting child process.
01-11 11:12:21.637  1662  2323 I ActivityManager: Killing 23197:site.mises.browser_default:sandboxed_process0:org.chromium.content.app.SandboxedProcessService0:11/u0a454i-8889 (adj 0): isolated not needed
01-11 11:12:21.670 21597 21597 W chromium: [WARNING:compositor_view.cc(342)] Child process died (type=6) pid=23197)
01-11 11:12:33.805 21720 22393 I chromium: [INFO:conservative_dispatch_strategy.cc(113)] GetTargetURLtt_webview:==== replace host: search5-search.toutiaoapi.com
01-11 11:12:33.806 21720 22393 I chromium: [INFO:conservative_dispatch_strategy.cc(76)] GetTargetURLtt_webview:==== host api5-normal.toutiaoapi.com is forbidden: 1
01-11 11:12:33.807 21720 22393 I chromium: [INFO:conservative_dispatch_strategy.cc(113)] GetTargetURLtt_webview:==== replace host: api3-normal.toutiaoapi.com
01-11 11:12:33.808 21720 22393 I chromium: [INFO:tt_multinetwork_manager.cc(83)] Bind failed: state -1
01-11 11:12:33.808 21720 22393 W chromium: [WARNING:udp_socket_posix.cc(219)] OpenFailed to bind socket 237 to cellular network. rv: 0
01-11 11:12:33.811 21720 22393 I chromium: [INFO:host_resolver_manager.cc(4375)] IsDomainInWhiteList:== Is TT Domain, domain is api3-normal-hl.toutiaoapi.com, regex pattern is toutiaoapi.com
01-11 11:12:33.811 21720 22393 I chromium: [INFO:tt_multinetwork_manager.cc(83)] Bind failed: state -1
01-11 11:12:33.811 21720 22393 W chromium: [WARNING:tcp_client_socket.cc(627)] OpenSocketFailed to bind socket 237 to cellular network. rv: 0
01-11 11:12:33.814 21720 22393 I chromium: [INFO:conservative_dispatch_strategy.cc(76)] GetTargetURLtt_webview:==== host api5-normal.toutiaoapi.com is forbidden: 1
01-11 11:12:33.815 21720 22393 I chromium: [INFO:conservative_dispatch_strategy.cc(113)] GetTargetURLtt_webview:==== replace host: api3-normal.toutiaoapi.com
01-11 11:12:57.805 21720 22393 I chromium: [INFO:conservative_dispatch_strategy.cc(76)] GetTargetURLtt_webview:==== host search5-search.toutiaoapi.com is forbidden: 1
01-11 11:12:57.805 21720 22393 I chromium: [INFO:conservative_dispatch_strategy.cc(113)] GetTargetURLtt_webview:==== replace host: search3-search.toutiaoapi.com
01-11 11:12:57.806 21720 22393 I chromium: [INFO:tt_multinetwork_manager.cc(83)] Bind failed: state -1
01-11 11:12:57.806 21720 22393 W chromium: [WARNING:udp_socket_posix.cc(219)] OpenFailed to bind socket 183 to cellular network. rv: 0
01-11 11:12:57.810 21720 22393 I chromium: [INFO:host_resolver_manager.cc(4375)] IsDomainInWhiteList:== Is TT Domain, domain is search3-search-lq.toutiaoapi.com, regex pattern is toutiaoapi.com
01-11 11:12:57.812 21720 22393 I chromium: [INFO:conservative_dispatch_strategy.cc(76)] GetTargetURLtt_webview:==== host api5-normal.toutiaoapi.com is forbidden: 1
01-11 11:12:57.812 21720 22393 I chromium: [INFO:conservative_dispatch_strategy.cc(76)] GetTargetURLtt_webview:==== host api3-normal.toutiaoapi.com is forbidden: 1
01-11 11:12:57.812 21720 22393 I chromium: [INFO:conservative_dispatch_strategy.cc(113)] GetTargetURLtt_webview:==== replace host: api5-normal.toutiaoapi.com
01-11 11:12:57.813 21720 22393 I chromium: [INFO:conservative_dispatch_strategy.cc(76)] GetTargetURLtt_webview:==== host api5-normal.toutiaoapi.com is forbidden: 1
01-11 11:12:57.813 21720 22393 I chromium: [INFO:conservative_dispatch_strategy.cc(76)] GetTargetURLtt_webview:==== host api3-normal.toutiaoapi.com is forbidden: 1
01-11 11:12:57.813 21720 22393 I chromium: [INFO:conservative_dispatch_strategy.cc(113)] GetTargetURLtt_webview:==== replace host: api5-normal.toutiaoapi.com
01-11 11:12:57.899 21720 22393 I chromium: [INFO:tt_multinetwork_manager.cc(83)] Bind failed: state -1
01-11 11:12:57.899 21720 22393 W chromium: [WARNING:tcp_client_socket.cc(627)] OpenSocketFailed to bind socket 183 to cellular network. rv: 0
01-11 11:13:21.805 21720 22393 I chromium: [INFO:conservative_dispatch_strategy.cc(76)] GetTargetURLtt_webview:==== host search5-search.toutiaoapi.com is forbidden: 1
01-11 11:13:21.805 21720 22393 I chromium: [INFO:conservative_dispatch_strategy.cc(113)] GetTargetURLtt_webview:==== replace host: search3-search.toutiaoapi.com
01-11 11:13:21.806 21720 22393 I chromium: [INFO:tt_multinetwork_manager.cc(83)] Bind failed: state -1
01-11 11:13:21.807 21720 22393 W chromium: [WARNING:udp_socket_posix.cc(219)] OpenFailed to bind socket 183 to cellular network. rv: 0
01-11 11:13:21.809 21720 22393 I chromium: [INFO:host_resolver_manager.cc(4375)] IsDomainInWhiteList:== Is TT Domain, domain is search3-search-lq.toutiaoapi.com, regex pattern is toutiaoapi.com
01-11 11:13:21.810 21720 22393 I chromium: [INFO:tt_multinetwork_manager.cc(83)] Bind failed: state -1
01-11 11:13:21.810 21720 22393 W chromium: [WARNING:tcp_client_socket.cc(627)] OpenSocketFailed to bind socket 183 to cellular network. rv: 0
01-11 11:13:21.814 21720 22393 I chromium: [INFO:conservative_dispatch_strategy.cc(76)] GetTargetURLtt_webview:==== host api5-normal.toutiaoapi.com is forbidden: 1
01-11 11:13:21.814 21720 22393 I chromium: [INFO:conservative_dispatch_strategy.cc(76)] GetTargetURLtt_webview:==== host api3-normal.toutiaoapi.com is forbidden: 1
01-11 11:13:21.814 21720 22393 I chromium: [INFO:conservative_dispatch_strategy.cc(113)] GetTargetURLtt_webview:==== replace host: api5-normal.toutiaoapi.com
01-11 11:13:21.815 21720 22393 I chromium: [INFO:conservative_dispatch_strategy.cc(76)] GetTargetURLtt_webview:==== host api5-normal.toutiaoapi.com is forbidden: 1
01-11 11:13:21.816 21720 22393 I chromium: [INFO:conservative_dispatch_strategy.cc(76)] GetTargetURLtt_webview:==== host api3-normal.toutiaoapi.com is forbidden: 1
01-11 11:13:21.816 21720 22393 I chromium: [INFO:conservative_dispatch_strategy.cc(113)] GetTargetURLtt_webview:==== replace host: api5-normal.toutiaoapi.com
01-11 11:13:45.805 21720 22393 I chromium: [INFO:conservative_dispatch_strategy.cc(76)] GetTargetURLtt_webview:==== host search5-search.toutiaoapi.com is forbidden: 1
01-11 11:13:45.806 21720 22393 I chromium: [INFO:conservative_dispatch_strategy.cc(113)] GetTargetURLtt_webview:==== replace host: search3-search.toutiaoapi.com
01-11 11:13:45.807 21720 22393 I chromium: [INFO:tt_multinetwork_manager.cc(83)] Bind failed: state -1
01-11 11:13:45.807 21720 22393 W chromium: [WARNING:udp_socket_posix.cc(219)] OpenFailed to bind socket 183 to cellular network. rv: 0
01-11 11:13:45.811 21720 22393 I chromium: [INFO:host_resolver_manager.cc(4375)] IsDomainInWhiteList:== Is TT Domain, domain is search3-search-lq.toutiaoapi.com, regex pattern is toutiaoapi.com
01-11 11:13:45.812 21720 22393 I chromium: [INFO:tt_multinetwork_manager.cc(83)] Bind failed: state -1
01-11 11:13:45.812 21720 22393 W chromium: [WARNING:tcp_client_socket.cc(627)] OpenSocketFailed to bind socket 183 to cellular network. rv: 0
01-11 11:13:45.815 21720 22393 I chromium: [INFO:conservative_dispatch_strategy.cc(76)] GetTargetURLtt_webview:==== host api5-normal.toutiaoapi.com is forbidden: 1
01-11 11:13:45.815 21720 22393 I chromium: [INFO:conservative_dispatch_strategy.cc(76)] GetTargetURLtt_webview:==== host api3-normal.toutiaoapi.com is forbidden: 1
01-11 11:13:45.815 21720 22393 I chromium: [INFO:conservative_dispatch_strategy.cc(113)] GetTargetURLtt_webview:==== replace host: api5-normal.toutiaoapi.com
01-11 11:13:45.816 21720 22393 I chromium: [INFO:conservative_dispatch_strategy.cc(76)] GetTargetURLtt_webview:==== host api5-normal.toutiaoapi.com is forbidden: 1
01-11 11:13:45.816 21720 22393 I chromium: [INFO:conservative_dispatch_strategy.cc(76)] GetTargetURLtt_webview:==== host api3-normal.toutiaoapi.com is forbidden: 1
01-11 11:13:45.816 21720 22393 I chromium: [INFO:conservative_dispatch_strategy.cc(113)] GetTargetURLtt_webview:==== replace host: api5-normal.toutiaoapi.com
01-11 11:14:09.805 21720 22393 I chromium: [INFO:conservative_dispatch_strategy.cc(76)] GetTargetURLtt_webview:==== host search5-search.toutiaoapi.com is forbidden: 1
01-11 11:14:09.806 21720 22393 I chromium: [INFO:conservative_dispatch_strategy.cc(76)] GetTargetURLtt_webview:==== host search3-search.toutiaoapi.com is forbidden: 1
01-11 11:14:09.806 21720 22393 I chromium: [INFO:conservative_dispatch_strategy.cc(113)] GetTargetURLtt_webview:==== replace host: search5-search.toutiaoapi.com
01-11 11:14:09.808 21720 22393 I chromium: [INFO:conservative_dispatch_strategy.cc(76)] GetTargetURLtt_webview:==== host api5-normal.toutiaoapi.com is forbidden: 1
01-11 11:14:09.808 21720 22393 I chromium: [INFO:conservative_dispatch_strategy.cc(76)] GetTargetURLtt_webview:==== host api3-normal.toutiaoapi.com is forbidden: 1
01-11 11:14:09.808 21720 22393 I chromium: [INFO:conservative_dispatch_strategy.cc(113)] GetTargetURLtt_webview:==== replace host: api5-normal.toutiaoapi.com
01-11 11:14:09.809 21720 22393 I chromium: [INFO:conservative_dispatch_strategy.cc(76)] GetTargetURLtt_webview:==== host api5-normal.toutiaoapi.com is forbidden: 1
01-11 11:14:09.809 21720 22393 I chromium: [INFO:conservative_dispatch_strategy.cc(76)] GetTargetURLtt_webview:==== host api3-normal.toutiaoapi.com is forbidden: 1
01-11 11:14:09.809 21720 22393 I chromium: [INFO:conservative_dispatch_strategy.cc(113)] GetTargetURLtt_webview:==== replace host: api5-normal.toutiaoapi.com
01-11 11:14:33.806 21720 22393 I chromium: [INFO:conservative_dispatch_strategy.cc(76)] GetTargetURLtt_webview:==== host search5-search.toutiaoapi.com is forbidden: 1
01-11 11:14:33.806 21720 22393 I chromium: [INFO:conservative_dispatch_strategy.cc(76)] GetTargetURLtt_webview:==== host search3-search.toutiaoapi.com is forbidden: 1
01-11 11:14:33.806 21720 22393 I chromium: [INFO:conservative_dispatch_strategy.cc(113)] GetTargetURLtt_webview:==== replace host: search5-search.toutiaoapi.com
01-11 11:14:33.808 21720 22393 I chromium: [INFO:conservative_dispatch_strategy.cc(76)] GetTargetURLtt_webview:==== host api5-normal.toutiaoapi.com is forbidden: 1
01-11 11:14:33.808 21720 22393 I chromium: [INFO:conservative_dispatch_strategy.cc(76)] GetTargetURLtt_webview:==== host api3-normal.toutiaoapi.com is forbidden: 1
01-11 11:14:33.808 21720 22393 I chromium: [INFO:conservative_dispatch_strategy.cc(113)] GetTargetURLtt_webview:==== replace host: api5-normal.toutiaoapi.com
01-11 11:14:33.809 21720 22393 I chromium: [INFO:conservative_dispatch_strategy.cc(76)] GetTargetURLtt_webview:==== host api5-normal.toutiaoapi.com is forbidden: 1
01-11 11:14:33.809 21720 22393 I chromium: [INFO:conservative_dispatch_strategy.cc(76)] GetTargetURLtt_webview:==== host api3-normal.toutiaoapi.com is forbidden: 1
01-11 11:14:33.809 21720 22393 I chromium: [INFO:conservative_dispatch_strategy.cc(113)] GetTargetURLtt_webview:==== replace host: api5-normal.toutiaoapi.com
01-11 11:14:57.806 21720 22393 I chromium: [INFO:conservative_dispatch_strategy.cc(76)] GetTargetURLtt_webview:==== host search5-search.toutiaoapi.com is forbidden: 1
01-11 11:14:57.806 21720 22393 I chromium: [INFO:conservative_dispatch_strategy.cc(76)] GetTargetURLtt_webview:==== host search3-search.toutiaoapi.com is forbidden: 1
01-11 11:14:57.806 21720 22393 I chromium: [INFO:conservative_dispatch_strategy.cc(113)] GetTargetURLtt_webview:==== replace host: search5-search.toutiaoapi.com
01-11 11:14:57.808 21720 22393 I chromium: [INFO:tt_multinetwork_manager.cc(83)] Bind failed: state -1
01-11 11:14:57.808 21720 22393 W chromium: [WARNING:udp_socket_posix.cc(219)] OpenFailed to bind socket 183 to cellular network. rv: 0
01-11 11:14:57.811 21720 22393 I chromium: [INFO:host_resolver_manager.cc(4375)] IsDomainInWhiteList:== Is TT Domain, domain is search5-search-lq.toutiaoapi.com, regex pattern is toutiaoapi.com
01-11 11:14:57.811 21720 22393 I chromium: [INFO:tt_multinetwork_manager.cc(83)] Bind failed: state -1
01-11 11:14:57.811 21720 22393 W chromium: [WARNING:tcp_client_socket.cc(627)] OpenSocketFailed to bind socket 183 to cellular network. rv: 0
01-11 11:14:57.815 21720 22393 I chromium: [INFO:conservative_dispatch_strategy.cc(76)] GetTargetURLtt_webview:==== host api5-normal.toutiaoapi.com is forbidden: 1
01-11 11:14:57.815 21720 22393 I chromium: [INFO:conservative_dispatch_strategy.cc(76)] GetTargetURLtt_webview:==== host api3-normal.toutiaoapi.com is forbidden: 1
01-11 11:14:57.815 21720 22393 I chromium: [INFO:conservative_dispatch_strategy.cc(113)] GetTargetURLtt_webview:==== replace host: api5-normal.toutiaoapi.com
01-11 11:14:57.816 21720 22393 I chromium: [INFO:host_resolver_manager.cc(4375)] IsDomainInWhiteList:== Is TT Domain, domain is api5-normal-hl.toutiaoapi.com, regex pattern is toutiaoapi.com
01-11 11:14:57.817 21720 22393 I chromium: [INFO:tt_multinetwork_manager.cc(83)] Bind failed: state -1
01-11 11:14:57.817 21720 22393 W chromium: [WARNING:tcp_client_socket.cc(627)] OpenSocketFailed to bind socket 263 to cellular network. rv: 0
01-11 11:14:57.819 21720 22393 I chromium: [INFO:conservative_dispatch_strategy.cc(76)] GetTargetURLtt_webview:==== host api5-normal.toutiaoapi.com is forbidden: 1
01-11 11:14:57.819 21720 22393 I chromium: [INFO:conservative_dispatch_strategy.cc(76)] GetTargetURLtt_webview:==== host api3-normal.toutiaoapi.com is forbidden: 1
01-11 11:14:57.819 21720 22393 I chromium: [INFO:conservative_dispatch_strategy.cc(113)] GetTargetURLtt_webview:==== replace host: api5-normal.toutiaoapi.com
01-11 11:15:21.806 21720 22393 I chromium: [INFO:conservative_dispatch_strategy.cc(76)] GetTargetURLtt_webview:==== host search5-search.toutiaoapi.com is forbidden: 1
01-11 11:15:21.807 21720 22393 I chromium: [INFO:conservative_dispatch_strategy.cc(76)] GetTargetURLtt_webview:==== host search3-search.toutiaoapi.com is forbidden: 1
01-11 11:15:21.807 21720 22393 I chromium: [INFO:conservative_dispatch_strategy.cc(113)] GetTargetURLtt_webview:==== replace host: search5-search.toutiaoapi.com
01-11 11:15:21.809 21720 22393 I chromium: [INFO:tt_multinetwork_manager.cc(83)] Bind failed: state -1
01-11 11:15:21.809 21720 22393 W chromium: [WARNING:udp_socket_posix.cc(219)] OpenFailed to bind socket 183 to cellular network. rv: 0
01-11 11:15:21.813 21720 22393 I chromium: [INFO:host_resolver_manager.cc(4375)] IsDomainInWhiteList:== Is TT Domain, domain is search5-search-lq.toutiaoapi.com, regex pattern is toutiaoapi.com
01-11 11:15:21.814 21720 22393 I chromium: [INFO:tt_multinetwork_manager.cc(83)] Bind failed: state -1
01-11 11:15:21.814 21720 22393 W chromium: [WARNING:tcp_client_socket.cc(627)] OpenSocketFailed to bind socket 183 to cellular network. rv: 0
01-11 11:15:21.816 21720 22393 I chromium: [INFO:conservative_dispatch_strategy.cc(76)] GetTargetURLtt_webview:==== host api5-normal.toutiaoapi.com is forbidden: 1
01-11 11:15:21.816 21720 22393 I chromium: [INFO:conservative_dispatch_strategy.cc(76)] GetTargetURLtt_webview:==== host api3-normal.toutiaoapi.com is forbidden: 1
01-11 11:15:21.816 21720 22393 I chromium: [INFO:conservative_dispatch_strategy.cc(113)] GetTargetURLtt_webview:==== replace host: api5-normal.toutiaoapi.com
01-11 11:15:21.818 21720 22393 I chromium: [INFO:host_resolver_manager.cc(4375)] IsDomainInWhiteList:== Is TT Domain, domain is api5-normal-hl.toutiaoapi.com, regex pattern is toutiaoapi.com
01-11 11:15:21.819 21720 22393 I chromium: [INFO:tt_multinetwork_manager.cc(83)] Bind failed: state -1
01-11 11:15:21.819 21720 22393 W chromium: [WARNING:tcp_client_socket.cc(627)] OpenSocketFailed to bind socket 263 to cellular network. rv: 0
01-11 11:15:21.821 21720 22393 I chromium: [INFO:conservative_dispatch_strategy.cc(76)] GetTargetURLtt_webview:==== host api5-normal.toutiaoapi.com is forbidden: 1
01-11 11:15:21.821 21720 22393 I chromium: [INFO:conservative_dispatch_strategy.cc(76)] GetTargetURLtt_webview:==== host api3-normal.toutiaoapi.com is forbidden: 1
01-11 11:15:21.821 21720 22393 I chromium: [INFO:conservative_dispatch_strategy.cc(113)] GetTargetURLtt_webview:==== replace host: api5-normal.toutiaoapi.com
01-11 11:15:45.807 21720 22393 I chromium: [INFO:conservative_dispatch_strategy.cc(76)] GetTargetURLtt_webview:==== host search5-search.toutiaoapi.com is forbidden: 1
01-11 11:15:45.807 21720 22393 I chromium: [INFO:conservative_dispatch_strategy.cc(76)] GetTargetURLtt_webview:==== host search3-search.toutiaoapi.com is forbidden: 1
01-11 11:15:45.807 21720 22393 I chromium: [INFO:conservative_dispatch_strategy.cc(113)] GetTargetURLtt_webview:==== replace host: search5-search.toutiaoapi.com
01-11 11:15:45.809 21720 22393 I chromium: [INFO:tt_multinetwork_manager.cc(83)] Bind failed: state -1
01-11 11:15:45.809 21720 22393 W chromium: [WARNING:udp_socket_posix.cc(219)] OpenFailed to bind socket 183 to cellular network. rv: 0
01-11 11:15:45.813 21720 22393 I chromium: [INFO:host_resolver_manager.cc(4375)] IsDomainInWhiteList:== Is TT Domain, domain is search5-search-lq.toutiaoapi.com, regex pattern is toutiaoapi.com
01-11 11:15:45.813 21720 22393 I chromium: [INFO:tt_multinetwork_manager.cc(83)] Bind failed: state -1
01-11 11:15:45.813 21720 22393 W chromium: [WARNING:tcp_client_socket.cc(627)] OpenSocketFailed to bind socket 183 to cellular network. rv: 0
01-11 11:15:45.816 21720 22393 I chromium: [INFO:conservative_dispatch_strategy.cc(76)] GetTargetURLtt_webview:==== host api5-normal.toutiaoapi.com is forbidden: 1
01-11 11:15:45.816 21720 22393 I chromium: [INFO:conservative_dispatch_strategy.cc(76)] GetTargetURLtt_webview:==== host api3-normal.toutiaoapi.com is forbidden: 1
01-11 11:15:45.816 21720 22393 I chromium: [INFO:conservative_dispatch_strategy.cc(113)] GetTargetURLtt_webview:==== replace host: api5-normal.toutiaoapi.com
01-11 11:15:45.818 21720 22393 I chromium: [INFO:host_resolver_manager.cc(4375)] IsDomainInWhiteList:== Is TT Domain, domain is api5-normal-hl.toutiaoapi.com, regex pattern is toutiaoapi.com
01-11 11:15:45.818 21720 22393 I chromium: [INFO:tt_multinetwork_manager.cc(83)] Bind failed: state -1
01-11 11:15:45.818 21720 22393 W chromium: [WARNING:tcp_client_socket.cc(627)] OpenSocketFailed to bind socket 261 to cellular network. rv: 0
01-11 11:15:45.821 21720 22393 I chromium: [INFO:conservative_dispatch_strategy.cc(76)] GetTargetURLtt_webview:==== host api5-normal.toutiaoapi.com is forbidden: 1
01-11 11:15:45.821 21720 22393 I chromium: [INFO:conservative_dispatch_strategy.cc(76)] GetTargetURLtt_webview:==== host api3-normal.toutiaoapi.com is forbidden: 1
01-11 11:15:45.821 21720 22393 I chromium: [INFO:conservative_dispatch_strategy.cc(113)] GetTargetURLtt_webview:==== replace host: api5-normal.toutiaoapi.com
01-11 11:16:07.720 21112 21112 W Finsky  : [2] jhf.a(1): Self-update check failed with error: com.android.volley.NoConnectionError: org.chromium.net.impl.NetworkExceptionImpl: Exception in CronetUrlRequest: net::ERR_CONNECTION_TIMED_OUT, ErrorCode=6, InternalErrorCode=-118, Retryable=true
01-11 11:16:09.806 21720 22393 I chromium: [INFO:conservative_dispatch_strategy.cc(76)] GetTargetURLtt_webview:==== host search5-search.toutiaoapi.com is forbidden: 1
01-11 11:16:09.807 21720 22393 I chromium: [INFO:conservative_dispatch_strategy.cc(76)] GetTargetURLtt_webview:==== host search3-search.toutiaoapi.com is forbidden: 1
01-11 11:16:09.807 21720 22393 I chromium: [INFO:conservative_dispatch_strategy.cc(113)] GetTargetURLtt_webview:==== replace host: search5-search.toutiaoapi.com
01-11 11:16:09.808 21720 22393 I chromium: [INFO:tt_multinetwork_manager.cc(83)] Bind failed: state -1
01-11 11:16:09.808 21720 22393 W chromium: [WARNING:udp_socket_posix.cc(219)] OpenFailed to bind socket 183 to cellular network. rv: 0
01-11 11:16:09.810 21720 22393 I chromium: [INFO:host_resolver_manager.cc(4375)] IsDomainInWhiteList:== Is TT Domain, domain is search5-search-lq.toutiaoapi.com, regex pattern is toutiaoapi.com
01-11 11:16:09.811 21720 22393 I chromium: [INFO:tt_multinetwork_manager.cc(83)] Bind failed: state -1
01-11 11:16:09.811 21720 22393 W chromium: [WARNING:tcp_client_socket.cc(627)] OpenSocketFailed to bind socket 183 to cellular network. rv: 0
01-11 11:16:09.814 21720 22393 I chromium: [INFO:conservative_dispatch_strategy.cc(76)] GetTargetURLtt_webview:==== host api5-normal.toutiaoapi.com is forbidden: 1
01-11 11:16:09.814 21720 22393 I chromium: [INFO:conservative_dispatch_strategy.cc(76)] GetTargetURLtt_webview:==== host api3-normal.toutiaoapi.com is forbidden: 1
01-11 11:16:09.814 21720 22393 I chromium: [INFO:conservative_dispatch_strategy.cc(113)] GetTargetURLtt_webview:==== replace host: api5-normal.toutiaoapi.com
01-11 11:16:09.816 21720 22393 I chromium: [INFO:host_resolver_manager.cc(4375)] IsDomainInWhiteList:== Is TT Domain, domain is api5-normal-hl.toutiaoapi.com, regex pattern is toutiaoapi.com
01-11 11:16:09.816 21720 22393 I chromium: [INFO:tt_multinetwork_manager.cc(83)] Bind failed: state -1
01-11 11:16:09.816 21720 22393 W chromium: [WARNING:tcp_client_socket.cc(627)] OpenSocketFailed to bind socket 261 to cellular network. rv: 0
01-11 11:16:09.818 21720 22393 I chromium: [INFO:conservative_dispatch_strategy.cc(76)] GetTargetURLtt_webview:==== host api5-normal.toutiaoapi.com is forbidden: 1
01-11 11:16:09.818 21720 22393 I chromium: [INFO:conservative_dispatch_strategy.cc(76)] GetTargetURLtt_webview:==== host api3-normal.toutiaoapi.com is forbidden: 1
01-11 11:16:09.818 21720 22393 I chromium: [INFO:conservative_dispatch_strategy.cc(113)] GetTargetURLtt_webview:==== replace host: api5-normal.toutiaoapi.com
01-11 11:16:33.808 21720 22393 I chromium: [INFO:conservative_dispatch_strategy.cc(76)] GetTargetURLtt_webview:==== host search5-search.toutiaoapi.com is forbidden: 1
01-11 11:16:33.808 21720 22393 I chromium: [INFO:conservative_dispatch_strategy.cc(76)] GetTargetURLtt_webview:==== host search3-search.toutiaoapi.com is forbidden: 1
01-11 11:16:33.808 21720 22393 I chromium: [INFO:conservative_dispatch_strategy.cc(113)] GetTargetURLtt_webview:==== replace host: search5-search.toutiaoapi.com
01-11 11:16:33.810 21720 22393 I chromium: [INFO:tt_multinetwork_manager.cc(83)] Bind failed: state -1
01-11 11:16:33.810 21720 22393 W chromium: [WARNING:udp_socket_posix.cc(219)] OpenFailed to bind socket 183 to cellular network. rv: 0
01-11 11:16:33.814 21720 22393 I chromium: [INFO:host_resolver_manager.cc(4375)] IsDomainInWhiteList:== Is TT Domain, domain is search5-search-lq.toutiaoapi.com, regex pattern is toutiaoapi.com
01-11 11:16:33.815 21720 22393 I chromium: [INFO:tt_multinetwork_manager.cc(83)] Bind failed: state -1
01-11 11:16:33.815 21720 22393 W chromium: [WARNING:tcp_client_socket.cc(627)] OpenSocketFailed to bind socket 183 to cellular network. rv: 0
01-11 11:16:33.817 21720 22393 I chromium: [INFO:conservative_dispatch_strategy.cc(76)] GetTargetURLtt_webview:==== host api5-normal.toutiaoapi.com is forbidden: 1
01-11 11:16:33.817 21720 22393 I chromium: [INFO:conservative_dispatch_strategy.cc(76)] GetTargetURLtt_webview:==== host api3-normal.toutiaoapi.com is forbidden: 1
01-11 11:16:33.817 21720 22393 I chromium: [INFO:conservative_dispatch_strategy.cc(113)] GetTargetURLtt_webview:==== replace host: api5-normal.toutiaoapi.com
01-11 11:16:33.819 21720 22393 I chromium: [INFO:host_resolver_manager.cc(4375)] IsDomainInWhiteList:== Is TT Domain, domain is api5-normal-hl.toutiaoapi.com, regex pattern is toutiaoapi.com
01-11 11:16:33.819 21720 22393 I chromium: [INFO:tt_multinetwork_manager.cc(83)] Bind failed: state -1
01-11 11:16:33.819 21720 22393 W chromium: [WARNING:tcp_client_socket.cc(627)] OpenSocketFailed to bind socket 261 to cellular network. rv: 0
01-11 11:16:33.822 21720 22393 I chromium: [INFO:conservative_dispatch_strategy.cc(76)] GetTargetURLtt_webview:==== host api5-normal.toutiaoapi.com is forbidden: 1
01-11 11:16:33.823 21720 22393 I chromium: [INFO:conservative_dispatch_strategy.cc(76)] GetTargetURLtt_webview:==== host api3-normal.toutiaoapi.com is forbidden: 1
01-11 11:16:33.823 21720 22393 I chromium: [INFO:conservative_dispatch_strategy.cc(113)] GetTargetURLtt_webview:==== replace host: api5-normal.toutiaoapi.com
01-11 11:16:57.808 21720 22393 I chromium: [INFO:conservative_dispatch_strategy.cc(76)] GetTargetURLtt_webview:==== host search5-search.toutiaoapi.com is forbidden: 1
01-11 11:16:57.808 21720 22393 I chromium: [INFO:conservative_dispatch_strategy.cc(76)] GetTargetURLtt_webview:==== host search3-search.toutiaoapi.com is forbidden: 1
01-11 11:16:57.808 21720 22393 I chromium: [INFO:conservative_dispatch_strategy.cc(113)] GetTargetURLtt_webview:==== replace host: search5-search.toutiaoapi.com
01-11 11:16:57.811 21720 22393 I chromium: [INFO:tt_multinetwork_manager.cc(83)] Bind failed: state -1
01-11 11:16:57.811 21720 22393 W chromium: [WARNING:udp_socket_posix.cc(219)] OpenFailed to bind socket 183 to cellular network. rv: 0
